Component: ARM Compiler 5.06 update 6 (build 750) Tool: armlink [4d35ed]

==============================================================================

Section Cross References

    main.o(.text) refers to Stream.o(i._ZN4mbed6Stream6printfEPKcz) for mbed::Stream::printf(const char*, ...)
    main.o(.text) refers to main.o(i._ZN9BLEDevice16startAdvertisingEv) for BLEDevice::startAdvertising()
    main.o(.text) refers to assert.o(i.mbed_assert_internal) for mbed_assert_internal
    main.o(.text) refers to main.o(i._ZN4mbed6Ticker6attachEPFvvEf) for mbed::Ticker::attach(void(*)(), float)
    main.o(.text) refers to bledevice.o(.text) for BLEDevice::init()
    main.o(.text) refers to main.o(i._ZN16HeartRateServiceC1ER9BLEDevicehh) for HeartRateService::HeartRateService(BLEDevice&, unsigned char, unsigned char)
    main.o(.text) refers to main.o(i._ZN14BatteryServiceC1ER9BLEDeviceh) for BatteryService::BatteryService(BLEDevice&, unsigned char)
    main.o(.text) refers to main.o(i._ZN24DeviceInformationServiceC1ER9BLEDevicePKcS3_S3_S3_S3_S3_) for DeviceInformationService::DeviceInformationService(BLEDevice&, const char*, const char*, const char*, const char*, const char*, const char*)
    main.o(.text) refers to gapadvertisingdata.o(.text) for GapAdvertisingData::addFlags(unsigned char)
    main.o(.text) refers to main.o(i._ZN9BLEDevice28accumulateAdvertisingPayloadEN18GapAdvertisingData8DataTypeEPKhh) for BLEDevice::accumulateAdvertisingPayload(GapAdvertisingData::DataType, const unsigned char*, unsigned char)
    main.o(.text) refers to main.o(i._ZN16HeartRateService15updateHeartRateEh) for HeartRateService::updateHeartRate(unsigned char)
    main.o(.text) refers to bluenrgdevice.o(.text) for createBLEDeviceInstance()
    main.o(.text) refers to gapadvertisingparams.o(.text) for GapAdvertisingParams::GapAdvertisingParams(GapAdvertisingParams::AdvertisingType, unsigned short, unsigned short)
    main.o(.text) refers to aeabi_atexit.o(.text) for __aeabi_atexit
    main.o(.text) refers to memseta.o(.text) for __aeabi_memclr4
    main.o(.text) refers to gpio.o(i.gpio_init_out) for gpio_init_out
    main.o(.text) refers to main.o(i._ZN4mbed6TickerC1Ev) for mbed::Ticker::Ticker()
    main.o(.text) refers to utils.o(.bss) for pc
    main.o(.text) refers to main.o(.bss) for ble
    main.o(.text) refers to main.o(.data) for triggerSensorPolling
    main.o(.text) refers to main.o(.conststring) for .conststring
    main.o(.text) refers to main.o(.constdata) for uuid16_list
    main.o(.text) refers to main.o(i._ZN9BLEDeviceD1Ev) for BLEDevice::~BLEDevice()
    main.o(.text) refers to Ticker.o(i._ZN4mbed6TickerD1Ev) for mbed::Ticker::~Ticker()
    main.o(.ARM.exidx) refers to main.o(.text) for .text
    main.o(.init_array) refers to main.o(.text) for __sti___8_main_cpp_ble
    main.o(.init_array) refers to cpp_init.o(.text) for __cpp_initialize__aeabi_
    hci.o(.text) refers to list.o(.text) for list_init_head
    hci.o(.text) refers to bluenrg_shield_bsp.o(.text) for Disable_SPI_IRQ
    hci.o(.text) refers to btle.o(.text) for HCI_Event_CB
    hci.o(.text) refers to osal.o(.text) for Osal_MemCpy
    hci.o(.text) refers to gp_timer.o(.text) for Timer_Set
    hci.o(.text) refers to hci.o(.data) for hciReadPktPool
    hci.o(.text) refers to hci.o(.bss) for hciReadPacketBuffer
    hci.o(.text) refers to clock.o(.constdata) for CLOCK_SECOND
    bluenrg_shield_bsp.o(.text) refers to assert.o(i.mbed_assert_internal) for mbed_assert_internal
    bluenrg_shield_bsp.o(.text) refers to spi_api.o(i.spi_master_write) for spi_master_write
    bluenrg_shield_bsp.o(.text) refers to list.o(.text) for list_is_empty
    bluenrg_shield_bsp.o(.text) refers to hci.o(.text) for HCI_Input
    bluenrg_shield_bsp.o(.text) refers to spi_api.o(i.spi_init) for spi_init
    bluenrg_shield_bsp.o(.text) refers to gpio_irq_api.o(i.gpio_irq_init) for gpio_irq_init
    bluenrg_shield_bsp.o(.text) refers to gpio_irq_api.o(i.gpio_irq_set) for gpio_irq_set
    bluenrg_shield_bsp.o(.text) refers to gpio.o(i.gpio_init_in) for gpio_init_in
    bluenrg_shield_bsp.o(.text) refers to gpio_api.o(i.gpio_init) for gpio_init
    bluenrg_shield_bsp.o(.text) refers to gpio_api.o(i.gpio_mode) for gpio_mode
    bluenrg_shield_bsp.o(.text) refers to gpio_api.o(i.gpio_dir) for gpio_dir
    bluenrg_shield_bsp.o(.text) refers to gpio_irq_api.o(i.gpio_irq_enable) for gpio_irq_enable
    bluenrg_shield_bsp.o(.text) refers to gpio_irq_api.o(i.gpio_irq_disable) for gpio_irq_disable
    bluenrg_shield_bsp.o(.text) refers to gp_timer.o(.text) for Timer_Set
    bluenrg_shield_bsp.o(.text) refers to wait_api.o(i.wait_us) for wait_us
    bluenrg_shield_bsp.o(.text) refers to bluenrg_shield_bsp.o(.conststring) for .conststring
    bluenrg_shield_bsp.o(.text) refers to bluenrg_shield_bsp.o(.data) for user_button_pressed
    bluenrg_shield_bsp.o(.text) refers to bluenrg_shield_bsp.o(.bss) for gpio_pin_CS
    bluenrg_shield_bsp.o(.text) refers to hci.o(.data) for hciReadPktPool
[...]
    __rw::__rb_tree<unsigned short, std::pair<const unsigned short, unsigned short>, __rw::__select1st<std::pair<const unsigned short, unsigned short>, unsigned short>, std::less<unsigned short>, std::allocator<std::pair<const unsigned short, unsigned short>>>::_C_erase_leaf(__rw::__rw_rb_tree_node<std::allocator<std::pair<const unsigned short, unsigned short>>, std::pair<const unsigned short, unsigned short>, unsigned short, __rw::__select1st<std::pair<const unsigned short, unsigned short>, unsigned short>>*) 0x0800a8a3   Thumb Code   124  bluenrgdevice.o(t._ZN4__rw9__rb_treeItSt4pairIKttENS_11__select1stIS3_tEESt4lessItESaIS3_EE13_C_erase_leafEPNS_17__rw_rb_tree_nodeIS8_S3_tS5_EE)
    __rw::__rb_tree<unsigned short, std::pair<const unsigned short, unsigned short>, __rw::__select1st<std::pair<const unsigned short, unsigned short>, unsigned short>, std::less<unsigned short>, std::allocator<std::pair<const unsigned short, unsigned short>>>::__rotate_left(__rw::__rw_rb_tree_node<std::allocator<std::pair<const unsigned short, unsigned short>>, std::pair<const unsigned short, unsigned short>, unsigned short, __rw::__select1st<std::pair<const unsigned short, unsigned short>, unsigned short>>*) 0x0800a91f   Thumb Code   170  bluenrgdevice.o(t._ZN4__rw9__rb_treeItSt4pairIKttENS_11__select1stIS3_tEESt4lessItESaIS3_EE13__rotate_leftEPNS_17__rw_rb_tree_nodeIS8_S3_tS5_EE)
    __rw::__rb_tree<unsigned short, std::pair<const unsigned short, unsigned short>, __rw::__select1st<std::pair<const unsigned short, unsigned short>, unsigned short>, std::less<unsigned short>, std::allocator<std::pair<const unsigned short, unsigned short>>>::__rotate_right(__rw::__rw_rb_tree_node<std::allocator<std::pair<const unsigned short, unsigned short>>, std::pair<const unsigned short, unsigned short>, unsigned short, __rw::__select1st<std::pair<const unsigned short, unsigned short>, unsigned short>>*) 0x0800a9c9   Thumb Code   170  bluenrgdevice.o(t._ZN4__rw9__rb_treeItSt4pairIKttENS_11__select1stIS3_tEESt4lessItESaIS3_EE14__rotate_rightEPNS_17__rw_rb_tree_nodeIS8_S3_tS5_EE)
    __rw::__rb_tree<unsigned short, std::pair<const unsigned short, unsigned short>, __rw::__select1st<std::pair<const unsigned short, unsigned short>, unsigned short>, std::less<unsigned short>, std::allocator<std::pair<const unsigned short, unsigned short>>>::_C_add_new_buffer() 0x0800aa73   Thumb Code   108  bluenrgdevice.o(t._ZN4__rw9__rb_treeItSt4pairIKttENS_11__select1stIS3_tEESt4lessItESaIS3_EE17_C_add_new_bufferEv)
    __rw::__rb_tree<unsigned short, std::pair<const unsigned short, unsigned short>, __rw::__select1st<std::pair<const unsigned short, unsigned short>, unsigned short>, std::less<unsigned short>, std::allocator<std::pair<const unsigned short, unsigned short>>>::_C_deallocate_buffers() 0x0800aadf   Thumb Code    70  bluenrgdevice.o(t._ZN4__rw9__rb_treeItSt4pairIKttENS_11__select1stIS3_tEESt4lessItESaIS3_EE21_C_deallocate_buffersEv)
    __rw::__rb_tree<unsigned short, std::pair<const unsigned short, unsigned short>, __rw::__select1st<std::pair<const unsigned short, unsigned short>, unsigned short>, std::less<unsigned short>, std::allocator<std::pair<const unsigned short, unsigned short>>>::end() 0x0800ab25   Thumb Code    18  bluenrgdevice.o(t._ZN4__rw9__rb_treeItSt4pairIKttENS_11__select1stIS3_tEESt4lessItESaIS3_EE3endEv)
    __rw::__rb_tree<unsigned short, std::pair<const unsigned short, unsigned short>, __rw::__select1st<std::pair<const unsigned short, unsigned short>, unsigned short>, std::less<unsigned short>, std::allocator<std::pair<const unsigned short, unsigned short>>>::find(const unsigned short&) 0x0800ab37   Thumb Code   144  bluenrggattserver.o(t._ZN4__rw9__rb_treeItSt4pairIKttENS_11__select1stIS3_tEESt4lessItESaIS3_EE4findERS2_)
    __rw::__rb_tree<unsigned short, std::pair<const unsigned short, unsigned short>, __rw::__select1st<std::pair<const unsigned short, unsigned short>, unsigned short>, std::less<unsigned short>, std::allocator<std::pair<const unsigned short, unsigned short>>>::begin() 0x0800abc7   Thumb Code    26  bluenrgdevice.o(t._ZN4__rw9__rb_treeItSt4pairIKttENS_11__select1stIS3_tEESt4lessItESaIS3_EE5beginEv)
    __rw::__rb_tree<unsigned short, std::pair<const unsigned short, unsigned short>, __rw::__select1st<std::pair<const unsigned short, unsigned short>, unsigned short>, std::less<unsigned short>, std::allocator<std::pair<const unsigned short, unsigned short>>>::erase(__rw::__rw_tree_iter<std::pair<const unsigned short, unsigned short>, int, std::pair<const unsigned short, unsigned short>*, std::pair<const unsigned short, unsigned short>&, __rw::__rw_rb_tree_node<std::allocator<std::pair<const unsigned short, unsigned short>>, std::pair<const unsigned short, unsigned short>, unsigned short, __rw::__select1st<std::pair<const unsigned short, unsigned short>, unsigned short>>>) 0x0800abe1   Thumb Code  1554  bluenrgdevice.o(t._ZN4__rw9__rb_treeItSt4pairIKttENS_11__select1stIS3_tEESt4lessItESaIS3_EE5eraseENS_14__rw_tree_iterIS3_iPS3_RS3_NS_17__rw_rb_tree_nodeIS8_S3_tS5_EEEE)
    __rw::__rb_tree<unsigned short, std::pair<const unsigned short, unsigned short>, __rw::__select1st<std::pair<const unsigned short, unsigned short>, unsigned short>, std::less<unsigned short>, std::allocator<std::pair<const unsigned short, unsigned short>>>::erase(__rw::__rw_tree_iter<std::pair<const unsigned short, unsigned short>, int, std::pair<const unsigned short, unsigned short>*, std::pair<const unsigned short, unsigned short>&, __rw::__rw_rb_tree_node<std::allocator<std::pair<const unsigned short, unsigned short>>, std::pair<const unsigned short, unsigned short>, unsigned short, __rw::__select1st<std::pair<const unsigned short, unsigned short>, unsigned short>>>, __rw::__rw_tree_iter<std::pair<const unsigned short, unsigned short>, int, std::pair<const unsigned short, unsigned short>*, std::pair<const unsigned short, unsigned short>&, __rw::__rw_rb_tree_node<std::allocator<std::pair<const unsigned short, unsigned short>>, std::pair<const unsigned short, unsigned short>, unsigned short, __rw::__select1st<std::pair<const unsigned short, unsigned short>, unsigned short>>>) 0x0800b1f3   Thumb Code   200  bluenrgdevice.o(t._ZN4__rw9__rb_treeItSt4pairIKttENS_11__select1stIS3_tEESt4lessItESaIS3_EE5eraseENS_14__rw_tree_iterIS3_iPS3_RS3_NS_17__rw_rb_tree_nodeIS8_S3_tS5_EEEESF_)
    __rw::__rb_tree<unsigned short, std::pair<const unsigned short, unsigned short>, __rw::__select1st<std::pair<const unsigned short, unsigned short>, unsigned short>, std::less<unsigned short>, std::allocator<std::pair<const unsigned short, unsigned short>>>::insert(const std::pair<const unsigned short, unsigned short>&) 0x0800b2bb   Thumb Code   282  bluenrggattserver.o(t._ZN4__rw9__rb_treeItSt4pairIKttENS_11__select1stIS3_tEESt4lessItESaIS3_EE6insertERKS3_)
    __rw::__rb_tree<unsigned short, std::pair<const unsigned short, unsigned short>, __rw::__select1st<std::pair<const unsigned short, unsigned short>, unsigned short>, std::less<unsigned short>, std::allocator<std::pair<const unsigned short, unsigned short>>>::_C_erase(__rw::__rw_rb_tree_node<std::allocator<std::pair<const unsigned short, unsigned short>>, std::pair<const unsigned short, unsigned short>, unsigned short, __rw::__select1st<std::pair<const unsigned short, unsigned short>, unsigned short>>*) 0x0800b3d5   Thumb Code    56  bluenrgdevice.o(t._ZN4__rw9__rb_treeItSt4pairIKttENS_11__select1stIS3_tEESt4lessItESaIS3_EE8_C_eraseEPNS_17__rw_rb_tree_nodeIS8_S3_tS5_EE)
    __rw::__rb_tree<unsigned short, std::pair<const unsigned short, unsigned short>, __rw::__select1st<std::pair<const unsigned short, unsigned short>, unsigned short>, std::less<unsigned short>, std::allocator<std::pair<const unsigned short, unsigned short>>>::_C_insert(__rw::__rw_rb_tree_node<std::allocator<std::pair<const unsigned short, unsigned short>>, std::pair<const unsigned short, unsigned short>, unsigned short, __rw::__select1st<std::pair<const unsigned short, unsigned short>, unsigned short>>*, __rw::__rw_rb_tree_node<std::allocator<std::pair<const unsigned short, unsigned short>>, std::pair<const unsigned short, unsigned short>, unsigned short, __rw::__select1st<std::pair<const unsigned short, unsigned short>, unsigned short>>*, const std::pair<const unsigned short, unsigned short>&) 0x0800b40d   Thumb Code   760  bluenrggattserver.o(t._ZN4__rw9__rb_treeItSt4pairIKttENS_11__select1stIS3_tEESt4lessItESaIS3_EE9_C_insertEPNS_17__rw_rb_tree_nodeIS8_S3_tS5_EESC_RKS3_)
    __rw::__rb_tree<unsigned short, std::pair<const unsigned short, unsigned short>, __rw::__select1st<std::pair<const unsigned short, unsigned short>, unsigned short>, std::less<unsigned short>, std::allocator<std::pair<const unsigned short, unsigned short>>>::__rb_tree(const std::less<unsigned short>&, bool, const std::allocator<std::pair<const unsigned short, unsigned short>>&) 0x0800b705   Thumb Code    92  bluenrgdevice.o(t._ZN4__rw9__rb_treeItSt4pairIKttENS_11__select1stIS3_tEESt4lessItESaIS3_EEC1ERKS7_bRKS8_)
    __rw::__rb_tree<unsigned short, std::pair<const unsigned short, unsigned short>, __rw::__select1st<std::pair<const unsigned short, unsigned short>, unsigned short>, std::less<unsigned short>, std::allocator<std::pair<const unsigned short, unsigned short>>>::__rb_tree__sub_object(const std::less<unsigned short>&, bool, const std::allocator<std::pair<const unsigned short, unsigned short>>&) 0x0800b705   Thumb Code     0  bluenrgdevice.o(t._ZN4__rw9__rb_treeItSt4pairIKttENS_11__select1stIS3_tEESt4lessItESaIS3_EEC1ERKS7_bRKS8_)
    bool __rw::operator ==<std::pair<const unsigned short, unsigned short>, int, std::pair<const unsigned short, unsigned short>*, std::pair<const unsigned short, unsigned short>&, std::pair<const unsigned short, unsigned short>*, std::pair<const unsigned short, unsigned short>&, __rw::__rw_rb_tree_node<std::allocator<std::pair<const unsigned short, unsigned short>>, std::pair<const unsigned short, unsigned short>, unsigned short, __rw::__select1st<std::pair<const unsigned short, unsigned short>, unsigned short>>>(const __rw::__rw_tree_iter<T1, T2, T3, T4, T7>&, const __rw::__rw_tree_iter<T1, T2, T5, T6, T7>&) 0x0800b761   Thumb Code    18  bluenrgdevice.o(t._ZN4__rweqISt4pairIKttEiPS3_RS3_S4_S5_NS_17__rw_rb_tree_nodeISaIS3_ES3_tNS_11__select1stIS3_tEEEEEEbRKNS_14__rw_tree_iterIT_T0_T1_T2_T5_EERKNSB_ISC_SD_T3_T4_SG_EE)
    void mbed::FunctionPointerWithContext<const GattCharacteristicWriteCBParams*>::membercaller<HeartRateService>(void*, char*, const GattCharacteristicWriteCBParams*) 0x0800b773   Thumb Code    86  main.o(t._ZN4mbed26FunctionPointerWithContextIPK31GattCharacteristicWriteCBParamsE12membercallerI16HeartRateServiceEEvPvPcS3_)
    mbed::FunctionPointerWithContext<const GattCharacteristicWriteCBParams*>* mbed::CallChainOfFunctionPointersWithContext<const GattCharacteristicWriteCBParams*>::add<HeartRateService>(T1*, void(T1::*)(const GattCharacteristicWriteCBParams*)) 0x0800b7c9   Thumb Code    94  main.o(t._ZN4mbed38CallChainOfFunctionPointersWithContextIPK31GattCharacteristicWriteCBParamsE3addI16HeartRateServiceEEPNS_26FunctionPointerWithContextIS3_EEPT_MSA_FvS3_E)
    mbed::CallChainOfFunctionPointersWithContext<const GattCharacteristicWriteCBParams*>::~CallChainOfFunctionPointersWithContext() 0x0800b82d   Thumb Code    44  bluenrgdevice.o(t._ZN4mbed38CallChainOfFunctionPointersWithContextIPK31GattCharacteristicWriteCBParamsED1Ev)
    mbed::CallChainOfFunctionPointersWithContext<const GattCharacteristicWriteCBParams*>::~CallChainOfFunctionPointersWithContext__sub_object() 0x0800b82d   Thumb Code     0  bluenrgdevice.o(t._ZN4mbed38CallChainOfFunctionPointersWithContextIPK31GattCharacteristicWriteCBParamsED1Ev)
    __rw::__rw_tree_iter<std::pair<const unsigned short, unsigned short>, int, std::pair<const unsigned short, unsigned short>*, std::pair<const unsigned short, unsigned short>&, __rw::__rw_rb_tree_node<std::allocator<std::pair<const unsigned short, unsigned short>>, std::pair<const unsigned short, unsigned short>, unsigned short, __rw::__select1st<std::pair<const unsigned short, unsigned short>, unsigned short>>>::operator ->() const 0x0800b85d   Thumb Code    14  bluenrggattserver.o(t._ZNK4__rw14__rw_tree_iterISt4pairIKttEiPS3_RS3_NS_17__rw_rb_tree_nodeISaIS3_ES3_tNS_11__select1stIS3_tEEEEEptEv)
    __rw::__rb_tree<unsigned short, std::pair<const unsigned short, unsigned short>, __rw::__select1st<std::pair<const unsigned short, unsigned short>, unsigned short>, std::less<unsigned short>, std::allocator<std::pair<const unsigned short, unsigned short>>>::_C_leftmost() const 0x0800b86b   Thumb Code    12  bluenrgdevice.o(t._ZNK4__rw9__rb_treeItSt4pairIKttENS_11__select1stIS3_tEESt4lessItESaIS3_EE11_C_leftmostEv)
    __rw::__rb_tree<unsigned short, std::pair<const unsigned short, unsigned short>, __rw::__select1st<std::pair<const unsigned short, unsigned short>, unsigned short>, std::less<unsigned short>, std::allocator<std::pair<const unsigned short, unsigned short>>>::_C_rightmost() const 0x0800b877   Thumb Code    12  bluenrgdevice.o(t._ZNK4__rw9__rb_treeItSt4pairIKttENS_11__select1stIS3_tEESt4lessItESaIS3_EE12_C_rightmostEv)
    __rw::__rb_tree<unsigned short, std::pair<const unsigned short, unsigned short>, __rw::__select1st<std::pair<const unsigned short, unsigned short>, unsigned short>, std::less<unsigned short>, std::allocator<std::pair<const unsigned short, unsigned short>>>::_C_root() const 0x0800b883   Thumb Code    12  bluenrgdevice.o(t._ZNK4__rw9__rb_treeItSt4pairIKttENS_11__select1stIS3_tEESt4lessItESaIS3_EE7_C_rootEv)
    std::less<unsigned short>::operator ()(const unsigned short&, const unsigned short&) const 0x0800b88f   Thumb Code    20  bluenrggattserver.o(t._ZNKSt4lessItEclERKtS2_)
    std::messages<char>::do_get(int, int, int, const std::basic_string<char, std::char_traits<char>, std::allocator<char>>&) const 0x0800b8a5   Thumb Code   136  rwstdexcept.o(t._ZNKSt8messagesIcE6do_getEiiiRKSs)
    std::messages<char>::do_open(const std::basic_string<char, std::char_traits<char>, std::allocator<char>>&, const std::locale&) const 0x0800b935   Thumb Code     6  rwstdexcept.o(t._ZNKSt8messagesIcE7do_openERKSsRKSt6locale)
    std::basic_string<char, std::char_traits<char>, std::allocator<char>>::_C_allocate(unsigned, unsigned, unsigned) 0x0800b93b   Thumb Code    50  locale.o(t._ZNSs11_C_allocateEjjj)
    std::basic_string<char, std::char_traits<char>, std::allocator<char>>::replace(unsigned, unsigned, const char*, unsigned) 0x0800b96d   Thumb Code    24  locale.o(t._ZNSs7replaceEjjPKcj)
    std::basic_string<char, std::char_traits<char>, std::allocator<char>>::replace(unsigned, unsigned, const char*, unsigned, unsigned, unsigned) 0x0800b985   Thumb Code   352  char.o(t._ZNSs7replaceEjjPKcjjj)
    std::basic_string<char, std::char_traits<char>, std::allocator<char>>::_C_getRep(unsigned, unsigned) 0x0800baed   Thumb Code   108  char.o(t._ZNSs9_C_getRepEjj)
    std::basic_string<char, std::char_traits<char>, std::allocator<char>>::_C_unlink() 0x0800bb61   Thumb Code    66  char.o(t._ZNSs9_C_unlinkEv)
    std::basic_string<char, std::char_traits<char>, std::allocator<char>>::basic_string(const char*, const std::allocator<char>&) 0x0800bba9   Thumb Code    52  locale.o(t._ZNSsC1EPKcRKSaIcE)
    std::basic_string<char, std::char_traits<char>, std::allocator<char>>::basic_string__sub_object(const char*, const std::allocator<char>&) 0x0800bba9   Thumb Code     0  locale.o(t._ZNSsC1EPKcRKSaIcE)
    std::basic_string<char, std::char_traits<char>, std::allocator<char>>::basic_string(const std::allocator<char>&) 0x0800bbe1   Thumb Code    12  locale.o(t._ZNSsC1ERKSaIcE)
    std::basic_string<char, std::char_traits<char>, std::allocator<char>>::basic_string__sub_object(const std::allocator<char>&) 0x0800bbe1   Thumb Code     0  locale.o(t._ZNSsC1ERKSaIcE)
    std::basic_string<char, std::char_traits<char>, std::allocator<char>>::basic_string(const std::basic_string<char, std::char_traits<char>, std::allocator<char>>&) 0x0800bbf1   Thumb Code    62  char.o(t._ZNSsC1ERKSs)
    std::basic_string<char, std::char_traits<char>, std::allocator<char>>::basic_string__sub_object(const std::basic_string<char, std::char_traits<char>, std::allocator<char>>&) 0x0800bbf1   Thumb Code     0  char.o(t._ZNSsC1ERKSs)
    std::basic_string<char, std::char_traits<char>, std::allocator<char>>::~basic_string() 0x0800bc2f   Thumb Code    12  char.o(t._ZNSsD1Ev)
    std::basic_string<char, std::char_traits<char>, std::allocator<char>>::~basic_string__sub_object() 0x0800bc2f   Thumb Code     0  char.o(t._ZNSsD1Ev)
    std::basic_string<char, std::char_traits<char>, std::allocator<char>>::operator =(const char*) 0x0800bc3d   Thumb Code    70  locale.o(t._ZNSsaSEPKc)
    std::basic_string<char, std::char_traits<char>, std::allocator<char>>::operator =(const std::basic_string<char, std::char_traits<char>, std::allocator<char>>&) 0x0800bc89   Thumb Code    62  locale.o(t._ZNSsaSERKSs)
    std::map<unsigned short, unsigned short, std::less<unsigned short>, std::allocator<std::pair<const unsigned short, unsigned short>>>::find(const unsigned short&) 0x0800bcc7   Thumb Code    20  bluenrggattserver.o(t._ZNSt3mapIttSt4lessItESaISt4pairIKttEEE4findERS3_)
    std::pair<__rw::__rw_tree_iter<std::pair<const unsigned short, unsigned short>, int, std::pair<const unsigned short, unsigned short>*, std::pair<const unsigned short, unsigned short>&, __rw::__rw_rb_tree_node<std::allocator<std::pair<const unsigned short, unsigned short>>, std::pair<const unsigned short, unsigned short>, unsigned short, __rw::__select1st<std::pair<const unsigned short, unsigned short>, unsigned short>>>, bool>::pair(const __rw::__rw_tree_iter<std::pair<const unsigned short, unsigned short>, int, std::pair<const unsigned short, unsigned short>*, std::pair<const unsigned short, unsigned short>&, __rw::__rw_rb_tree_node<std::allocator<std::pair<const unsigned short, unsigned short>>, std::pair<const unsigned short, unsigned short>, unsigned short, __rw::__select1st<std::pair<const unsigned short, unsigned short>, unsigned short>>>&, const bool&) 0x0800bcdb   Thumb Code    26  bluenrggattserver.o(t._ZNSt4pairIN4__rw14__rw_tree_iterIS_IKttEiPS3_RS3_NS0_17__rw_rb_tree_nodeISaIS3_ES3_tNS0_11__select1stIS3_tEEEEEEbEC1ERKSB_RKb)
    std::pair<__rw::__rw_tree_iter<std::pair<const unsigned short, unsigned short>, int, std::pair<const unsigned short, unsigned short>*, std::pair<const unsigned short, unsigned short>&, __rw::__rw_rb_tree_node<std::allocator<std::pair<const unsigned short, unsigned short>>, std::pair<const unsigned short, unsigned short>, unsigned short, __rw::__select1st<std::pair<const unsigned short, unsigned short>, unsigned short>>>, bool>::pair__sub_object(const __rw::__rw_tree_iter<std::pair<const unsigned short, unsigned short>, int, std::pair<const unsigned short, unsigned short>*, std::pair<const unsigned short, unsigned short>&, __rw::__rw_rb_tree_node<std::allocator<std::pair<const unsigned short, unsigned short>>, std::pair<const unsigned short, unsigned short>, unsigned short, __rw::__select1st<std::pair<const unsigned short, unsigned short>, unsigned short>>>&, const bool&) 0x0800bcdb   Thumb Code     0  bluenrggattserver.o(t._ZNSt4pairIN4__rw14__rw_tree_iterIS_IKttEiPS3_RS3_NS0_17__rw_rb_tree_nodeISaIS3_ES3_tNS0_11__select1stIS3_tEEEEEEbEC1ERKSB_RKb)
    const T1& std::max<unsigned>(const T1&, const T1&) 0x0800bcf5   Thumb Code    12  char.o(t._ZSt3maxIjERKT_S2_S2_)
    CLOCK_SECOND                             0x0800bd1c   Data           4  clock.o(.constdata)
    APBAHBPrescTable                         0x0800bd30   Data          16  stm32f4xx_hal_rcc.o(.constdata)
    AHBPrescTable                            0x0800bd40   Data          16  system_stm32f4xx.o(.constdata)
    PinMap_UART_TX                           0x0800bfac   Data          72  PeripheralPins.o(.constdata)
    PinMap_UART_RX                           0x0800bff4   Data          72  PeripheralPins.o(.constdata)
    PinMap_SPI_MOSI                          0x0800c03c   Data          72  PeripheralPins.o(.constdata)
    PinMap_SPI_MISO                          0x0800c084   Data          72  PeripheralPins.o(.constdata)
    PinMap_SPI_SCLK                          0x0800c0cc   Data          72  PeripheralPins.o(.constdata)
    PinMap_SPI_SSEL                          0x0800c114   Data          60  PeripheralPins.o(.constdata)
    std::ctype<char>::_C_classic_table       0x0800c1ac   Data         512  char.o(.constdata)
    __ctype_table                            0x0800c3ac   Data         129  ctype_o.o(.constdata)
    vtable for BlueNRGGap                    0x0800c434   Data          56  bluenrggap.o(.constdata__ZTV10BlueNRGGap)
    vtable for GattServer                    0x0800c46c   Data          20  bluenrgdevice.o(.constdata__ZTV10GattServer)
    vtable for BlueNRGDevice                 0x0800c480   Data          44  bluenrgdevice.o(.constdata__ZTV13BlueNRGDevice)
    vtable for HeartRateService              0x0800c4ac   Data          12  main.o(.constdata__ZTV16HeartRateService)
    vtable for BlueNRGGattServer             0x0800c4b8   Data          20  bluenrggattserver.o(.constdata__ZTV17BlueNRGGattServer)
    vtable for GapAdvertisingData            0x0800c4cc   Data          16  gapadvertisingdata.o(.constdata__ZTV18GapAdvertisingData)
    vtable for GapAdvertisingParams          0x0800c4dc   Data          28  gapadvertisingparams.o(.constdata__ZTV20GapAdvertisingParams)
    vtable for BLEDeviceInstanceBase         0x0800c4f8   Data          36  bluenrgdevice.o(.constdata__ZTV21BLEDeviceInstanceBase)
    vtable for Gap                           0x0800c51c   Data          56  bluenrgdevice.o(.constdata__ZTV3Gap)
    vtable for UUID                          0x0800c554   Data          16  uuid.o(.constdata__ZTV4UUID)
    vtable for mbed::FileHandle              0x0800c564   Data          44  retarget.o(.constdata__ZTVN4mbed10FileHandleE)
    vtable for mbed::SerialBase              0x0800c590   Data          16  SerialBase.o(.constdata__ZTVN4mbed10SerialBaseE)
    vtable for mbed::TimerEvent              0x0800c5a0   Data          20  TimerEvent.o(.constdata__ZTVN4mbed10TimerEventE)
    vtable for mbed::CallChainOfFunctionPointersWithContext<const GattCharacteristicWriteCBParams*> 0x0800c5b4   Data          16  bluenrgdevice.o(.constdata__ZTVN4mbed38CallChainOfFunctionPointersWithContextIPK31GattCharacteristicWriteCBParamsEE)
    vtable for mbed::Serial                  0x0800c5c4   Data          92  Serial.o(.constdata__ZTVN4mbed6SerialE)
    vtable for mbed::Stream                  0x0800c620   Data          68  Stream.o(.constdata__ZTVN4mbed6StreamE)
    vtable for mbed::Ticker                  0x0800c664   Data          20  Ticker.o(.constdata__ZTVN4mbed6TickerE)
    vtable for mbed::FileBase                0x0800c678   Data          16  FileBase.o(.constdata__ZTVN4mbed8FileBaseE)
    vtable for mbed::FileLike                0x0800c688   Data          60  FileLike.o(.constdata__ZTVN4mbed8FileLikeE)
    vtable for std::locale::facet            0x0800c6c4   Data          20  rwstdexcept.o(.constdata__ZTVNSt6locale5facetE)
    vtable for std::ctype_byname<char>       0x0800c6d8   Data          52  char.o(.constdata__ZTVSt12ctype_bynameIcE)
    vtable for std::__rw_exception           0x0800c70c   Data          20  rwstdexcept.o(.constdata__ZTVSt14__rw_exception)
    vtable for std::ctype<char>              0x0800c720   Data          52  char.o(.constdata__ZTVSt5ctypeIcE)
    vtable for std::messages<char>           0x0800c754   Data          32  rwstdexcept.o(.constdata__ZTVSt8messagesIcE)
    vtable for std::exception                0x0800c774   Data          20  exception_dtor.o(.constdata__ZTVSt9exception)
    PayloadUnit::printDataAsString()::string 0x0800c788   Data           8  bluenrggap.o(.constdata__ZZN11PayloadUnit17printDataAsStringEvEs)
    PayloadUnit::printDataAsString()::string (instance 2) 0x0800c790   Data           3  bluenrggap.o(.constdata__ZZN11PayloadUnit17printDataAsStringEvEs_0)
    PayloadUnit::printDataAsString()::string (instance 3) 0x0800c793   Data           2  bluenrggap.o(.constdata__ZZN11PayloadUnit17printDataAsStringEvEs_1)
    __rw::__rw_locale_imp::_C_category_name(int) const::string 0x0800c795   Data           1  locale.o(.constdata__ZZNK4__rw15__rw_locale_imp16_C_category_nameEiEs)
    std::basic_string<char, std::char_traits<char>, std::allocator<char>>::replace(unsigned, unsigned, const char*, unsigned, unsigned, unsigned)::string 0x0800c796   Data           1  char.o(.constdata__ZZNSs7replaceEjjPKcjjjEs)
    std::basic_string<char, std::char_traits<char>, std::allocator<char>>::_C_getRep(unsigned, unsigned)::string 0x0800c797   Data           1  char.o(.constdata__ZZNSs9_C_getRepEjjEs)
    std::messages<char>::messages(unsigned)::string 0x0800c798   Data           2  rwstdexcept.o(.constdata__ZZNSt8messagesIcEC1EjEs)
    Region$$Table$$Base                      0x0800caec   Number         0  anon$$obj.o(Region$$Table)
    Region$$Table$$Limit                     0x0800cb0c   Number         0  anon$$obj.o(Region$$Table)
    SHT$$INIT_ARRAY$$Base                    0x0800cb0c   Number         0  main.o(.init_array)
    SHT$$INIT_ARRAY$$Limit                   0x0800cb24   Number         0  rwcats.o(.init_array)
    hciReadPktPool                           0x20000198   Data           8  hci.o(.data)
    hciReadPktRxQueue                        0x200001a0   Data           8  hci.o(.data)
    user_button_pressed                      0x200001b6   Data           1  bluenrg_shield_bsp.o(.data)
    local_name                               0x200001b8   Data           4  bluenrggap.o(.data)
    local_name_length                        0x200001bc   Data           1  bluenrggap.o(.data)
    scan_response_payload                    0x200001c0   Data           4  bluenrggap.o(.data)
    scan_rsp_length                          0x200001c4   Data           1  bluenrggap.o(.data)
    servUuidlength                           0x200001c5   Data           1  bluenrggap.o(.data)
    servUuidData                             0x200001c8   Data           4  bluenrggap.o(.data)
    advtInterval                             0x200001cc   Data           4  bluenrggap.o(.data)
    g_gap_service_handle                     0x200001d8   Data           2  btle.o(.data)
    g_appearance_char_handle                 0x200001da   Data           2  btle.o(.data)
    g_device_name_char_handle                0x200001dc   Data           2  btle.o(.data)
    set_connectable                          0x200001de   Data           1  btle.o(.data)
    PreviousVal                              0x200001e4   Data           4  hal_tick.o(.data)
    SystemCoreClock                          0x200001e8   Data           4  system_stm32f4xx.o(.data)
    stdio_uart_inited                        0x20000234   Data           4  serial_api.o(.data)
    mbed::FileBase::_head                    0x20000248   Data           4  FileBase.o(.data)
    ___stderr$base                           0x2000024c   Data           4  stderr.o(.data)
    std::ctype<char>::id                     0x20000278   Data           4  char.o(.data)
    std::ctype<wchar_t>::id                  0x2000027c   Data           4  char.o(.data)
    std::locale::_C_classic                  0x20000288   Data           4  locale.o(.data)
    std::locale::_C_native                   0x2000028c   Data           4  locale.o(.data)
    std::locale::_C_global                   0x20000290   Data           4  locale.o(.data)
    std::codecvt<char, char, std::__mbstate_t>::id 0x20000294   Data           4  locale.o(.data)
    std::codecvt<wchar_t, char, std::__mbstate_t>::id 0x20000298   Data           4  locale.o(.data)
    __rw_throw_proc                          0x2000029c   Data           4  rwthrowproc_noex.o(.data)
    __microlib_freelist                      0x200002a0   Data           4  mvars.o(.data)
    __microlib_freelist_initialised          0x200002a4   Data           4  mvars.o(.data)
    guard variable for BlueNRGGap::getInstance()::m_instance 0x200002b0   Data           4  bluenrgdevice.o(.data__ZZN10BlueNRGGap11getInstanceEvE10m_instance)
    BatteryService::BatteryService(BLEDevice&, unsigned char)::serviceAdded 0x200002b4   Data           1  main.o(.data__ZZN14BatteryServiceC1ER9BLEDevicehE12serviceAdded)
    HeartRateService::setupService()::serviceAdded 0x200002b5   Data           1  main.o(.data__ZZN16HeartRateService12setupServiceEvE12serviceAdded)
    guard variable for BlueNRGGattServer::getInstance()::m_instance 0x200002b8   Data           4  bluenrgdevice.o(.data__ZZN17BlueNRGGattServer11getInstanceEvE10m_instance)
    DeviceInformationService::DeviceInformationService(BLEDevice&, const char*, const char*, const char*, const char*, const char*, const char*)::serviceAdded 0x200002bc   Data           1  main.o(.data__ZZN24DeviceInformationServiceC1ER9BLEDevicePKcS3_S3_S3_S3_S3_E12serviceAdded)
    std::locale::id::_C_init() const::_C_id_gen 0x200002c0   Data           4  locale.o(.data__ZZNKSt6locale2id7_C_initEvE9_C_id_gen)
    guard variable for std::__rw_get_cats()::__open_cats 0x200002c4   Data           4  messages.o(.data__ZZSt13__rw_get_catsvE11__open_cats)
    std::__rw_get_cats()::__open_cats        0x200002c8   Data           8  messages.o(.data__ZZSt13__rw_get_catsvE11__open_cats)
    ble                                      0x200002d0   Data         100  main.o(.bss)
    led                                      0x20000334   Data          20  main.o(.bss)
    update                                   0x20000348   Data          64  main.o(.bss)
    aliveness                                0x20000388   Data          64  main.o(.bss)
    __spi                                    0x200008f0   Data          32  bluenrg_shield_bsp.o(.bss)
    irq_exti                                 0x20000910   Data          16  bluenrg_shield_bsp.o(.bss)
    gpio_pin_A0                              0x20000920   Data          20  bluenrg_shield_bsp.o(.bss)
    irq_exti_UB                              0x20000934   Data          16  bluenrg_shield_bsp.o(.bss)
    gpio_pin_UB                              0x20000944   Data          20  bluenrg_shield_bsp.o(.bss)
    gpio_pin_CS                              0x20000958   Data          20  bluenrg_shield_bsp.o(.bss)
    gpio_pin_MOSI                            0x2000096c   Data          20  bluenrg_shield_bsp.o(.bss)
    gpio_pin_MISO                            0x20000980   Data          20  bluenrg_shield_bsp.o(.bss)
    gpio_pin_SCLK                            0x20000994   Data          20  bluenrg_shield_bsp.o(.bss)
    gpio_pin_RESET                           0x200009a8   Data          20  bluenrg_shield_bsp.o(.bss)
    pc                                       0x200009bc   Data         116  utils.o(.bss)
    TimMasterHandle                          0x20000a30   Data          60  hal_tick.o(.bss)
    UartHandle                               0x20000d20   Data          60  serial_api.o(.bss)
    stdio_uart                               0x20000d5c   Data          28  serial_api.o(.bss)
    __stdout                                 0x20000db4   Data          20  stdout_f.o(.bss)
    __stderr                                 0x20000dc8   Data          20  stderr_f.o(.bss)
    std::basic_string<char, std::char_traits<char>, std::allocator<char>>::__nullref 0x20000df8   Data          16  vendor.o(.bss__ZNSs9__nullrefE)
    BlueNRGGap::getInstance()::m_instance    0x20000e08   Data          40  bluenrgdevice.o(.bss__ZZN10BlueNRGGap11getInstanceEvE10m_instance)
    BlueNRGGattServer::getInstance()::m_instance 0x20000e30   Data         128  bluenrgdevice.o(.bss__ZZN17BlueNRGGattServer11getInstanceEvE10m_instance)
    __heap_base                              0x20000eb0   Data           0  startup_stm32f401xe.o(HEAP)
    Image$$RW_IRAM1$$ZI$$Limit               0x200012b0   Number         0  anon$$obj.o ABSOLUTE
    __heap_limit                             0x20017c00   Number         0  startup_stm32f401xe.o ABSOLUTE
    __initial_sp                             0x20018000   Number         0  startup_stm32f401xe.o ABSOLUTE



==============================================================================

Memory Map of the image

  Image Entry point : 0x08000195

  Load Region LR_IROM1 (Base: 0x08000000, Size: 0x0000cc60, Max: 0x00080000, ABSOLUTE, COMPRESSED[0x0000cb54])

    Execution Region ER_IROM1 (Exec base: 0x08000000, Load base: 0x08000000, Size: 0x0000cb24, Max: 0x00080000, ABSOLUTE)

    Exec Addr    Load Addr    Size         Type   Attr      Idx    E Section Name        Object

    0x08000000   0x08000000   0x00000194   Data   RO         4861    RESET               startup_stm32f401xe.o
    0x08000194   0x08000194   0x00000000   Code   RO         5940  * .ARM.Collect$$$$00000000  mc_w.l(entry.o)
    0x08000194   0x08000194   0x00000004   Code   RO         6504    .ARM.Collect$$$$00000001  mc_w.l(entry2.o)
    0x08000198   0x08000198   0x00000004   Code   RO         6507    .ARM.Collect$$$$00000004  mc_w.l(entry5.o)
    0x0800019c   0x0800019c   0x00000004   Code   RO         5942    .ARM.Collect$$$$00000006  mc_w.l(entry6b.o)
    0x080001a0   0x080001a0   0x00000000   Code   RO         6509    .ARM.Collect$$$$00000008  mc_w.l(entry7b.o)
    0x080001a0   0x080001a0   0x00000004   Code   RO         6510    .ARM.Collect$$$$00000009  mc_w.l(entry8a.o)
    0x080001a4   0x080001a4   0x00000000   Code   RO         6511    .ARM.Collect$$$$0000000A  mc_w.l(entry8b.o)
    0x080001a4   0x080001a4   0x00000008   Code   RO         6512    .ARM.Collect$$$$0000000B  mc_w.l(entry9a.o)
    0x080001ac   0x080001ac   0x00000000   Code   RO         6514    .ARM.Collect$$$$0000000D  mc_w.l(entry10a.o)
    0x080001ac   0x080001ac   0x00000004   Code   RO         6515    .ARM.Collect$$$$0000000E  mc_w.l(entry10b.o)
    0x080001b0   0x080001b0   0x00000000   Code   RO         6516    .ARM.Collect$$$$0000000F  mc_w.l(entry11a.o)
    0x080001b0   0x080001b0   0x00000004   Code   RO         6505    .ARM.Collect$$$$00002712  mc_w.l(entry2.o)
    0x080001b4   0x080001b4   0x00000354   Code   RO            3    .text               main.o
    0x08000508   0x08000508   0x00000ec2   Code   RO          689    .text               hci.o
    0x080013ca   0x080013ca   0x00000002   PAD
    0x080013cc   0x080013cc   0x0000038c   Code   RO          751    .text               bluenrg_shield_bsp.o
    0x08001758   0x08001758   0x00001200   Code   RO         1008    .text               bluenrg_hci.o
    0x08002958   0x08002958   0x000000b2   Code   RO         1029    .text               list.o
    0x08002a0a   0x08002a0a   0x00000054   Code   RO         1041    .text               gp_timer.o
    0x08002a5e   0x08002a5e   0x00000016   Code   RO         1053    .text               clock.o
    0x08002a74   0x08002a74   0x00000028   Code   RO         1077    .text               osal.o
    0x08002a9c   0x08002a9c   0x000009f4   Code   RO         1097    .text               bluenrggap.o
    0x08003490   0x08003490   0x000001b4   Code   RO         1686    .text               bluenrgdevice.o
    0x08003644   0x08003644   0x00000864   Code   RO         2188    .text               bluenrggattserver.o
    0x08003ea8   0x08003ea8   0x00000420   Code   RO         2562    .text               btle.o
    0x080042c8   0x080042c8   0x000003c4   Code   RO         2823    .text               utils.o
    0x0800468c   0x0800468c   0x00000090   Code   RO         2927    .text               uuid.o
    0x0800471c   0x0800471c   0x00000114   Code   RO         2956    .text               gapadvertisingdata.o
    0x08004830   0x08004830   0x00000018   Code   RO         2983    .text               bledevice.o
    0x08004848   0x08004848   0x0000007c   Code   RO         3029    .text               gapadvertisingparams.o
    0x080048c4   0x080048c4   0x00000034   Code   RO         3072    .text               gattservice.o
    0x080048f8   0x080048f8   0x00000024   Code   RO         4862    .text               startup_stm32f401xe.o
    0x0800491c   0x0800491c   0x00000020   Code   RO         5986    .text               mc_w.l(initio_oe.o)
    0x0800493c   0x0800493c   0x00000028   Code   RO         5992    .text               mc_w.l(fputc_fp.o)
    0x08004964   0x08004964   0x00000028   Code   RO         6015    .text               mc_w.l(memcpy.o)
    0x0800498c   0x0800498c   0x00000024   Code   RO         6017    .text               mc_w.l(memcpya.o)
    0x080049b0   0x080049b0   0x00000042   Code   RO         6019    .text               mc_w.l(memmove.o)
    0x080049f2   0x080049f2   0x00000040   Code   RO         6021    .text               mc_w.l(memmovea.o)
    0x08004a32   0x08004a32   0x00000024   Code   RO         6025    .text               mc_w.l(memseta.o)
    0x08004a56   0x08004a56   0x0000000e   Code   RO         6029    .text               mc_w.l(strlen.o)
    0x08004a64   0x08004a64   0x0000001c   Code   RO         6031    .text               mc_w.l(strcmp.o)
    0x08004a80   0x08004a80   0x00000012   Code   RO         6033    .text               mc_w.l(strcpy.o)
    0x08004a92   0x08004a92   0x0000001e   Code   RO         6035    .text               mc_w.l(strncmp.o)
    0x08004ab0   0x08004ab0   0x00000038   Code   RO         6308    .text               mc_w.l(__0sscanf.o)
    0x08004ae8   0x08004ae8   0x0000014c   Code   RO         6310    .text               mc_w.l(_scanf_int.o)
    0x08004c34   0x08004c34   0x00000020   Code   RO         6315    .text               mc_w.l(cpp_init.o)
    0x08004c54   0x08004c54   0x0000002e   Code   RO         6317    .text               mc_w.l(aeabi_atexit.o)
    0x08004c82   0x08004c82   0x00000022   Code   RO         6319    .text               mf_w.l(dflti.o)
    0x08004ca4   0x08004ca4   0x0000002c   Code   RO         6321    .text               mf_w.l(ffixul.o)
    0x08004cd0   0x08004cd0   0x0000003e   Code   RO         6323    .text               mf_w.l(dfixi.o)
    0x08004d0e   0x08004d0e   0x00000002   PAD
    0x08004d10   0x08004d10   0x00000030   Code   RO         6325    .text               mf_w.l(cdcmple.o)
    0x08004d40   0x08004d40   0x00000030   Code   RO         6327    .text               mf_w.l(cdrcmple.o)
    0x08004d70   0x08004d70   0x00000004   Code   RO         6463    .text               cpprt_w.l(arm_newhandler_noexceptions.o)
    0x08004d74   0x08004d74   0x0000002c   Code   RO         6523    .text               mc_w.l(uidiv.o)
    0x08004da0   0x08004da0   0x00000062   Code   RO         6525    .text               mc_w.l(uldiv.o)
    0x08004e02   0x08004e02   0x0000001e   Code   RO         6527    .text               mc_w.l(llshl.o)
    0x08004e20   0x08004e20   0x00000020   Code   RO         6529    .text               mc_w.l(llushr.o)
    0x08004e40   0x08004e40   0x0000001c   Code   RO         6565    .text               mc_w.l(_chval.o)
    0x08004e5c   0x08004e5c   0x00000156   Code   RO         6567    .text               mc_w.l(_scanf_longlong.o)
    0x08004fb2   0x08004fb2   0x000000e0   Code   RO         6569    .text               mc_w.l(_scanf_str.o)
    0x08005092   0x08005092   0x00000002   PAD
    0x08005094   0x08005094   0x00000360   Code   RO         6571    .text               mc_w.l(scanf_fp.o)
    0x080053f4   0x080053f4   0x00000028   Code   RO         6575    .text               mc_w.l(scanf_char.o)
    0x0800541c   0x0800541c   0x00000040   Code   RO         6577    .text               mc_w.l(_sgetc.o)
    0x0800545c   0x0800545c   0x00000000   Code   RO         6581    .text               mc_w.l(iusefp.o)
    0x0800545c   0x0800545c   0x00000008   Code   RO         6584    .text               mc_w.l(cpp_dtor.o)
    0x08005464   0x08005464   0x00000014   Code   RO         6587    .text               mc_w.l(cpp_memory.o)
    0x08005478   0x08005478   0x00000002   Code   RO         6590    .text               mc_w.l(cpp_signal.o)
    0x0800547a   0x0800547a   0x00000042   Code   RO         6592    .text               mc_w.l(cxa_finalize.o)
    0x080054bc   0x080054bc   0x000000ba   Code   RO         6594    .text               mf_w.l(depilogue.o)
    0x08005576   0x08005576   0x0000014e   Code   RO         6596    .text               mf_w.l(dadd.o)
    0x080056c4   0x080056c4   0x000000e4   Code   RO         6598    .text               mf_w.l(dmul.o)
    0x080057a8   0x080057a8   0x000000de   Code   RO         6600    .text               mf_w.l(ddiv.o)
    0x08005886   0x08005886   0x00000030   Code   RO         6602    .text               mf_w.l(dfixul.o)
    0x080058b6   0x080058b6   0x0000000e   Code   RO         7115    .text               cpprt_w.l(aeabi_vec_delete_noexceptions.o)
    0x080058c4   0x080058c4   0x0000001a   Code   RO         7121    .text               cpprt_w.l(arm_exceptions_terminate.o)
    0x080058de   0x080058de   0x00000002   PAD
    0x080058e0   0x080058e0   0x00000050   Code   RO         7131    .text               cpprt_w.l(arm_exceptions_globs.o)
    0x08005930   0x08005930   0x00000024   Code   RO         7137    .text               mc_w.l(init.o)
    0x08005954   0x08005954   0x00000024   Code   RO         7139    .text               mc_w.l(llsshr.o)
    0x08005978   0x08005978   0x00000018   Code   RO         7147    .text               mc_w.l(strcat.o)
    0x08005990   0x08005990   0x00000020   Code   RO         7149    .text               mc_w.l(strrchr.o)
    0x080059b0   0x080059b0   0x00000038   Code   RO         7153    .text               mc_w.l(sscanf.o)
    0x080059e8   0x080059e8   0x0000032c   Code   RO         7155    .text               mc_w.l(_scanf.o)
    0x08005d14   0x08005d14   0x00000002   Code   RO         7158    .text               mc_w.l(cpp_final.o)
    0x08005d16   0x08005d16   0x00000018   Code   RO         7160    .text               mf_w.l(dfltul.o)
    0x08005d2e   0x08005d2e   0x00000038   Code   RO         7162    .text               mf_w.l(d2f.o)
    0x08005d66   0x08005d66   0x0000001c   Code   RO         7253    .text               cpprt_w.l(ARM_vec_cleanup_noexceptions.o)
    0x08005d82   0x08005d82   0x00000002   Code   RO         7256    .text               cpprt_w.l(arm_rethrow_noexceptions.o)
    0x08005d84   0x08005d84   0x0000003c   Code   RO         7277    .text               cpprt_w.l(arm_exceptions_mem.o)
    0x08005dc0   0x08005dc0   0x00000008   Code   RO         7290    .text               mc_w.l(ctype_o.o)
    0x08005dc8   0x08005dc8   0x00000012   Code   RO         7312    .text               mc_w.l(isspace_o.o)
    0x08005dda   0x08005dda   0x0000006e   Code   RO         7332    .text               mf_w.l(fepilogue.o)
    0x08005e48   0x08005e48   0x00000022   Code   RO         7334    .text               cpprt_w.l(aeabi_vec_dtor_noexceptions.o)
    0x08005e6a   0x08005e6a   0x00000056   Code   RO         7361    .text               mc_w.l(__dczerorl2.o)
    0x08005ec0   0x08005ec0   0x00000012   Code   RO         4752    i.$Sub$$main        retarget.o
    0x08005ed2   0x08005ed2   0x00000006   Code   RO         5590    i.<Func1>           mbed.ar(SerialBase.o)
    0x08005ed8   0x08005ed8   0x00000014   Code   RO         6860    i.<Func5>           cpp_ws.l(locale.o)
    0x08005eec   0x08005eec   0x00000248   Code   RO         3821    i.HAL_GPIO_Init     stm32f4xx_hal_gpio.o
    0x08006134   0x08006134   0x0000000c   Code   RO         3417    i.HAL_GetTick       stm32f4xx_hal.o
    0x08006140   0x08006140   0x00000010   Code   RO         3418    i.HAL_IncTick       stm32f4xx_hal.o
    0x08006150   0x08006150   0x00000034   Code   RO         3419    i.HAL_Init          stm32f4xx_hal.o
    0x08006184   0x08006184   0x000000ac   Code   RO         3537    i.HAL_InitTick      hal_tick.o
    0x08006230   0x08006230   0x00000002   Code   RO         3422    i.HAL_MspInit       stm32f4xx_hal.o
    0x08006232   0x08006232   0x00000002   PAD
    0x08006234   0x08006234   0x00000024   Code   RO         4382    i.HAL_NVIC_SetPriorityGrouping  stm32f4xx_hal_cortex.o
    0x08006258   0x08006258   0x00000200   Code   RO         3288    i.HAL_RCC_ClockConfig  stm32f4xx_hal_rcc.o
    0x08006458   0x08006458   0x000000c0   Code   RO         3293    i.HAL_RCC_GetHCLKFreq  stm32f4xx_hal_rcc.o
    0x08006518   0x08006518   0x0000002c   Code   RO         3295    i.HAL_RCC_GetPCLK1Freq  stm32f4xx_hal_rcc.o
    0x08006544   0x08006544   0x0000002c   Code   RO         3296    i.HAL_RCC_GetPCLK2Freq  stm32f4xx_hal_rcc.o
    0x08006570   0x08006570   0x000003ec   Code   RO         3300    i.HAL_RCC_OscConfig  stm32f4xx_hal_rcc.o
    0x0800695c   0x0800695c   0x00000084   Code   RO         3709    i.HAL_SPI_Init      stm32f4xx_hal_spi.o
    0x080069e0   0x080069e0   0x00000002   Code   RO         3711    i.HAL_SPI_MspInit   stm32f4xx_hal_spi.o
    0x080069e2   0x080069e2   0x00000032   Code   RO         4507    i.HAL_TIM_OC_Init   stm32f4xx_hal_tim.o
    0x08006a14   0x08006a14   0x00000002   Code   RO         4509    i.HAL_TIM_OC_MspInit  stm32f4xx_hal_tim.o
    0x08006a16   0x08006a16   0x00000036   Code   RO         4510    i.HAL_TIM_OC_Start  stm32f4xx_hal_tim.o
    0x08006a4c   0x08006a4c   0x0000005e   Code   RO         4215    i.HAL_UART_Init     stm32f4xx_hal_uart.o
    0x08006aaa   0x08006aaa   0x00000002   Code   RO         4217    i.HAL_UART_MspInit  stm32f4xx_hal_uart.o
    0x08006aac   0x08006aac   0x0000006c   Code   RO         3397    i.NVIC_SetVector    cmsis_nvic.o
    0x08006b18   0x08006b18   0x0000007c   Code   RO         4112    i.SetSysClock_PLL_HSE  system_stm32f4xx.o
    0x08006b94   0x08006b94   0x00000074   Code   RO         5480    i.Set_GPIO_Clock    mbed.ar(pinmap.o)
    0x08006c08   0x08006c08   0x00000084   Code   RO         4114    i.SystemCoreClockUpdate  system_stm32f4xx.o
    0x08006c8c   0x08006c8c   0x00000100   Code   RO         4115    i.SystemInit        system_stm32f4xx.o
    0x08006d8c   0x08006d8c   0x00000094   Code   RO         4543    i.TIM_Base_SetConfig  stm32f4xx_hal_tim.o
    0x08006e20   0x08006e20   0x00000218   Code   RO         4233    i.UART_SetConfig    stm32f4xx_hal_uart.o
    0x08007038   0x08007038   0x00000020   Code   RO         7164    i._Z7catgetsPN4__rw8__rw_catEiiPKc  cpp_ws.l(rwcats.o)
    0x08007058   0x08007058   0x00000022   Code   RO         7165    i._Z7catopenPKci    cpp_ws.l(rwcats.o)
    0x0800707a   0x0800707a   0x00000002   PAD
    0x0800707c   0x0800707c   0x00000050   Code   RO         1713    i._ZN10BlueNRGGap11getInstanceEv  bluenrgdevice.o
    0x080070cc   0x080070cc   0x0000003e   Code   RO         2582    i._ZN10GattServer11handleEventEN16GattServerEvents11gattEvent_eEt  btle.o
    0x0800710a   0x0800710a   0x00000014   Code   RO         1129    i._ZN10PayloadPtr14getUnitAtIndexEi  bluenrggap.o
    0x0800711e   0x0800711e   0x00000002   PAD
    0x08007120   0x08007120   0x0000009c   Code   RO         1123    i._ZN10PayloadPtrC1EPKhh  bluenrggap.o
    0x080071bc   0x080071bc   0x0000000e   Code   RO           95    i._ZN11GattServiceD1Ev  main.o
    0x080071ca   0x080071ca   0x00000006   Code   RO         1135    i._ZN11PayloadUnit10getDataPtrEv  bluenrggap.o
    0x080071d0   0x080071d0   0x00000006   Code   RO         1141    i._ZN11PayloadUnit9getLenPtrEv  bluenrggap.o
    0x080071d6   0x080071d6   0x0000000a   Code   RO         1147    i._ZN11PayloadUnitC1Ev  bluenrggap.o
    0x080071e0   0x080071e0   0x00000004   Code   RO         2237    i._ZN13GattAttribute9setHandleEt  bluenrggattserver.o
    0x080071e4   0x080071e4   0x00000090   Code   RO           98    i._ZN14BatteryServiceC1ER9BLEDeviceh  main.o
    0x08007274   0x08007274   0x0000008c   Code   RO          104    i._ZN16HeartRateService12setupServiceEv  main.o
    0x08007300   0x08007300   0x0000000e   Code   RO          139    i._ZN16HeartRateService13onDataWrittenEPK31GattCharacteristicWriteCBParams  main.o
    0x0800730e   0x0800730e   0x00000052   Code   RO           82    i._ZN16HeartRateService15updateHeartRateEh  main.o
    0x08007360   0x08007360   0x0000000c   Code   RO           76    i._ZN16HeartRateService19HeartRateValueBytes15updateHeartRateEh  main.o
    0x0800736c   0x0800736c   0x000000e8   Code   RO           55    i._ZN16HeartRateServiceC1ER9BLEDevicehh  main.o
    0x08007454   0x08007454   0x00000040   Code   RO         2207    i._ZN17BlueNRGGattServer11getInstanceEv  bluenrggattserver.o
    0x08007494   0x08007494   0x00000070   Code   RO         1842    i._ZN17BlueNRGGattServerC1Ev  bluenrgdevice.o
    0x08007504   0x08007504   0x00000064   Code   RO         1839    i._ZN17BlueNRGGattServerD1Ev  bluenrgdevice.o
    0x08007568   0x08007568   0x00000054   Code   RO           43    i._ZN18GattCharacteristicC1ERK4UUIDPhtthPP13GattAttributej  main.o
    0x080075bc   0x080075bc   0x00000288   Code   RO           49    i._ZN24DeviceInformationServiceC1ER9BLEDevicePKcS3_S3_S3_S3_S3_  main.o
    0x08007844   0x08007844   0x00000058   Code   RO         6329    i._ZN37_INTERNAL_15_rwstdexcept_cpp_8697b68a4__rw13__rw_vfmatstrEPcjPKcSt9__va_list  cpp_ws.l(rwstdexcept.o)
    0x0800789c   0x0800789c   0x0000014c   Code   RO         6330    i._ZN37_INTERNAL_15_rwstdexcept_cpp_8697b68a4__rw13__rw_vfmatstrEPcjiSt9__va_list  cpp_ws.l(rwstdexcept.o)
    0x080079e8   0x080079e8   0x0000005c   Code   RO         6332    i._ZN4__rw10__rw_throwEiz  cpp_ws.l(rwstdexcept.o)
    0x08007a44   0x08007a44   0x00000020   Code   RO         5657    i._ZN4__rw13__rw_allocateEji  cpp_ws.l(rwalloc.o)
    0x08007a64   0x08007a64   0x00000004   Code   RO         5658    i._ZN4__rw15__rw_deallocateEPvji  cpp_ws.l(rwalloc.o)
    0x08007a68   0x08007a68   0x00000002   Code   RO         6807    i._ZN4__rw15__rw_facet_base12_C_initfacetERKSt6locale  cpp_ws.l(char.o)
    0x08007a6a   0x08007a6a   0x00000002   PAD
    0x08007a6c   0x08007a6c   0x000000ec   Code   RO         6963    i._ZN4__rw15__rw_locale_impC1EPKcjj  cpp_ws.l(locale.o)
    0x08007b58   0x08007b58   0x0000001a   Code   RO         7001    i._ZN4__rw15__rw_locale_impD1Ev  cpp_ws.l(locale.o)
    0x08007b72   0x08007b72   0x0000003a   Code   RO         6861    i._ZN4__rw21__rw_use_c_lib_localeC1EPKci  cpp_ws.l(locale.o)
    0x08007bac   0x08007bac   0x00000018   Code   RO         6777    i._ZN4__rw21__rw_use_c_lib_localeD1Ev  cpp_ws.l(char.o)
    0x08007bc4   0x08007bc4   0x00000098   Code   RO         7188    i._ZN4__rw25__rw_throw_exception_noexEiPc  cpp_ws.l(rwthrowproc_impl_noex.o)
    0x08007c5c   0x08007c5c   0x00000030   Code   RO         7168    i._ZN4__rw9__catfindEPNS_8__rw_catE  cpp_ws.l(rwcats.o)
    0x08007c8c   0x08007c8c   0x00000030   Code   RO         4754    i._ZN4mbed10FileHandleD2Ev  retarget.o
    0x08007cbc   0x08007cbc   0x0000000e   Code   RO         5592    i._ZN4mbed10SerialBase10_base_putcEi  mbed.ar(SerialBase.o)
    0x08007cca   0x08007cca   0x0000000e   Code   RO         5594    i._ZN4mbed10SerialBase12_irq_handlerEj9SerialIrq  mbed.ar(SerialBase.o)
    0x08007cd8   0x08007cd8   0x00000054   Code   RO         5600    i._ZN4mbed10SerialBaseC1E7PinNameS1_  mbed.ar(SerialBase.o)
    0x08007d2c   0x08007d2c   0x00000006   Code   RO         5409    i._ZN4mbed10TimerEvent3irqEj  mbed.ar(TimerEvent.o)
    0x08007d32   0x08007d32   0x0000000c   Code   RO         5410    i._ZN4mbed10TimerEvent6insertEy  mbed.ar(TimerEvent.o)
    0x08007d3e   0x08007d3e   0x00000006   Code   RO         5411    i._ZN4mbed10TimerEvent6removeEv  mbed.ar(TimerEvent.o)
    0x08007d44   0x08007d44   0x00000024   Code   RO         5412    i._ZN4mbed10TimerEventC2Ev  mbed.ar(TimerEvent.o)
    0x08007d68   0x08007d68   0x00000018   Code   RO         5414    i._ZN4mbed10TimerEventD2Ev  mbed.ar(TimerEvent.o)
    0x08007d80   0x08007d80   0x00000018   Code   RO         5180    i._ZN4mbed15FunctionPointer4callEv  mbed.ar(FunctionPointer.o)
    0x08007d98   0x08007d98   0x00000008   Code   RO         5181    i._ZN4mbed15FunctionPointer6attachEPFvvE  mbed.ar(FunctionPointer.o)
    0x08007da0   0x08007da0   0x0000000a   Code   RO         5182    i._ZN4mbed15FunctionPointerC1EPFvvE  mbed.ar(FunctionPointer.o)
    0x08007daa   0x08007daa   0x00000002   PAD
    0x08007dac   0x08007dac   0x00000024   Code   RO         5298    i._ZN4mbed6SerialC1E7PinNameS1_PKc  mbed.ar(Serial.o)
    0x08007dd0   0x08007dd0   0x0000000c   Code   RO         5315    i._ZN4mbed6SerialD1Ev  mbed.ar(Serial.o)
    0x08007ddc   0x08007ddc   0x00000004   Code   RO         5345    i._ZN4mbed6Stream5closeEv  mbed.ar(Stream.o)
    0x08007de0   0x08007de0   0x00000004   Code   RO         5347    i._ZN4mbed6Stream5lseekEli  mbed.ar(Stream.o)
    0x08007de4   0x08007de4   0x0000002a   Code   RO         5349    i._ZN4mbed6Stream5writeEPKvj  mbed.ar(Stream.o)
    0x08007e0e   0x08007e0e   0x0000001e   Code   RO         5351    i._ZN4mbed6Stream6printfEPKcz  mbed.ar(Stream.o)
    0x08007e2c   0x08007e2c   0x00000044   Code   RO         5352    i._ZN4mbed6StreamC2EPKc  mbed.ar(Stream.o)
    0x08007e70   0x08007e70   0x00000020   Code   RO         5354    i._ZN4mbed6StreamD2Ev  mbed.ar(Stream.o)
    0x08007e90   0x08007e90   0x00000028   Code   RO         5274    i._ZN4mbed6Ticker5setupEy  mbed.ar(Ticker.o)
    0x08007eb8   0x08007eb8   0x00000048   Code   RO           61    i._ZN4mbed6Ticker6attachEPFvvEf  main.o
    0x08007f00   0x08007f00   0x00000022   Code   RO         5276    i._ZN4mbed6Ticker7handlerEv  mbed.ar(Ticker.o)
    0x08007f22   0x08007f22   0x00000002   PAD
    0x08007f24   0x08007f24   0x00000028   Code   RO           67    i._ZN4mbed6TickerC1Ev  main.o
    0x08007f4c   0x08007f4c   0x00000028   Code   RO         5286    i._ZN4mbed6TickerD1Ev  mbed.ar(Ticker.o)
    0x08007f74   0x08007f74   0x00000004   Code   RO         5560    i._ZN4mbed8FileBase11getPathTypeEv  mbed.ar(FileBase.o)
    0x08007f78   0x08007f78   0x00000038   Code   RO         5562    i._ZN4mbed8FileBase6lookupEPKcj  mbed.ar(FileBase.o)
    0x08007fb0   0x08007fb0   0x00000024   Code   RO         5564    i._ZN4mbed8FileBaseC1EPKcNS_8PathTypeE  mbed.ar(FileBase.o)
    0x08007fd4   0x08007fd4   0x00000038   Code   RO         5566    i._ZN4mbed8FileBaseD1Ev  mbed.ar(FileBase.o)
    0x0800800c   0x0800800c   0x00000024   Code   RO         5537    i._ZN4mbed8FileLikeC2EPKc  mbed.ar(FileLike.o)
    0x08008030   0x08008030   0x00000012   Code   RO         5539    i._ZN4mbed8FileLikeD2Ev  mbed.ar(FileLike.o)
    0x08008042   0x08008042   0x00000018   Code   RO         5191    i._ZN4mbed8FilePath10fileSystemEv  mbed.ar(FilePath.o)
    0x0800805a   0x0800805a   0x0000001c   Code   RO         5193    i._ZN4mbed8FilePath4fileEv  mbed.ar(FilePath.o)
    0x08008076   0x08008076   0x0000000a   Code   RO         5194    i._ZN4mbed8FilePath6existsEv  mbed.ar(FilePath.o)
    0x08008080   0x08008080   0x00000018   Code   RO         5195    i._ZN4mbed8FilePath6isFileEv  mbed.ar(FilePath.o)
    0x08008098   0x08008098   0x00000004   Code   RO         5196    i._ZN4mbed8FilePath8fileNameEv  mbed.ar(FilePath.o)
    0x0800809c   0x0800809c   0x00000040   Code   RO         5197    i._ZN4mbed8FilePathC1EPKc  mbed.ar(FilePath.o)
    0x080080dc   0x080080dc   0x0000001c   Code   RO           36    i._ZN9BLEDevice10addServiceER11GattService  main.o
    0x080080f8   0x080080f8   0x00000050   Code   RO           29    i._ZN9BLEDevice16startAdvertisingEv  main.o
    0x08008148   0x08008148   0x00000024   Code   RO           89    i._ZN9BLEDevice28accumulateAdvertisingPayloadEN18GapAdvertisingData8DataTypeEPKhh  main.o
    0x0800816c   0x0800816c   0x00000026   Code   RO          111    i._ZN9BLEDeviceD1Ev  main.o
    0x08008192   0x08008192   0x00000014   Code   RO           70    i._ZNK16HeartRateService19HeartRateValueBytes16getNumValueBytesEv  main.o
    0x080081a6   0x080081a6   0x00000008   Code   RO         2243    i._ZNK18GattCharacteristic13getPropertiesEv  bluenrggattserver.o
    0x080081ae   0x080081ae   0x00000006   Code   RO         3052    i._ZNK20GapAdvertisingParams10getTimeoutEv  gapadvertisingparams.o
    0x080081b4   0x080081b4   0x00000006   Code   RO         3046    i._ZNK20GapAdvertisingParams11getIntervalEv  gapadvertisingparams.o
    0x080081ba   0x080081ba   0x00000006   Code   RO         3040    i._ZNK20GapAdvertisingParams18getAdvertisingTypeEv  gapadvertisingparams.o
    0x080081c0   0x080081c0   0x00000004   Code   RO         6451    i._ZNKSt14__rw_exception4whatEv  cpp_ws.l(rwstdexcept.o)
    0x080081c4   0x080081c4   0x00000072   Code   RO         7038    i._ZNKSt18__rw_messages_base11_C_cat_openERKSsRKSt6locale  cpp_ws.l(messages.o)
    0x08008236   0x08008236   0x00000020   Code   RO         7041    i._ZNKSt18__rw_messages_base13_C_get_localeEi  cpp_ws.l(messages.o)
    0x08008256   0x08008256   0x00000034   Code   RO         7042    i._ZNKSt18__rw_messages_base14_C_get_messageEiii  cpp_ws.l(messages.o)
    0x0800828a   0x0800828a   0x0000000e   Code   RO         6747    i._ZNKSt5ctypeIcE2isENSt10ctype_base4maskEc  cpp_ws.l(char.o)
    0x08008298   0x08008298   0x00000108   Code   RO         6866    i._ZNKSt6locale13_C_make_facetERKNS_2idEbiPFPN4__rw15__rw_facet_baseEiPKcjE  cpp_ws.l(locale.o)
    0x080083a0   0x080083a0   0x00000074   Code   RO         6868    i._ZNKSt6locale16_C_install_facetEPN4__rw15__rw_facet_baseERKNS_2idE  cpp_ws.l(locale.o)
    0x08008414   0x08008414   0x00000030   Code   RO         6869    i._ZNKSt6locale4nameEv  cpp_ws.l(locale.o)
    0x08008444   0x08008444   0x0000000c   Code   RO         6722    i._ZNSt11char_traitsIcE4copyEPcPKcj  cpp_ws.l(char.o)
    0x08008450   0x08008450   0x000000cc   Code   RO         6608    i._ZNSt12ctype_bynameIcE17_C_get_mask_tableEPKc  cpp_ws.l(char.o)
    0x0800851c   0x0800851c   0x00000120   Code   RO         6610    i._ZNSt12ctype_bynameIcEC1EPKcj  cpp_ws.l(char.o)
    0x0800863c   0x0800863c   0x0000000e   Code   RO         6854    i._ZNSt12ctype_bynameIcED0Ev  cpp_ws.l(char.o)
    0x0800864a   0x0800864a   0x00000008   Code   RO         6851    i._ZNSt12ctype_bynameIcED1Ev  cpp_ws.l(char.o)
    0x08008652   0x08008652   0x00000002   PAD
    0x08008654   0x08008654   0x00000084   Code   RO         6335    i._ZNSt14__rw_exception10_C_vformatEiSt9__va_list  cpp_ws.l(rwstdexcept.o)
    0x080086d8   0x080086d8   0x00000014   Code   RO         6401    i._ZNSt14__rw_exceptionC1Ev  cpp_ws.l(rwstdexcept.o)
    0x080086ec   0x080086ec   0x0000001c   Code   RO         6445    i._ZNSt14__rw_exceptionD1Ev  cpp_ws.l(rwstdexcept.o)
    0x08008708   0x08008708   0x00000008   Code   RO         6398    i._ZNSt18__rw_messages_baseD1Ev  cpp_ws.l(rwstdexcept.o)
    0x08008710   0x08008710   0x0000001a   Code   RO         7078    i._ZNSt18__rw_open_cat_dataC1Ev  cpp_ws.l(messages.o)
    0x0800872a   0x0800872a   0x0000000c   Code   RO         7075    i._ZNSt18__rw_open_cat_dataD1Ev  cpp_ws.l(messages.o)
    0x08008736   0x08008736   0x00000012   Code   RO         7081    i._ZNSt18__rw_open_cat_dataaSERKS_  cpp_ws.l(messages.o)
    0x08008748   0x08008748   0x000000fa   Code   RO         6612    i._ZNSt5ctypeIcE12_C_initfacetERKSt6locale  cpp_ws.l(char.o)
    0x08008842   0x08008842   0x00000002   PAD
    0x08008844   0x08008844   0x00000118   Code   RO         6614    i._ZNSt5ctypeIcEC1EPKNSt10ctype_base4maskEbj  cpp_ws.l(char.o)
    0x0800895c   0x0800895c   0x0000000e   Code   RO         6750    i._ZNSt5ctypeIcED0Ev  cpp_ws.l(char.o)
    0x0800896a   0x0800896a   0x00000002   PAD
    0x0800896c   0x0800896c   0x0000002c   Code   RO         6679    i._ZNSt5ctypeIcED1Ev  cpp_ws.l(char.o)
    0x08008998   0x08008998   0x0000000e   Code   RO         6442    i._ZNSt6locale5facetD0Ev  cpp_ws.l(rwstdexcept.o)
    0x080089a6   0x080089a6   0x00000002   PAD
    0x080089a8   0x080089a8   0x00000084   Code   RO         6872    i._ZNSt6locale7_C_initEv  cpp_ws.l(locale.o)
    0x08008a2c   0x08008a2c   0x00000044   Code   RO         6874    i._ZNSt6locale7classicEv  cpp_ws.l(locale.o)
    0x08008a70   0x08008a70   0x00000020   Code   RO         7004    i._ZNSt6localeC1EPN4__rw15__rw_locale_impE  cpp_ws.l(locale.o)
    0x08008a90   0x08008a90   0x0000000c   Code   RO         7084    i._ZNSt6localeC1ERKS_  cpp_ws.l(messages.o)
    0x08008a9c   0x08008a9c   0x00000020   Code   RO         6394    i._ZNSt6localeC1Ev  cpp_ws.l(rwstdexcept.o)
    0x08008abc   0x08008abc   0x00000020   Code   RO         6979    i._ZNSt6localeD1Ev  cpp_ws.l(locale.o)
    0x08008adc   0x08008adc   0x00000032   Code   RO         6882    i._ZNSt6localeaSERKS_  cpp_ws.l(locale.o)
    0x08008b0e   0x08008b0e   0x0000000e   Code   RO         6416    i._ZNSt8messagesIcED0Ev  cpp_ws.l(rwstdexcept.o)
    0x08008b1c   0x08008b1c   0x00000010   Code   RO         6385    i._ZNSt8messagesIcED1Ev  cpp_ws.l(rwstdexcept.o)
    0x08008b2c   0x08008b2c   0x0000000c   Code   RO         7102    i._ZNSt9exceptionC1Ev  cpprt_w.l(exception_ctor.o)
    0x08008b38   0x08008b38   0x0000003c   Code   RO         7059    i._ZSt13__rw_get_catsv  cpp_ws.l(messages.o)
    0x08008b74   0x08008b74   0x00000006   Code   RO         5300    i._ZThn92_N4mbed6Serial5_putcEi  mbed.ar(Serial.o)
    0x08008b7a   0x08008b7a   0x00000008   Code   RO         7090    i._ZdaPv            cpprt_w.l(array_del.o)
    0x08008b82   0x08008b82   0x00000008   Code   RO         5815    i._ZdlPv            cpprt_w.l(delete.o)
    0x08008b8a   0x08008b8a   0x00000008   Code   RO         5811    i._Znaj             cpprt_w.l(array_new.o)
    0x08008b92   0x08008b92   0x00000002   PAD
    0x08008b94   0x08008b94   0x00000028   Code   RO         5818    i._Znwj             cpprt_w.l(new.o)
    0x08008bbc   0x08008bbc   0x0000001c   Code   RO         6277    i.__0fprintf        mc_w.l(printfa.o)
    0x08008bd8   0x08008bd8   0x00000020   Code   RO         6278    i.__0printf         mc_w.l(printfa.o)
    0x08008bf8   0x08008bf8   0x00000028   Code   RO         6280    i.__0sprintf        mc_w.l(printfa.o)
    0x08008c20   0x08008c20   0x00000018   Code   RO         6281    i.__0vfprintf       mc_w.l(printfa.o)
    0x08008c38   0x08008c38   0x0000002c   Code   RO         6283    i.__0vsnprintf      mc_w.l(printfa.o)
    0x08008c64   0x08008c64   0x00000092   Code   RO         7093    i.__ARM_array_new_general  cpprt_w.l(array_new_general.o)
    0x08008cf6   0x08008cf6   0x00000024   Code   RO         5934    i.__aeabi_vec_ctor_nocookie_nodtor  cpprt_w.l(aeabi_vec_ctor_nocookie_nodtor.o)
    0x08008d1a   0x08008d1a   0x00000010   Code   RO         7271    i.__aeabi_vec_dtor_cookie  cpprt_w.l(aeabi_vec_dtor_cookie.o)
    0x08008d2a   0x08008d2a   0x00000014   Code   RO         7268    i.__aeabi_vec_new_cookie  cpprt_w.l(aeabi_vec_new_cookie.o)
    0x08008d3e   0x08008d3e   0x00000016   Code   RO         5937    i.__aeabi_vec_new_nocookie  cpprt_w.l(aeabi_vec_new_nocookie.o)
    0x08008d54   0x08008d54   0x00000010   Code   RO         5825    i.__cxa_guard_acquire  cpprt_w.l(cxa_guard_acquire.o)
    0x08008d64   0x08008d64   0x00000006   Code   RO         5822    i.__cxa_pure_virtual  cpprt_w.l(pure_virt.o)
    0x08008d6a   0x08008d6a   0x00000002   PAD
    0x08008d6c   0x08008d6c   0x00000018   Code   RO         6476    i.__cxa_vec_new     cpprt_w.l(cxa_vec_new.o)
    0x08008d84   0x08008d84   0x0000000e   Code   RO         7355    i.__scatterload_copy  mc_w.l(handlers.o)
    0x08008d92   0x08008d92   0x00000002   Code   RO         7356    i.__scatterload_null  mc_w.l(handlers.o)
    0x08008d94   0x08008d94   0x0000000e   Code   RO         7357    i.__scatterload_zeroinit  mc_w.l(handlers.o)
    0x08008da2   0x08008da2   0x00000002   PAD
    0x08008da4   0x08008da4   0x00000010   Code   RO         6883    i.__sti___10_locale_cpp_ff99fc7b  cpp_ws.l(locale.o)
    0x08008db4   0x08008db4   0x00000038   Code   RO         7169    i.__sti___10_rwcats_cpp_64e8068e  cpp_ws.l(rwcats.o)
    0x08008dec   0x08008dec   0x00000010   Code   RO         6616    i.__sti___8_char_cpp_a3dc957a  cpp_ws.l(char.o)
    0x08008dfc   0x08008dfc   0x0000001e   Code   RO         5982    i._fclose$full      mc_w.l(fclose_f.o)
    0x08008e1a   0x08008e1a   0x00000018   Code   RO         5984    i._fflush$full      mc_w.l(fflush_f.o)
    0x08008e32   0x08008e32   0x00000034   Code   RO         5978    i._fopen$full       mc_w.l(fopen_f.o)
    0x08008e66   0x08008e66   0x00000002   PAD
    0x08008e68   0x08008e68   0x00000184   Code   RO         6285    i._fp_digits        mc_w.l(printfa.o)
    0x08008fec   0x08008fec   0x0000005e   Code   RO         5979    i._freopen$full     mc_w.l(fopen_f.o)
    0x0800904a   0x0800904a   0x0000000e   Code   RO         6573    i._is_digit         mc_w.l(scanf_fp.o)
    0x08009058   0x08009058   0x000006dc   Code   RO         6286    i._printf_core      mc_w.l(printfa.o)
    0x08009734   0x08009734   0x00000024   Code   RO         6287    i._printf_post_padding  mc_w.l(printfa.o)
    0x08009758   0x08009758   0x0000002e   Code   RO         6288    i._printf_pre_padding  mc_w.l(printfa.o)
    0x08009786   0x08009786   0x00000016   Code   RO         6289    i._snputc           mc_w.l(printfa.o)
    0x0800979c   0x0800979c   0x0000000a   Code   RO         6290    i._sputc            mc_w.l(printfa.o)
    0x080097a6   0x080097a6   0x00000002   PAD
    0x080097a8   0x080097a8   0x0000002c   Code   RO         4755    i._sys_close        retarget.o
    0x080097d4   0x080097d4   0x000000e4   Code   RO         4760    i._sys_open         retarget.o
    0x080098b8   0x080098b8   0x00000028   Code   RO         4762    i._sys_seek         retarget.o
    0x080098e0   0x080098e0   0x00000060   Code   RO         4763    i._sys_write        retarget.o
    0x08009940   0x08009940   0x00000010   Code   RO         5457    i.clock             mbed.ar(rtc_time.o)
    0x08009950   0x08009950   0x00000018   Code   RO         5635    i.error             mbed.ar(error.o)
    0x08009968   0x08009968   0x00000020   Code   RO         5653    i.exit              mbed.ar(exit.o)
    0x08009988   0x08009988   0x00000050   Code   RO         6537    i.free              mc_w.l(malloc.o)
    0x080099d8   0x080099d8   0x00000050   Code   RO         5070    i.gpio_dir          mbed.ar(gpio_api.o)
    0x08009a28   0x08009a28   0x0000003c   Code   RO         5071    i.gpio_init         mbed.ar(gpio_api.o)
    0x08009a64   0x08009a64   0x00000026   Code   RO         5436    i.gpio_init_in      mbed.ar(gpio.o)
    0x08009a8a   0x08009a8a   0x00000002   PAD
    0x08009a8c   0x08009a8c   0x00000044   Code   RO         5439    i.gpio_init_out     mbed.ar(gpio.o)
    0x08009ad0   0x08009ad0   0x00000008   Code   RO         5083    i.gpio_irq0         mbed.ar(gpio_irq_api.o)
    0x08009ad8   0x08009ad8   0x00000008   Code   RO         5084    i.gpio_irq1         mbed.ar(gpio_irq_api.o)
    0x08009ae0   0x08009ae0   0x00000008   Code   RO         5085    i.gpio_irq2         mbed.ar(gpio_irq_api.o)
    0x08009ae8   0x08009ae8   0x00000008   Code   RO         5086    i.gpio_irq3         mbed.ar(gpio_irq_api.o)
    0x08009af0   0x08009af0   0x00000008   Code   RO         5087    i.gpio_irq4         mbed.ar(gpio_irq_api.o)
    0x08009af8   0x08009af8   0x00000008   Code   RO         5088    i.gpio_irq5         mbed.ar(gpio_irq_api.o)
    0x08009b00   0x08009b00   0x00000008   Code   RO         5089    i.gpio_irq6         mbed.ar(gpio_irq_api.o)
    0x08009b08   0x08009b08   0x00000022   Code   RO         5090    i.gpio_irq_disable  mbed.ar(gpio_irq_api.o)
    0x08009b2a   0x08009b2a   0x0000001e   Code   RO         5091    i.gpio_irq_enable   mbed.ar(gpio_irq_api.o)
    0x08009b48   0x08009b48   0x0000014c   Code   RO         5093    i.gpio_irq_init     mbed.ar(gpio_irq_api.o)
    0x08009c94   0x08009c94   0x00000072   Code   RO         5094    i.gpio_irq_set      mbed.ar(gpio_irq_api.o)
    0x08009d06   0x08009d06   0x00000008   Code   RO         5072    i.gpio_mode         mbed.ar(gpio_api.o)
    0x08009d0e   0x08009d0e   0x00000002   PAD
    0x08009d10   0x08009d10   0x00000080   Code   RO         5095    i.handle_interrupt_in  mbed.ar(gpio_irq_api.o)
    0x08009d90   0x08009d90   0x0000004c   Code   RO         5115    i.init_spi          mbed.ar(spi_api.o)
    0x08009ddc   0x08009ddc   0x0000006c   Code   RO         6538    i.malloc            mc_w.l(malloc.o)
    0x08009e48   0x08009e48   0x00000050   Code   RO         5403    i.mbed_assert_internal  mbed.ar(assert.o)
    0x08009e98   0x08009e98   0x00000010   Code   RO         3875    i.mbed_die          board.o
    0x08009ea8   0x08009ea8   0x00000002   Code   RO         4765    i.mbed_main         retarget.o
    0x08009eaa   0x08009eaa   0x0000000e   Code   RO         4866    i.mbed_sdk_init     mbed_overrides.o
    0x08009eb8   0x08009eb8   0x0000006c   Code   RO         5481    i.pin_function      mbed.ar(pinmap.o)
    0x08009f24   0x08009f24   0x00000058   Code   RO         5482    i.pin_mode          mbed.ar(pinmap.o)
    0x08009f7c   0x08009f7c   0x00000038   Code   RO         5642    i.pinmap_merge      mbed.ar(pinmap_common.o)
    0x08009fb4   0x08009fb4   0x0000005c   Code   RO         5643    i.pinmap_peripheral  mbed.ar(pinmap_common.o)
    0x0800a010   0x0800a010   0x00000058   Code   RO         5644    i.pinmap_pinout     mbed.ar(pinmap_common.o)
    0x0800a068   0x0800a068   0x00000168   Code   RO         5148    i.serial_init       mbed.ar(serial_api.o)
    0x0800a1d0   0x0800a1d0   0x00000018   Code   RO         5149    i.serial_irq_handler  mbed.ar(serial_api.o)
    0x0800a1e8   0x0800a1e8   0x00000024   Code   RO         5152    i.serial_putc       mbed.ar(serial_api.o)
    0x0800a20c   0x0800a20c   0x0000012c   Code   RO         5120    i.spi_init          mbed.ar(spi_api.o)
    0x0800a338   0x0800a338   0x00000030   Code   RO         5121    i.spi_master_write  mbed.ar(spi_api.o)
    0x0800a368   0x0800a368   0x00000054   Code   RO         3538    i.timer_irq_handler  hal_tick.o
    0x0800a3bc   0x0800a3bc   0x00000010   Code   RO         5521    i.us_ticker_clear_interrupt  mbed.ar(us_ticker.o)
    0x0800a3cc   0x0800a3cc   0x00000014   Code   RO         5522    i.us_ticker_disable_interrupt  mbed.ar(us_ticker.o)
    0x0800a3e0   0x0800a3e0   0x00000028   Code   RO         5523    i.us_ticker_init    mbed.ar(us_ticker.o)
    0x0800a408   0x0800a408   0x0000004c   Code   RO         5467    i.us_ticker_insert_event  mbed.ar(us_ticker_api.o)
    0x0800a454   0x0800a454   0x00000044   Code   RO         5468    i.us_ticker_irq_handler  mbed.ar(us_ticker_api.o)
    0x0800a498   0x0800a498   0x00000030   Code   RO         5524    i.us_ticker_read    mbed.ar(us_ticker.o)
    0x0800a4c8   0x0800a4c8   0x0000003c   Code   RO         5469    i.us_ticker_remove_event  mbed.ar(us_ticker_api.o)
    0x0800a504   0x0800a504   0x00000014   Code   RO         5470    i.us_ticker_set_handler  mbed.ar(us_ticker_api.o)
    0x0800a518   0x0800a518   0x00000014   Code   RO         5525    i.us_ticker_set_interrupt  mbed.ar(us_ticker.o)
    0x0800a52c   0x0800a52c   0x00000028   Code   RO         5449    i.wait              mbed.ar(wait_api.o)
    0x0800a554   0x0800a554   0x0000001c   Code   RO         5450    i.wait_ms           mbed.ar(wait_api.o)
    0x0800a570   0x0800a570   0x00000018   Code   RO         5451    i.wait_us           mbed.ar(wait_api.o)
    0x0800a588   0x0800a588   0x00000014   Code   RO         6731    t._ZN4__rw12__string_refIcSt11char_traitsIcESaIcEE10_C_inc_refEv  cpp_ws.l(char.o)
    0x0800a59c   0x0800a59c   0x00000006   Code   RO         1809    t._ZN4__rw14__rw_tree_iterISt4pairIKttEiPS3_RS3_NS_17__rw_rb_tree_nodeISaIS3_ES3_tNS_11__select1stIS3_tEEEEEC1ERKSB_  bluenrgdevice.o
    0x0800a5a2   0x0800a5a2   0x00000084   Code   RO         2219    t._ZN4__rw14__rw_tree_iterISt4pairIKttEiPS3_RS3_NS_17__rw_rb_tree_nodeISaIS3_ES3_tNS_11__select1stIS3_tEEEEEmmEv  bluenrggattserver.o
    0x0800a626   0x0800a626   0x00000068   Code   RO         1731    t._ZN4__rw14__rw_tree_iterISt4pairIKttEiPS3_RS3_NS_17__rw_rb_tree_nodeISaIS3_ES3_tNS_11__select1stIS3_tEEEEEppEv  bluenrgdevice.o
    0x0800a68e   0x0800a68e   0x00000046   Code   RO         6407    t._ZN4__rw16__rw_facet_makerISt5ctypeIcEE13_C_maker_funcEiPKcj  cpp_ws.l(rwstdexcept.o)
    0x0800a6d4   0x0800a6d4   0x0000001e   Code   RO         1767    t._ZN4__rw17__rw_new_capacityINS_9__rb_treeItSt4pairIKttENS_11__select1stIS4_tEESt4lessItESaIS4_EEEEEjjPKT_  bluenrgdevice.o
    0x0800a6f2   0x0800a6f2   0x0000000a   Code   RO         2255    t._ZN4__rw17__rw_rb_tree_nodeISaISt4pairIKttEES3_tNS_11__select1stIS3_tEEE6_C_keyEv  bluenrggattserver.o
    0x0800a6fc   0x0800a6fc   0x00000008   Code   RO         1779    t._ZN4__rw17__rw_rb_tree_nodeISaISt4pairIKttEES3_tNS_11__select1stIS3_tEEE7_C_leftEv  bluenrgdevice.o
    0x0800a704   0x0800a704   0x00000008   Code   RO         1797    t._ZN4__rw17__rw_rb_tree_nodeISaISt4pairIKttEES3_tNS_11__select1stIS3_tEEE8_C_rightEv  bluenrgdevice.o
    0x0800a70c   0x0800a70c   0x00000006   Code   RO         1803    t._ZN4__rw17__rw_rb_tree_nodeISaISt4pairIKttEES3_tNS_11__select1stIS3_tEEE9_C_parentEv  bluenrgdevice.o
    0x0800a712   0x0800a712   0x00000056   Code   RO         6982    t._ZN4__rw18__rw_locale_vectorIPNS_15__rw_facet_baseEE6resizeEjRKS2_  cpp_ws.l(locale.o)
    0x0800a768   0x0800a768   0x0000000e   Code   RO         6994    t._ZN4__rw18__rw_locale_vectorIPNS_15__rw_facet_baseEED1Ev  cpp_ws.l(locale.o)
    0x0800a776   0x0800a776   0x0000000e   Code   RO         7185    t._ZN4__rw18__rw_locale_vectorIPNS_8__rw_catEED1Ev  cpp_ws.l(rwcats.o)
    0x0800a784   0x0800a784   0x00000014   Code   RO         6997    t._ZN4__rw18__rw_locale_vectorISsED1Ev  cpp_ws.l(locale.o)
    0x0800a798   0x0800a798   0x00000088   Code   RO         7065    t._ZN4__rw18__rw_locale_vectorISt18__rw_open_cat_dataE6resizeEj  cpp_ws.l(messages.o)
    0x0800a820   0x0800a820   0x00000014   Code   RO         7071    t._ZN4__rw18__rw_locale_vectorISt18__rw_open_cat_dataED1Ev  cpp_ws.l(messages.o)
    0x0800a834   0x0800a834   0x00000044   Code   RO         1860    t._ZN4__rw9__rb_treeItSt4pairIKttENS_11__select1stIS3_tEESt4lessItESaIS3_EE11_C_get_linkEv  bluenrgdevice.o
    0x0800a878   0x0800a878   0x00000020   Code   RO         1725    t._ZN4__rw9__rb_treeItSt4pairIKttENS_11__select1stIS3_tEESt4lessItESaIS3_EE11_C_put_nodeEPNS_17__rw_rb_tree_nodeIS8_S3_tS5_EEb  bluenrgdevice.o
    0x0800a898   0x0800a898   0x0000000a   Code   RO         1848    t._ZN4__rw9__rb_treeItSt4pairIKttENS_11__select1stIS3_tEESt4lessItESaIS3_EE12_C_make_iterEPNS_17__rw_rb_tree_nodeIS8_S3_tS5_EE  bluenrgdevice.o
    0x0800a8a2   0x0800a8a2   0x0000007c   Code   RO         1827    t._ZN4__rw9__rb_treeItSt4pairIKttENS_11__select1stIS3_tEESt4lessItESaIS3_EE13_C_erase_leafEPNS_17__rw_rb_tree_nodeIS8_S3_tS5_EE  bluenrgdevice.o
    0x0800a91e   0x0800a91e   0x000000aa   Code   RO         1743    t._ZN4__rw9__rb_treeItSt4pairIKttENS_11__select1stIS3_tEESt4lessItESaIS3_EE13__rotate_leftEPNS_17__rw_rb_tree_nodeIS8_S3_tS5_EE  bluenrgdevice.o
    0x0800a9c8   0x0800a9c8   0x000000aa   Code   RO         1737    t._ZN4__rw9__rb_treeItSt4pairIKttENS_11__select1stIS3_tEESt4lessItESaIS3_EE14__rotate_rightEPNS_17__rw_rb_tree_nodeIS8_S3_tS5_EE  bluenrgdevice.o
    0x0800aa72   0x0800aa72   0x0000006c   Code   RO         1866    t._ZN4__rw9__rb_treeItSt4pairIKttENS_11__select1stIS3_tEESt4lessItESaIS3_EE17_C_add_new_bufferEv  bluenrgdevice.o
    0x0800aade   0x0800aade   0x00000046   Code   RO         1719    t._ZN4__rw9__rb_treeItSt4pairIKttENS_11__select1stIS3_tEESt4lessItESaIS3_EE21_C_deallocate_buffersEv  bluenrgdevice.o
    0x0800ab24   0x0800ab24   0x00000012   Code   RO         1773    t._ZN4__rw9__rb_treeItSt4pairIKttENS_11__select1stIS3_tEESt4lessItESaIS3_EE3endEv  bluenrgdevice.o
    0x0800ab36   0x0800ab36   0x00000090   Code   RO         2231    t._ZN4__rw9__rb_treeItSt4pairIKttENS_11__select1stIS3_tEESt4lessItESaIS3_EE4findERS2_  bluenrggattserver.o
    0x0800abc6   0x0800abc6   0x0000001a   Code   RO         1791    t._ZN4__rw9__rb_treeItSt4pairIKttENS_11__select1stIS3_tEESt4lessItESaIS3_EE5beginEv  bluenrgdevice.o
    0x0800abe0   0x0800abe0   0x00000612   Code   RO         1749    t._ZN4__rw9__rb_treeItSt4pairIKttENS_11__select1stIS3_tEESt4lessItESaIS3_EE5eraseENS_14__rw_tree_iterIS3_iPS3_RS3_NS_17__rw_rb_tree_nodeIS8_S3_tS5_EEEE  bluenrgdevice.o
    0x0800b1f2   0x0800b1f2   0x000000c8   Code   RO         1761    t._ZN4__rw9__rb_treeItSt4pairIKttENS_11__select1stIS3_tEESt4lessItESaIS3_EE5eraseENS_14__rw_tree_iterIS3_iPS3_RS3_NS_17__rw_rb_tree_nodeIS8_S3_tS5_EEEESF_  bluenrgdevice.o
    0x0800b2ba   0x0800b2ba   0x0000011a   Code   RO         2225    t._ZN4__rw9__rb_treeItSt4pairIKttENS_11__select1stIS3_tEESt4lessItESaIS3_EE6insertERKS3_  bluenrggattserver.o
    0x0800b3d4   0x0800b3d4   0x00000038   Code   RO         1755    t._ZN4__rw9__rb_treeItSt4pairIKttENS_11__select1stIS3_tEESt4lessItESaIS3_EE8_C_eraseEPNS_17__rw_rb_tree_nodeIS8_S3_tS5_EE  bluenrgdevice.o
    0x0800b40c   0x0800b40c   0x000002f8   Code   RO         2213    t._ZN4__rw9__rb_treeItSt4pairIKttENS_11__select1stIS3_tEESt4lessItESaIS3_EE9_C_insertEPNS_17__rw_rb_tree_nodeIS8_S3_tS5_EESC_RKS3_  bluenrggattserver.o
    0x0800b704   0x0800b704   0x0000005c   Code   RO         1854    t._ZN4__rw9__rb_treeItSt4pairIKttENS_11__select1stIS3_tEESt4lessItESaIS3_EEC1ERKS7_bRKS8_  bluenrgdevice.o
    0x0800b760   0x0800b760   0x00000012   Code   RO         1833    t._ZN4__rweqISt4pairIKttEiPS3_RS3_S4_S5_NS_17__rw_rb_tree_nodeISaIS3_ES3_tNS_11__select1stIS3_tEEEEEEbRKNS_14__rw_tree_iterIT_T0_T1_T2_T5_EERKNSB_ISC_SD_T3_T4_SG_EE  bluenrgdevice.o
    0x0800b772   0x0800b772   0x00000056   Code   RO          126    t._ZN4mbed26FunctionPointerWithContextIPK31GattCharacteristicWriteCBParamsE12membercallerI16HeartRateServiceEEvPvPcS3_  main.o
    0x0800b7c8   0x0800b7c8   0x00000064   Code   RO          120    t._ZN4mbed38CallChainOfFunctionPointersWithContextIPK31GattCharacteristicWriteCBParamsE3addI16HeartRateServiceEEPNS_26FunctionPointerWithContextIS3_EEPT_MSA_FvS3_E  main.o
    0x0800b82c   0x0800b82c   0x00000030   Code   RO         1707    t._ZN4mbed38CallChainOfFunctionPointersWithContextIPK31GattCharacteristicWriteCBParamsED1Ev  bluenrgdevice.o
    0x0800b85c   0x0800b85c   0x0000000e   Code   RO         2273    t._ZNK4__rw14__rw_tree_iterISt4pairIKttEiPS3_RS3_NS_17__rw_rb_tree_nodeISaIS3_ES3_tNS_11__select1stIS3_tEEEEEptEv  bluenrggattserver.o
    0x0800b86a   0x0800b86a   0x0000000c   Code   RO         1785    t._ZNK4__rw9__rb_treeItSt4pairIKttENS_11__select1stIS3_tEESt4lessItESaIS3_EE11_C_leftmostEv  bluenrgdevice.o
    0x0800b876   0x0800b876   0x0000000c   Code   RO         1821    t._ZNK4__rw9__rb_treeItSt4pairIKttENS_11__select1stIS3_tEESt4lessItESaIS3_EE12_C_rightmostEv  bluenrgdevice.o
    0x0800b882   0x0800b882   0x0000000c   Code   RO         1815    t._ZNK4__rw9__rb_treeItSt4pairIKttENS_11__select1stIS3_tEESt4lessItESaIS3_EE7_C_rootEv  bluenrgdevice.o
    0x0800b88e   0x0800b88e   0x00000014   Code   RO         2261    t._ZNKSt4lessItEclERKtS2_  bluenrggattserver.o
    0x0800b8a2   0x0800b8a2   0x00000002   PAD
    0x0800b8a4   0x0800b8a4   0x00000090   Code   RO         6379    t._ZNKSt8messagesIcE6do_getEiiiRKSs  cpp_ws.l(rwstdexcept.o)
    0x0800b934   0x0800b934   0x00000006   Code   RO         6404    t._ZNKSt8messagesIcE7do_openERKSsRKSt6locale  cpp_ws.l(rwstdexcept.o)
    0x0800b93a   0x0800b93a   0x00000032   Code   RO         6951    t._ZNSs11_C_allocateEjjj  cpp_ws.l(locale.o)
    0x0800b96c   0x0800b96c   0x00000018   Code   RO         6991    t._ZNSs7replaceEjjPKcj  cpp_ws.l(locale.o)
    0x0800b984   0x0800b984   0x00000168   Code   RO         6669    t._ZNSs7replaceEjjPKcjjj  cpp_ws.l(char.o)
    0x0800baec   0x0800baec   0x00000074   Code   RO         6657    t._ZNSs9_C_getRepEjj  cpp_ws.l(char.o)
    0x0800bb60   0x0800bb60   0x00000048   Code   RO         6666    t._ZNSs9_C_unlinkEv  cpp_ws.l(char.o)
    0x0800bba8   0x0800bba8   0x00000038   Code   RO         6954    t._ZNSsC1EPKcRKSaIcE  cpp_ws.l(locale.o)
    0x0800bbe0   0x0800bbe0   0x00000010   Code   RO         6988    t._ZNSsC1ERKSaIcE   cpp_ws.l(locale.o)
    0x0800bbf0   0x0800bbf0   0x0000003e   Code   RO         6660    t._ZNSsC1ERKSs      cpp_ws.l(char.o)
    0x0800bc2e   0x0800bc2e   0x0000000c   Code   RO         6740    t._ZNSsD1Ev         cpp_ws.l(char.o)
    0x0800bc3a   0x0800bc3a   0x00000002   PAD
    0x0800bc3c   0x0800bc3c   0x0000004c   Code   RO         6960    t._ZNSsaSEPKc       cpp_ws.l(locale.o)
    0x0800bc88   0x0800bc88   0x0000003e   Code   RO         6957    t._ZNSsaSERKSs      cpp_ws.l(locale.o)
    0x0800bcc6   0x0800bcc6   0x00000014   Code   RO         2267    t._ZNSt3mapIttSt4lessItESaISt4pairIKttEEE4findERS3_  bluenrggattserver.o
    0x0800bcda   0x0800bcda   0x0000001a   Code   RO         2249    t._ZNSt4pairIN4__rw14__rw_tree_iterIS_IKttEiPS3_RS3_NS0_17__rw_rb_tree_nodeISaIS3_ES3_tNS0_11__select1stIS3_tEEEEEEbEC1ERKSB_RKb  bluenrggattserver.o
    0x0800bcf4   0x0800bcf4   0x0000000c   Code   RO         6734    t._ZSt3maxIjERKT_S2_S2_  cpp_ws.l(char.o)
    0x0800bd00   0x0800bd00   0x0000001a   Data   RO            6    .constdata          main.o
    0x0800bd1a   0x0800bd1a   0x00000002   PAD
    0x0800bd1c   0x0800bd1c   0x00000004   Data   RO         1054    .constdata          clock.o
    0x0800bd20   0x0800bd20   0x00000010   Data   RO         1099    .constdata          bluenrggap.o
    0x0800bd30   0x0800bd30   0x00000010   Data   RO         3301    .constdata          stm32f4xx_hal_rcc.o
    0x0800bd40   0x0800bd40   0x00000010   Data   RO         4116    .constdata          system_stm32f4xx.o
    0x0800bd50   0x0800bd50   0x00000074   Data   RO         5074    .constdata          mbed.ar(gpio_api.o)
    0x0800bdc4   0x0800bdc4   0x0000005d   Data   RO         5126    .constdata          mbed.ar(spi_api.o)
    0x0800be21   0x0800be21   0x00000003   PAD
    0x0800be24   0x0800be24   0x00000060   Data   RO         5159    .constdata          mbed.ar(serial_api.o)
    0x0800be84   0x0800be84   0x00000073   Data   RO         5441    .constdata          mbed.ar(gpio.o)
    0x0800bef7   0x0800bef7   0x00000001   PAD
    0x0800bef8   0x0800bef8   0x000000b4   Data   RO         5483    .constdata          mbed.ar(pinmap.o)
    0x0800bfac   0x0800bfac   0x00000048   Data   RO         5495    .constdata          mbed.ar(PeripheralPins.o)
    0x0800bff4   0x0800bff4   0x00000048   Data   RO         5496    .constdata          mbed.ar(PeripheralPins.o)
    0x0800c03c   0x0800c03c   0x00000048   Data   RO         5497    .constdata          mbed.ar(PeripheralPins.o)
    0x0800c084   0x0800c084   0x00000048   Data   RO         5498    .constdata          mbed.ar(PeripheralPins.o)
    0x0800c0cc   0x0800c0cc   0x00000048   Data   RO         5499    .constdata          mbed.ar(PeripheralPins.o)
    0x0800c114   0x0800c114   0x0000003c   Data   RO         5500    .constdata          mbed.ar(PeripheralPins.o)
    0x0800c150   0x0800c150   0x0000005c   Data   RO         6355    .constdata          cpp_ws.l(rwstdexcept.o)
    0x0800c1ac   0x0800c1ac   0x00000200   Data   RO         6636    .constdata          cpp_ws.l(char.o)
    0x0800c3ac   0x0800c3ac   0x00000081   Data   RO         7291    .constdata          mc_w.l(ctype_o.o)
    0x0800c42d   0x0800c42d   0x00000003   PAD
    0x0800c430   0x0800c430   0x00000004   Data   RO         7292    .constdata          mc_w.l(ctype_o.o)
    0x0800c434   0x0800c434   0x00000038   Data   RO         1119    .constdata__ZTV10BlueNRGGap  bluenrggap.o
    0x0800c46c   0x0800c46c   0x00000014   Data   RO         1875    .constdata__ZTV10GattServer  bluenrgdevice.o
    0x0800c480   0x0800c480   0x0000002c   Data   RO         1706    .constdata__ZTV13BlueNRGDevice  bluenrgdevice.o
    0x0800c4ac   0x0800c4ac   0x0000000c   Data   RO          133    .constdata__ZTV16HeartRateService  main.o
    0x0800c4b8   0x0800c4b8   0x00000014   Data   RO         2206    .constdata__ZTV17BlueNRGGattServer  bluenrggattserver.o
    0x0800c4cc   0x0800c4cc   0x00000010   Data   RO         2966    .constdata__ZTV18GapAdvertisingData  gapadvertisingdata.o
    0x0800c4dc   0x0800c4dc   0x0000001c   Data   RO         3039    .constdata__ZTV20GapAdvertisingParams  gapadvertisingparams.o
    0x0800c4f8   0x0800c4f8   0x00000024   Data   RO         1877    .constdata__ZTV21BLEDeviceInstanceBase  bluenrgdevice.o
    0x0800c51c   0x0800c51c   0x00000038   Data   RO         1873    .constdata__ZTV3Gap  bluenrgdevice.o
    0x0800c554   0x0800c554   0x00000010   Data   RO         2937    .constdata__ZTV4UUID  uuid.o
    0x0800c564   0x0800c564   0x0000002c   Data   RO         4852    .constdata__ZTVN4mbed10FileHandleE  retarget.o
    0x0800c590   0x0800c590   0x00000010   Data   RO         5626    .constdata__ZTVN4mbed10SerialBaseE  mbed.ar(SerialBase.o)
    0x0800c5a0   0x0800c5a0   0x00000014   Data   RO         5431    .constdata__ZTVN4mbed10TimerEventE  mbed.ar(TimerEvent.o)
    0x0800c5b4   0x0800c5b4   0x00000010   Data   RO         1879    .constdata__ZTVN4mbed38CallChainOfFunctionPointersWithContextIPK31GattCharacteristicWriteCBParamsEE  bluenrgdevice.o
    0x0800c5c4   0x0800c5c4   0x0000005c   Data   RO         5314    .constdata__ZTVN4mbed6SerialE  mbed.ar(Serial.o)
    0x0800c620   0x0800c620   0x00000044   Data   RO         5398    .constdata__ZTVN4mbed6StreamE  mbed.ar(Stream.o)
    0x0800c664   0x0800c664   0x00000014   Data   RO         5284    .constdata__ZTVN4mbed6TickerE  mbed.ar(Ticker.o)
    0x0800c678   0x0800c678   0x00000010   Data   RO         5585    .constdata__ZTVN4mbed8FileBaseE  mbed.ar(FileBase.o)
    0x0800c688   0x0800c688   0x0000003c   Data   RO         5555    .constdata__ZTVN4mbed8FileLikeE  mbed.ar(FileLike.o)
    0x0800c6c4   0x0800c6c4   0x00000014   Data   RO         6430    .constdata__ZTVNSt6locale5facetE  cpp_ws.l(rwstdexcept.o)
    0x0800c6d8   0x0800c6d8   0x00000034   Data   RO         6818    .constdata__ZTVSt12ctype_bynameIcE  cpp_ws.l(char.o)
    0x0800c70c   0x0800c70c   0x00000014   Data   RO         6432    .constdata__ZTVSt14__rw_exception  cpp_ws.l(rwstdexcept.o)
    0x0800c720   0x0800c720   0x00000034   Data   RO         6647    .constdata__ZTVSt5ctypeIcE  cpp_ws.l(char.o)
    0x0800c754   0x0800c754   0x00000020   Data   RO         6368    .constdata__ZTVSt8messagesIcE  cpp_ws.l(rwstdexcept.o)
    0x0800c774   0x0800c774   0x00000014   Data   RO         7112    .constdata__ZTVSt9exception  cpprt_w.l(exception_dtor.o)
    0x0800c788   0x0800c788   0x00000008   Data   RO         1120    .constdata__ZZN11PayloadUnit17printDataAsStringEvEs  bluenrggap.o
    0x0800c790   0x0800c790   0x00000003   Data   RO         1121    .constdata__ZZN11PayloadUnit17printDataAsStringEvEs_0  bluenrggap.o
    0x0800c793   0x0800c793   0x00000002   Data   RO         1122    .constdata__ZZN11PayloadUnit17printDataAsStringEvEs_1  bluenrggap.o
    0x0800c795   0x0800c795   0x00000001   Data   RO         6948    .constdata__ZZNK4__rw15__rw_locale_imp16_C_category_nameEiEs  cpp_ws.l(locale.o)
    0x0800c796   0x0800c796   0x00000001   Data   RO         6655    .constdata__ZZNSs7replaceEjjPKcjjjEs  cpp_ws.l(char.o)
    0x0800c797   0x0800c797   0x00000001   Data   RO         6656    .constdata__ZZNSs9_C_getRepEjjEs  cpp_ws.l(char.o)
    0x0800c798   0x0800c798   0x00000002   Data   RO         6369    .constdata__ZZNSt8messagesIcEC1EjEs  cpp_ws.l(rwstdexcept.o)
    0x0800c79a   0x0800c79a   0x00000002   PAD
    0x0800c79c   0x0800c79c   0x00000048   Data   RO            7    .conststring        main.o
    0x0800c7e4   0x0800c7e4   0x00000045   Data   RO         1100    .conststring        bluenrggap.o
    0x0800c829   0x0800c829   0x00000003   PAD
    0x0800c82c   0x0800c82c   0x0000004c   Data   RO         2190    .conststring        bluenrggattserver.o
    0x0800c878   0x0800c878   0x00000272   Data   RO         6356    .conststring        cpp_ws.l(rwstdexcept.o)
    0x0800caea   0x0800caea   0x00000002   PAD
    0x0800caec   0x0800caec   0x00000020   Data   RO         7354    Region$$Table       anon$$obj.o
    0x0800cb0c   0x0800cb0c   0x00000004   Data   RO            9    .init_array         main.o
    0x0800cb10   0x0800cb0c   0x00000004   Data   RO         1689    .init_array         bluenrgdevice.o
    0x0800cb14   0x0800cb0c   0x00000004   Data   RO         2826    .init_array         utils.o
    0x0800cb18   0x0800cb0c   0x00000000   Data   RO         6313    .init_array         mc_w.l(cpp_init.o)
    0x0800cb18   0x0800cb0c   0x00000004   Data   RO         6638    .init_array         cpp_ws.l(char.o)
    0x0800cb1c   0x0800cb0c   0x00000004   Data   RO         6931    .init_array         cpp_ws.l(locale.o)
    0x0800cb20   0x0800cb0c   0x00000004   Data   RO         7179    .init_array         cpp_ws.l(rwcats.o)


    Execution Region RW_IRAM1 (Exec base: 0x20000194, Load base: 0x0800cb24, Size: 0x0000111c, Max: 0x00017e6c, ABSOLUTE, COMPRESSED[0x00000030])

    Exec Addr    Load Addr    Size         Type   Attr      Idx    E Section Name        Object

    0x20000194   COMPRESSED   0x00000001   Data   RW            8    .data               main.o
    0x20000195   COMPRESSED   0x00000003   PAD
    0x20000198   COMPRESSED   0x0000001e   Data   RW          691    .data               hci.o
    0x200001b6   COMPRESSED   0x00000001   Data   RW          754    .data               bluenrg_shield_bsp.o
    0x200001b7   COMPRESSED   0x00000001   PAD
    0x200001b8   COMPRESSED   0x00000018   Data   RW         1101    .data               bluenrggap.o
    0x200001d0   COMPRESSED   0x00000008   Data   RW         1688    .data               bluenrgdevice.o
    0x200001d8   COMPRESSED   0x00000007   Data   RW         2564    .data               btle.o
    0x200001df   COMPRESSED   0x00000001   PAD
    0x200001e0   COMPRESSED   0x00000004   Data   RW         3425    .data               stm32f4xx_hal.o
    0x200001e4   COMPRESSED   0x00000004   Data   RW         3540    .data               hal_tick.o
    0x200001e8   COMPRESSED   0x00000004   Data   RW         4117    .data               system_stm32f4xx.o
    0x200001ec   COMPRESSED   0x00000004   Data   RW         4806    .data               retarget.o
    0x200001f0   COMPRESSED   0x00000044   Data   RW         5097    .data               mbed.ar(gpio_irq_api.o)
    0x20000234   COMPRESSED   0x00000008   Data   RW         5160    .data               mbed.ar(serial_api.o)
    0x2000023c   COMPRESSED   0x00000008   Data   RW         5471    .data               mbed.ar(us_ticker_api.o)
    0x20000244   COMPRESSED   0x00000004   Data   RW         5527    .data               mbed.ar(us_ticker.o)
    0x20000248   COMPRESSED   0x00000004   Data   RW         5574    .data               mbed.ar(FileBase.o)
    0x2000024c   COMPRESSED   0x00000004   Data   RW         6005    .data               mc_w.l(stderr.o)
    0x20000250   COMPRESSED   0x00000017   Data   RW         6357    .data               cpp_ws.l(rwstdexcept.o)
    0x20000267   COMPRESSED   0x00000001   PAD
    0x20000268   COMPRESSED   0x00000004   Data   RW         6585    .data               mc_w.l(cpp_dtor.o)
    0x2000026c   COMPRESSED   0x0000000c   Data   RW         6588    .data               mc_w.l(cpp_memory.o)
    0x20000278   COMPRESSED   0x00000008   Data   RW         6637    .data               cpp_ws.l(char.o)
    0x20000280   COMPRESSED   0x0000001c   Data   RW         6930    .data               cpp_ws.l(locale.o)
    0x2000029c   COMPRESSED   0x00000004   Data   RW         7089    .data               cpp_ws.l(rwthrowproc_noex.o)
    0x200002a0   COMPRESSED   0x00000004   Data   RW         7151    .data               mc_w.l(mvars.o)
    0x200002a4   COMPRESSED   0x00000004   Data   RW         7152    .data               mc_w.l(mvars.o)
    0x200002a8   COMPRESSED   0x00000008   Data   RW         7178    .data               cpp_ws.l(rwcats.o)
    0x200002b0   COMPRESSED   0x00000004   Data   RW         1881    .data__ZZN10BlueNRGGap11getInstanceEvE10m_instance  bluenrgdevice.o
    0x200002b4   COMPRESSED   0x00000001   Data   RW          135    .data__ZZN14BatteryServiceC1ER9BLEDevicehE12serviceAdded  main.o
    0x200002b5   COMPRESSED   0x00000001   Data   RW          134    .data__ZZN16HeartRateService12setupServiceEvE12serviceAdded  main.o
    0x200002b6   COMPRESSED   0x00000002   PAD
    0x200002b8   COMPRESSED   0x00000004   Data   RW         1883    .data__ZZN17BlueNRGGattServer11getInstanceEvE10m_instance  bluenrgdevice.o
    0x200002bc   COMPRESSED   0x00000001   Data   RW          136    .data__ZZN24DeviceInformationServiceC1ER9BLEDevicePKcS3_S3_S3_S3_S3_E12serviceAdded  main.o
    0x200002bd   COMPRESSED   0x00000003   PAD
    0x200002c0   COMPRESSED   0x00000004   Data   RW         7031    .data__ZZNKSt6locale2id7_C_initEvE9_C_id_gen  cpp_ws.l(locale.o)
    0x200002c4   COMPRESSED   0x0000000c   Data   RW         7087    .data__ZZSt13__rw_get_catsvE11__open_cats  cpp_ws.l(messages.o)
    0x200002d0        -       0x000000f8   Zero   RW            5    .bss                main.o
    0x200003c8        -       0x00000528   Zero   RW          690    .bss                hci.o
    0x200008f0        -       0x000000cc   Zero   RW          752    .bss                bluenrg_shield_bsp.o
    0x200009bc        -       0x00000074   Zero   RW         2825    .bss                utils.o
    0x20000a30        -       0x0000003c   Zero   RW         3539    .bss                hal_tick.o
    0x20000a6c        -       0x00000040   Zero   RW         4802    .bss                retarget.o
    0x20000aac        -       0x00000214   Zero   RW         5096    .bss                mbed.ar(gpio_irq_api.o)
    0x20000cc0        -       0x00000054   Zero   RW         5125    .bss                mbed.ar(spi_api.o)
    0x20000d14        -       0x00000064   Zero   RW         5158    .bss                mbed.ar(serial_api.o)
    0x20000d78        -       0x0000003c   Zero   RW         5526    .bss                mbed.ar(us_ticker.o)
    0x20000db4        -       0x00000014   Zero   RW         6006    .bss                mc_w.l(stdout_f.o)
    0x20000dc8        -       0x00000014   Zero   RW         6007    .bss                mc_w.l(stderr_f.o)
    0x20000ddc   COMPRESSED   0x00000004   PAD
    0x20000de0        -       0x00000018   Zero   RW         6354    .bss                cpp_ws.l(rwstdexcept.o)
    0x20000df8        -       0x00000010   Zero   RW         7252    .bss__ZNSs9__nullrefE  cpp_ws.l(vendor.o)
    0x20000e08        -       0x00000028   Zero   RW         1882    .bss__ZZN10BlueNRGGap11getInstanceEvE10m_instance  bluenrgdevice.o
    0x20000e30        -       0x00000080   Zero   RW         1884    .bss__ZZN17BlueNRGGattServer11getInstanceEvE10m_instance  bluenrgdevice.o
    0x20000eb0        -       0x00000400   Zero   RW         4860    HEAP                startup_stm32f401xe.o

