<!doctype html public "-//w3c//dtd html 4.0 transitional//en">
<html><head>
<title>Static Call Graph - [.\build\Nucleo_BLE_HeartRate.axf]</title></head>
<body><HR>
<H1>Static Call Graph for image .\build\Nucleo_BLE_HeartRate.axf</H1><HR>
<BR><P>#&#060CALLGRAPH&#062# ARM Linker, 5060750: Last Updated: Wed Apr 08 14:56:01 2020
<BR><P>
<H3>Maximum Stack Usage =        864 bytes + Unknown(Cycles, Untraceable Function Pointers)</H3><H3>
Call chain for Maximum Stack Depth:</H3>
main &rArr; $Super$$main &rArr; DeviceInformationService::DeviceInformationService(BLEDevice&, const char*, const char*, const char*, const char*, const char*, const char*) &rArr; GattCharacteristic::GattCharacteristic(const UUID&, unsigned char*, unsigned short, unsigned short, unsigned char, GattAttribute**, unsigned) &rArr; __aeabi_memcpy
<P>
<H3>
Mutually Recursive functions
</H3> <LI><a href="#[277]">std::basic_string&lang;char, std::char_traits&lang;char&rang;, std::allocator&lang;char&rang;&rang;::replace(unsigned, unsigned, const char*, unsigned, unsigned, unsigned)</a>&nbsp;&nbsp;&nbsp;&rArr;&nbsp;&nbsp;&nbsp;<a href="#[1eb]">__rw::__rw_throw(int, ...)</a><BR>
 <LI><a href="#[275]">std::basic_string&lang;char, std::char_traits&lang;char&rang;, std::allocator&lang;char&rang;&rang;::_C_getRep(unsigned, unsigned)</a>&nbsp;&nbsp;&nbsp;&rArr;&nbsp;&nbsp;&nbsp;<a href="#[1ee]">__rw::__rw_allocate(unsigned, int)</a><BR>
 <LI><a href="#[1b]">NMI_Handler</a>&nbsp;&nbsp;&nbsp;&rArr;&nbsp;&nbsp;&nbsp;<a href="#[1b]">NMI_Handler</a><BR>
 <LI><a href="#[1c]">HardFault_Handler</a>&nbsp;&nbsp;&nbsp;&rArr;&nbsp;&nbsp;&nbsp;<a href="#[1c]">HardFault_Handler</a><BR>
 <LI><a href="#[1d]">MemManage_Handler</a>&nbsp;&nbsp;&nbsp;&rArr;&nbsp;&nbsp;&nbsp;<a href="#[1d]">MemManage_Handler</a><BR>
 <LI><a href="#[1e]">BusFault_Handler</a>&nbsp;&nbsp;&nbsp;&rArr;&nbsp;&nbsp;&nbsp;<a href="#[1e]">BusFault_Handler</a><BR>
 <LI><a href="#[1f]">UsageFault_Handler</a>&nbsp;&nbsp;&nbsp;&rArr;&nbsp;&nbsp;&nbsp;<a href="#[1f]">UsageFault_Handler</a><BR>
 <LI><a href="#[20]">SVC_Handler</a>&nbsp;&nbsp;&nbsp;&rArr;&nbsp;&nbsp;&nbsp;<a href="#[20]">SVC_Handler</a><BR>
 <LI><a href="#[21]">DebugMon_Handler</a>&nbsp;&nbsp;&nbsp;&rArr;&nbsp;&nbsp;&nbsp;<a href="#[21]">DebugMon_Handler</a><BR>
 <LI><a href="#[22]">PendSV_Handler</a>&nbsp;&nbsp;&nbsp;&rArr;&nbsp;&nbsp;&nbsp;<a href="#[22]">PendSV_Handler</a><BR>
 <LI><a href="#[23]">SysTick_Handler</a>&nbsp;&nbsp;&nbsp;&rArr;&nbsp;&nbsp;&nbsp;<a href="#[23]">SysTick_Handler</a><BR>
 <LI><a href="#[36]">ADC_IRQHandler</a>&nbsp;&nbsp;&nbsp;&rArr;&nbsp;&nbsp;&nbsp;<a href="#[36]">ADC_IRQHandler</a><BR>
 <LI><a href="#[270]">__rw::__rb_tree&lang;unsigned short, std::pair&lang;const unsigned short, unsigned short&rang;, __rw::__select1st&lang;std::pair&lang;const unsigned short, unsigned short&rang;, unsigned short&rang;, std::less&lang;unsigned short&rang;, std::allocator&lang;std::pair&lang;const unsigned short, unsigned short&rang;&rang;&rang;::_C_erase(__rw::__rw_rb_tree_node&lang;std::allocator&lang;std::pair&lang;const unsigned short, unsigned short&rang;&rang;, std::pair&lang;const unsigned short, unsigned short&rang;, unsigned short, __rw::__select1st&lang;std::pair&lang;const unsigned short, unsigned short&rang;, unsigned short&rang;&rang;*)</a>&nbsp;&nbsp;&nbsp;&rArr;&nbsp;&nbsp;&nbsp;<a href="#[270]">__rw::__rb_tree&lang;unsigned short, std::pair&lang;const unsigned short, unsigned short&rang;, __rw::__select1st&lang;std::pair&lang;const unsigned short, unsigned short&rang;, unsigned short&rang;, std::less&lang;unsigned short&rang;, std::allocator&lang;std::pair&lang;const unsigned short, unsigned short&rang;&rang;&rang;::_C_erase(__rw::__rw_rb_tree_node&lang;std::allocator&lang;std::pair&lang;const unsigned short, unsigned short&rang;&rang;, std::pair&lang;const unsigned short, unsigned short&rang;, unsigned short, __rw::__select1st&lang;std::pair&lang;const unsigned short, unsigned short&rang;, unsigned short&rang;&rang;*)</a><BR>
</UL>
<P>
<H3>
Function Pointers
</H3><UL>
 <LI><a href="#[6c]">&lang;Func1&rang;</a> from SerialBase.o(i.<Func1>) referenced from SerialBase.o(i._ZN4mbed10SerialBaseC1E7PinNameS1_)
 <LI><a href="#[6b]">&lang;Func5&rang;</a> from locale.o(i.<Func5>) referenced from locale.o(i._ZN4__rw15__rw_locale_impC1EPKcjj)
 <LI><a href="#[36]">ADC_IRQHandler</a> from startup_stm32f401xe.o(.text) referenced from startup_stm32f401xe.o(RESET)
 <LI><a href="#[1e]">BusFault_Handler</a> from startup_stm32f401xe.o(.text) referenced from startup_stm32f401xe.o(RESET)
 <LI><a href="#[2f]">DMA1_Stream0_IRQHandler</a> from startup_stm32f401xe.o(.text) referenced from startup_stm32f401xe.o(RESET)
 <LI><a href="#[30]">DMA1_Stream1_IRQHandler</a> from startup_stm32f401xe.o(.text) referenced from startup_stm32f401xe.o(RESET)
 <LI><a href="#[31]">DMA1_Stream2_IRQHandler</a> from startup_stm32f401xe.o(.text) referenced from startup_stm32f401xe.o(RESET)
 <LI><a href="#[32]">DMA1_Stream3_IRQHandler</a> from startup_stm32f401xe.o(.text) referenced from startup_stm32f401xe.o(RESET)
 <LI><a href="#[33]">DMA1_Stream4_IRQHandler</a> from startup_stm32f401xe.o(.text) referenced from startup_stm32f401xe.o(RESET)
 <LI><a href="#[34]">DMA1_Stream5_IRQHandler</a> from startup_stm32f401xe.o(.text) referenced from startup_stm32f401xe.o(RESET)
 <LI><a href="#[35]">DMA1_Stream6_IRQHandler</a> from startup_stm32f401xe.o(.text) referenced from startup_stm32f401xe.o(RESET)
 <LI><a href="#[4a]">DMA1_Stream7_IRQHandler</a> from startup_stm32f401xe.o(.text) referenced from startup_stm32f401xe.o(RESET)
 <LI><a href="#[4e]">DMA2_Stream0_IRQHandler</a> from startup_stm32f401xe.o(.text) referenced from startup_stm32f401xe.o(RESET)
 <LI><a href="#[4f]">DMA2_Stream1_IRQHandler</a> from startup_stm32f401xe.o(.text) referenced from startup_stm32f401xe.o(RESET)
 <LI><a href="#[50]">DMA2_Stream2_IRQHandler</a> from startup_stm32f401xe.o(.text) referenced from startup_stm32f401xe.o(RESET)
 <LI><a href="#[51]">DMA2_Stream3_IRQHandler</a> from startup_stm32f401xe.o(.text) referenced from startup_stm32f401xe.o(RESET)
 <LI><a href="#[52]">DMA2_Stream4_IRQHandler</a> from startup_stm32f401xe.o(.text) referenced from startup_stm32f401xe.o(RESET)
 <LI><a href="#[54]">DMA2_Stream5_IRQHandler</a> from startup_stm32f401xe.o(.text) referenced from startup_stm32f401xe.o(RESET)
 <LI><a href="#[55]">DMA2_Stream6_IRQHandler</a> from startup_stm32f401xe.o(.text) referenced from startup_stm32f401xe.o(RESET)
 <LI><a href="#[56]">DMA2_Stream7_IRQHandler</a> from startup_stm32f401xe.o(.text) referenced from startup_stm32f401xe.o(RESET)
 <LI><a href="#[21]">DebugMon_Handler</a> from startup_stm32f401xe.o(.text) referenced from startup_stm32f401xe.o(RESET)
 <LI><a href="#[2a]">EXTI0_IRQHandler</a> from startup_stm32f401xe.o(.text) referenced from startup_stm32f401xe.o(RESET)
 <LI><a href="#[47]">EXTI15_10_IRQHandler</a> from startup_stm32f401xe.o(.text) referenced from startup_stm32f401xe.o(RESET)
 <LI><a href="#[2b]">EXTI1_IRQHandler</a> from startup_stm32f401xe.o(.text) referenced from startup_stm32f401xe.o(RESET)
 <LI><a href="#[2c]">EXTI2_IRQHandler</a> from startup_stm32f401xe.o(.text) referenced from startup_stm32f401xe.o(RESET)
 <LI><a href="#[2d]">EXTI3_IRQHandler</a> from startup_stm32f401xe.o(.text) referenced from startup_stm32f401xe.o(RESET)
 <LI><a href="#[2e]">EXTI4_IRQHandler</a> from startup_stm32f401xe.o(.text) referenced from startup_stm32f401xe.o(RESET)
 <LI><a href="#[37]">EXTI9_5_IRQHandler</a> from startup_stm32f401xe.o(.text) referenced from startup_stm32f401xe.o(RESET)
 <LI><a href="#[118]">EXTI_irq_handler</a> from bluenrg_shield_bsp.o(.text) referenced from bluenrg_shield_bsp.o(.text)
 <LI><a href="#[28]">FLASH_IRQHandler</a> from startup_stm32f401xe.o(.text) referenced from startup_stm32f401xe.o(RESET)
 <LI><a href="#[5a]">FPU_IRQHandler</a> from startup_stm32f401xe.o(.text) referenced from startup_stm32f401xe.o(RESET)
 <LI><a href="#[1c]">HardFault_Handler</a> from startup_stm32f401xe.o(.text) referenced from startup_stm32f401xe.o(RESET)
 <LI><a href="#[40]">I2C1_ER_IRQHandler</a> from startup_stm32f401xe.o(.text) referenced from startup_stm32f401xe.o(RESET)
 <LI><a href="#[3f]">I2C1_EV_IRQHandler</a> from startup_stm32f401xe.o(.text) referenced from startup_stm32f401xe.o(RESET)
 <LI><a href="#[42]">I2C2_ER_IRQHandler</a> from startup_stm32f401xe.o(.text) referenced from startup_stm32f401xe.o(RESET)
 <LI><a href="#[41]">I2C2_EV_IRQHandler</a> from startup_stm32f401xe.o(.text) referenced from startup_stm32f401xe.o(RESET)
 <LI><a href="#[59]">I2C3_ER_IRQHandler</a> from startup_stm32f401xe.o(.text) referenced from startup_stm32f401xe.o(RESET)
 <LI><a href="#[58]">I2C3_EV_IRQHandler</a> from startup_stm32f401xe.o(.text) referenced from startup_stm32f401xe.o(RESET)
 <LI><a href="#[1d]">MemManage_Handler</a> from startup_stm32f401xe.o(.text) referenced from startup_stm32f401xe.o(RESET)
 <LI><a href="#[1b]">NMI_Handler</a> from startup_stm32f401xe.o(.text) referenced from startup_stm32f401xe.o(RESET)
 <LI><a href="#[53]">OTG_FS_IRQHandler</a> from startup_stm32f401xe.o(.text) referenced from startup_stm32f401xe.o(RESET)
 <LI><a href="#[49]">OTG_FS_WKUP_IRQHandler</a> from startup_stm32f401xe.o(.text) referenced from startup_stm32f401xe.o(RESET)
 <LI><a href="#[25]">PVD_IRQHandler</a> from startup_stm32f401xe.o(.text) referenced from startup_stm32f401xe.o(RESET)
 <LI><a href="#[22]">PendSV_Handler</a> from startup_stm32f401xe.o(.text) referenced from startup_stm32f401xe.o(RESET)
 <LI><a href="#[29]">RCC_IRQHandler</a> from startup_stm32f401xe.o(.text) referenced from startup_stm32f401xe.o(RESET)
 <LI><a href="#[48]">RTC_Alarm_IRQHandler</a> from startup_stm32f401xe.o(.text) referenced from startup_stm32f401xe.o(RESET)
 <LI><a href="#[27]">RTC_WKUP_IRQHandler</a> from startup_stm32f401xe.o(.text) referenced from startup_stm32f401xe.o(RESET)
 <LI><a href="#[1a]">Reset_Handler</a> from startup_stm32f401xe.o(.text) referenced from startup_stm32f401xe.o(RESET)
 <LI><a href="#[4b]">SDIO_IRQHandler</a> from startup_stm32f401xe.o(.text) referenced from startup_stm32f401xe.o(RESET)
 <LI><a href="#[43]">SPI1_IRQHandler</a> from startup_stm32f401xe.o(.text) referenced from startup_stm32f401xe.o(RESET)
 <LI><a href="#[44]">SPI2_IRQHandler</a> from startup_stm32f401xe.o(.text) referenced from startup_stm32f401xe.o(RESET)
 <LI><a href="#[4d]">SPI3_IRQHandler</a> from startup_stm32f401xe.o(.text) referenced from startup_stm32f401xe.o(RESET)
 <LI><a href="#[5b]">SPI4_IRQHandler</a> from startup_stm32f401xe.o(.text) referenced from startup_stm32f401xe.o(RESET)
 <LI><a href="#[20]">SVC_Handler</a> from startup_stm32f401xe.o(.text) referenced from startup_stm32f401xe.o(RESET)
 <LI><a href="#[23]">SysTick_Handler</a> from startup_stm32f401xe.o(.text) referenced from startup_stm32f401xe.o(RESET)
 <LI><a href="#[61]">SystemInit</a> from system_stm32f4xx.o(i.SystemInit) referenced from startup_stm32f401xe.o(.text)
 <LI><a href="#[26]">TAMP_STAMP_IRQHandler</a> from startup_stm32f401xe.o(.text) referenced from startup_stm32f401xe.o(RESET)
 <LI><a href="#[38]">TIM1_BRK_TIM9_IRQHandler</a> from startup_stm32f401xe.o(.text) referenced from startup_stm32f401xe.o(RESET)
 <LI><a href="#[3b]">TIM1_CC_IRQHandler</a> from startup_stm32f401xe.o(.text) referenced from startup_stm32f401xe.o(RESET)
 <LI><a href="#[3a]">TIM1_TRG_COM_TIM11_IRQHandler</a> from startup_stm32f401xe.o(.text) referenced from startup_stm32f401xe.o(RESET)
 <LI><a href="#[39]">TIM1_UP_TIM10_IRQHandler</a> from startup_stm32f401xe.o(.text) referenced from startup_stm32f401xe.o(RESET)
 <LI><a href="#[3c]">TIM2_IRQHandler</a> from startup_stm32f401xe.o(.text) referenced from startup_stm32f401xe.o(RESET)
 <LI><a href="#[3d]">TIM3_IRQHandler</a> from startup_stm32f401xe.o(.text) referenced from startup_stm32f401xe.o(RESET)
 <LI><a href="#[3e]">TIM4_IRQHandler</a> from startup_stm32f401xe.o(.text) referenced from startup_stm32f401xe.o(RESET)
 <LI><a href="#[4c]">TIM5_IRQHandler</a> from startup_stm32f401xe.o(.text) referenced from startup_stm32f401xe.o(RESET)
 <LI><a href="#[45]">USART1_IRQHandler</a> from startup_stm32f401xe.o(.text) referenced from startup_stm32f401xe.o(RESET)
 <LI><a href="#[46]">USART2_IRQHandler</a> from startup_stm32f401xe.o(.text) referenced from startup_stm32f401xe.o(RESET)
 <LI><a href="#[57]">USART6_IRQHandler</a> from startup_stm32f401xe.o(.text) referenced from startup_stm32f401xe.o(RESET)
 <LI><a href="#[11c]">USER_BUTTON_EXTI_irq_handler</a> from bluenrg_shield_bsp.o(.text) referenced from bluenrg_shield_bsp.o(.text)
 <LI><a href="#[1f]">UsageFault_Handler</a> from startup_stm32f401xe.o(.text) referenced from startup_stm32f401xe.o(RESET)
 <LI><a href="#[24]">WWDG_IRQHandler</a> from startup_stm32f401xe.o(.text) referenced from startup_stm32f401xe.o(RESET)
 <LI><a href="#[d1]">update_handler()</a> from main.o(.text) referenced from main.o(.text)
 <LI><a href="#[cf]">aliveness_handler()</a> from main.o(.text) referenced from main.o(.text)
 <LI><a href="#[ce]">connectionCallback(unsigned short, const Gap::ConnectionParams_t*)</a> from main.o(.text) referenced from main.o(.text)
 <LI><a href="#[71]">__default_new_handler()</a> from arm_newhandler_noexceptions.o(.text) referenced from new.o(i._Znwj)
 <LI><a href="#[cb]">disconnectionCallback(unsigned short, Gap::DisconnectionReason_t)</a> from main.o(.text) referenced from main.o(.text)
 <LI><a href="#[86]">BlueNRGGap::disconnect(Gap::DisconnectionReason_t)</a> from bluenrggap.o(.text) referenced from bluenrggap.o(.constdata__ZTV10BlueNRGGap)
 <LI><a href="#[82]">BlueNRGGap::setAddress(Gap::addr_type_e, const unsigned char*)</a> from bluenrggap.o(.text) referenced from bluenrggap.o(.constdata__ZTV10BlueNRGGap)
 <LI><a href="#[8d]">BlueNRGGap::getAppearance(unsigned short*)</a> from bluenrggap.o(.text) referenced from bluenrggap.o(.constdata__ZTV10BlueNRGGap)
 <LI><a href="#[8b]">BlueNRGGap::getDeviceName(unsigned char*, unsigned*)</a> from bluenrggap.o(.text) referenced from bluenrggap.o(.constdata__ZTV10BlueNRGGap)
 <LI><a href="#[8c]">BlueNRGGap::setAppearance(unsigned short)</a> from bluenrggap.o(.text) referenced from bluenrggap.o(.constdata__ZTV10BlueNRGGap)
 <LI><a href="#[8a]">BlueNRGGap::setDeviceName(const unsigned char*)</a> from bluenrggap.o(.text) referenced from bluenrggap.o(.constdata__ZTV10BlueNRGGap)
 <LI><a href="#[85]">BlueNRGGap::stopAdvertising()</a> from bluenrggap.o(.text) referenced from bluenrggap.o(.constdata__ZTV10BlueNRGGap)
 <LI><a href="#[84]">BlueNRGGap::startAdvertising(const GapAdvertisingParams&)</a> from bluenrggap.o(.text) referenced from bluenrggap.o(.constdata__ZTV10BlueNRGGap)
 <LI><a href="#[83]">BlueNRGGap::setAdvertisingData(const GapAdvertisingData&, const GapAdvertisingData&)</a> from bluenrggap.o(.text) referenced from bluenrggap.o(.constdata__ZTV10BlueNRGGap)
 <LI><a href="#[89]">BlueNRGGap::updateConnectionParams(unsigned short, const Gap::ConnectionParams_t*)</a> from bluenrggap.o(.text) referenced from bluenrggap.o(.constdata__ZTV10BlueNRGGap)
 <LI><a href="#[87]">BlueNRGGap::getPreferredConnectionParams(Gap::ConnectionParams_t*)</a> from bluenrggap.o(.text) referenced from bluenrggap.o(.constdata__ZTV10BlueNRGGap)
 <LI><a href="#[88]">BlueNRGGap::setPreferredConnectionParams(const Gap::ConnectionParams_t*)</a> from bluenrggap.o(.text) referenced from bluenrggap.o(.constdata__ZTV10BlueNRGGap)
 <LI><a href="#[69]">PayloadUnit::PayloadUnit()</a> from bluenrggap.o(i._ZN11PayloadUnitC1Ev) referenced from bluenrggap.o(i._ZN10PayloadPtrC1EPKhh)
 <LI><a href="#[8f]">BlueNRGDevice::getVersion()</a> from bluenrgdevice.o(.text) referenced from bluenrgdevice.o(.constdata__ZTV13BlueNRGDevice)
 <LI><a href="#[94]">BlueNRGDevice::setTxPower(signed char)</a> from bluenrgdevice.o(.text) referenced from bluenrgdevice.o(.constdata__ZTV13BlueNRGDevice)
 <LI><a href="#[95]">BlueNRGDevice::waitForEvent()</a> from bluenrgdevice.o(.text) referenced from bluenrgdevice.o(.constdata__ZTV13BlueNRGDevice)
 <LI><a href="#[91]">BlueNRGDevice::getGattServer()</a> from bluenrgdevice.o(.text) referenced from bluenrgdevice.o(.constdata__ZTV13BlueNRGDevice)
 <LI><a href="#[92]">BlueNRGDevice::init()</a> from bluenrgdevice.o(.text) referenced from bluenrgdevice.o(.constdata__ZTV13BlueNRGDevice)
 <LI><a href="#[93]">BlueNRGDevice::reset()</a> from bluenrgdevice.o(.text) referenced from bluenrgdevice.o(.constdata__ZTV13BlueNRGDevice)
 <LI><a href="#[90]">BlueNRGDevice::getGap()</a> from bluenrgdevice.o(.text) referenced from bluenrgdevice.o(.constdata__ZTV13BlueNRGDevice)
 <LI><a href="#[97]">BlueNRGDevice::~BlueNRGDevice__deallocating()</a> from bluenrgdevice.o(.text) referenced from bluenrgdevice.o(.constdata__ZTV13BlueNRGDevice)
 <LI><a href="#[96]">BlueNRGDevice::~BlueNRGDevice()</a> from bluenrgdevice.o(.text) referenced from bluenrgdevice.o(.constdata__ZTV13BlueNRGDevice)
 <LI><a href="#[96]">BlueNRGDevice::~BlueNRGDevice()</a> from bluenrgdevice.o(.text) referenced from bluenrgdevice.o(.text)
 <LI><a href="#[98]">HeartRateService::onDataWritten(const GattCharacteristicWriteCBParams*)</a> from main.o(i._ZN16HeartRateService13onDataWrittenEPK31GattCharacteristicWriteCBParams) referenced from main.o(.constdata__ZTV16HeartRateService)
 <LI><a href="#[99]">BlueNRGGattServer::addService(GattService&)</a> from bluenrggattserver.o(.text) referenced from bluenrggattserver.o(.constdata__ZTV17BlueNRGGattServer)
 <LI><a href="#[9b]">BlueNRGGattServer::updateValue(unsigned short, unsigned char*, unsigned short, bool)</a> from bluenrggattserver.o(.text) referenced from bluenrggattserver.o(.constdata__ZTV17BlueNRGGattServer)
 <LI><a href="#[9a]">BlueNRGGattServer::readValue(unsigned short, unsigned char*, unsigned short*)</a> from bluenrggattserver.o(.text) referenced from bluenrggattserver.o(.constdata__ZTV17BlueNRGGattServer)
 <LI><a href="#[5f]">BlueNRGGattServer::~BlueNRGGattServer()</a> from bluenrgdevice.o(i._ZN17BlueNRGGattServerD1Ev) referenced from bluenrgdevice.o(.text)
 <LI><a href="#[5f]">BlueNRGGattServer::~BlueNRGGattServer()</a> from bluenrgdevice.o(i._ZN17BlueNRGGattServerD1Ev) referenced from bluenrggattserver.o(i._ZN17BlueNRGGattServer11getInstanceEv)
 <LI><a href="#[9d]">GapAdvertisingData::~GapAdvertisingData__deallocating()</a> from gapadvertisingdata.o(.text) referenced from gapadvertisingdata.o(.constdata__ZTV18GapAdvertisingData)
 <LI><a href="#[9c]">GapAdvertisingData::~GapAdvertisingData()</a> from gapadvertisingdata.o(.text) referenced from gapadvertisingdata.o(.constdata__ZTV18GapAdvertisingData)
 <LI><a href="#[9f]">GapAdvertisingParams::~GapAdvertisingParams__deallocating()</a> from gapadvertisingparams.o(.text) referenced from gapadvertisingparams.o(.constdata__ZTV20GapAdvertisingParams)
 <LI><a href="#[9e]">GapAdvertisingParams::~GapAdvertisingParams()</a> from gapadvertisingparams.o(.text) referenced from gapadvertisingparams.o(.constdata__ZTV20GapAdvertisingParams)
 <LI><a href="#[67]">[local to arm_exceptions_c]::__default_terminate_handler()</a> from arm_exceptions_globs.o(.text) referenced from arm_exceptions_globs.o(.text)
 <LI><a href="#[a4]">UUID::~UUID__deallocating()</a> from uuid.o(.text) referenced from uuid.o(.constdata__ZTV4UUID)
 <LI><a href="#[a3]">UUID::~UUID()</a> from uuid.o(.text) referenced from uuid.o(.constdata__ZTV4UUID)
 <LI><a href="#[b1]">__rw::__rw_facet_base::_C_initfacet(const std::locale&)</a> from char.o(i._ZN4__rw15__rw_facet_base12_C_initfacetERKSt6locale) referenced from rwstdexcept.o(.constdata__ZTVNSt6locale5facetE)
 <LI><a href="#[b1]">__rw::__rw_facet_base::_C_initfacet(const std::locale&)</a> from char.o(i._ZN4__rw15__rw_facet_base12_C_initfacetERKSt6locale) referenced from rwstdexcept.o(.constdata__ZTVSt8messagesIcE)
 <LI><a href="#[81]">__rw::__rw_facet_maker&lang;std::ctype&lang;char&rang;&rang;::_C_maker_func(int, const char*, unsigned)</a> from rwstdexcept.o(t._ZN4__rw16__rw_facet_makerISt5ctypeIcEE13_C_maker_funcEiPKcj) referenced from rwstdexcept.o(t._ZNKSt8messagesIcE6do_getEiiiRKSs)
 <LI><a href="#[76]">__rw::__rw_locale_vector&lang;__rw::__rw_cat*&rang;::~__rw_locale_vector()</a> from rwcats.o(t._ZN4__rw18__rw_locale_vectorIPNS_8__rw_catEED1Ev) referenced from rwcats.o(i.__sti___10_rwcats_cpp_64e8068e)
 <LI><a href="#[70]">__rw::__rw_locale_vector&lang;std::__rw_open_cat_data&rang;::~__rw_locale_vector()</a> from messages.o(t._ZN4__rw18__rw_locale_vectorISt18__rw_open_cat_dataED1Ev) referenced from messages.o(i._ZSt13__rw_get_catsv)
 <LI><a href="#[19]">__rw::__rw_throw_exception_noex(int, char*)</a> from rwthrowproc_impl_noex.o(i._ZN4__rw25__rw_throw_exception_noexEiPc) referenced 2 times from rwthrowproc_noex.o(.data)
 <LI><a href="#[a5]">mbed::FileHandle::~FileHandle__sub_object()</a> from retarget.o(i._ZN4mbed10FileHandleD2Ev) referenced from retarget.o(.constdata__ZTVN4mbed10FileHandleE)
 <LI><a href="#[6d]">mbed::SerialBase::_irq_handler(unsigned, SerialIrq)</a> from SerialBase.o(i._ZN4mbed10SerialBase12_irq_handlerEj9SerialIrq) referenced from SerialBase.o(i._ZN4mbed10SerialBaseC1E7PinNameS1_)
 <LI><a href="#[6e]">mbed::TimerEvent::irq(unsigned)</a> from TimerEvent.o(i._ZN4mbed10TimerEvent3irqEj) referenced from TimerEvent.o(i._ZN4mbed10TimerEventC2Ev)
 <LI><a href="#[a6]">mbed::TimerEvent::~TimerEvent__sub_object()</a> from TimerEvent.o(i._ZN4mbed10TimerEventD2Ev) referenced from TimerEvent.o(.constdata__ZTVN4mbed10TimerEventE)
 <LI><a href="#[80]">void mbed::FunctionPointerWithContext&lang;const GattCharacteristicWriteCBParams*&rang;::membercaller&lang;HeartRateService&rang;(void*, char*, const GattCharacteristicWriteCBParams*)</a> from main.o(t._ZN4mbed26FunctionPointerWithContextIPK31GattCharacteristicWriteCBParamsE12membercallerI16HeartRateServiceEEvPvPcS3_) referenced from main.o(t._ZN4mbed38CallChainOfFunctionPointersWithContextIPK31GattCharacteristicWriteCBParamsE3addI16HeartRateServiceEEPNS_26FunctionPointerWithContextIS3_EEPT_MSA_FvS3_E)
 <LI><a href="#[a7]">mbed::CallChainOfFunctionPointersWithContext&lang;const GattCharacteristicWriteCBParams*&rang;::~CallChainOfFunctionPointersWithContext()</a> from bluenrgdevice.o(t._ZN4mbed38CallChainOfFunctionPointersWithContextIPK31GattCharacteristicWriteCBParamsED1Ev) referenced from bluenrgdevice.o(.constdata__ZTVN4mbed38CallChainOfFunctionPointersWithContextIPK31GattCharacteristicWriteCBParamsEE)
 <LI><a href="#[60]">mbed::Serial::~Serial()</a> from Serial.o(i._ZN4mbed6SerialD1Ev) referenced from Serial.o(.constdata__ZTVN4mbed6SerialE)
 <LI><a href="#[60]">mbed::Serial::~Serial()</a> from Serial.o(i._ZN4mbed6SerialD1Ev) referenced from utils.o(.text)
 <LI><a href="#[a9]">mbed::Stream::close()</a> from Stream.o(i._ZN4mbed6Stream5closeEv) referenced from Serial.o(.constdata__ZTVN4mbed6SerialE)
 <LI><a href="#[a9]">mbed::Stream::close()</a> from Stream.o(i._ZN4mbed6Stream5closeEv) referenced from Stream.o(.constdata__ZTVN4mbed6StreamE)
 <LI><a href="#[aa]">mbed::Stream::lseek(long, int)</a> from Stream.o(i._ZN4mbed6Stream5lseekEli) referenced from Serial.o(.constdata__ZTVN4mbed6SerialE)
 <LI><a href="#[aa]">mbed::Stream::lseek(long, int)</a> from Stream.o(i._ZN4mbed6Stream5lseekEli) referenced from Stream.o(.constdata__ZTVN4mbed6StreamE)
 <LI><a href="#[a8]">mbed::Stream::write(const void*, unsigned)</a> from Stream.o(i._ZN4mbed6Stream5writeEPKvj) referenced from Serial.o(.constdata__ZTVN4mbed6SerialE)
 <LI><a href="#[a8]">mbed::Stream::write(const void*, unsigned)</a> from Stream.o(i._ZN4mbed6Stream5writeEPKvj) referenced from Stream.o(.constdata__ZTVN4mbed6StreamE)
 <LI><a href="#[ac]">mbed::Stream::~Stream__sub_object()</a> from Stream.o(i._ZN4mbed6StreamD2Ev) referenced from Stream.o(.constdata__ZTVN4mbed6StreamE)
 <LI><a href="#[ad]">mbed::Ticker::handler()</a> from Ticker.o(i._ZN4mbed6Ticker7handlerEv) referenced from Ticker.o(.constdata__ZTVN4mbed6TickerE)
 <LI><a href="#[5e]">mbed::Ticker::~Ticker()</a> from Ticker.o(i._ZN4mbed6TickerD1Ev) referenced from Ticker.o(.constdata__ZTVN4mbed6TickerE)
 <LI><a href="#[5e]">mbed::Ticker::~Ticker()</a> from Ticker.o(i._ZN4mbed6TickerD1Ev) referenced from main.o(.text)
 <LI><a href="#[ae]">mbed::FileBase::~FileBase()</a> from FileBase.o(i._ZN4mbed8FileBaseD1Ev) referenced from FileBase.o(.constdata__ZTVN4mbed8FileBaseE)
 <LI><a href="#[af]">mbed::FileLike::~FileLike__sub_object()</a> from FileLike.o(i._ZN4mbed8FileLikeD2Ev) referenced from FileLike.o(.constdata__ZTVN4mbed8FileLikeE)
 <LI><a href="#[5d]">BLEDevice::~BLEDevice()</a> from main.o(i._ZN9BLEDeviceD1Ev) referenced from main.o(.text)
 <LI><a href="#[a2]">GapAdvertisingParams::getTimeout() const</a> from gapadvertisingparams.o(i._ZNK20GapAdvertisingParams10getTimeoutEv) referenced from gapadvertisingparams.o(.constdata__ZTV20GapAdvertisingParams)
 <LI><a href="#[a1]">GapAdvertisingParams::getInterval() const</a> from gapadvertisingparams.o(i._ZNK20GapAdvertisingParams11getIntervalEv) referenced from gapadvertisingparams.o(.constdata__ZTV20GapAdvertisingParams)
 <LI><a href="#[a0]">GapAdvertisingParams::getAdvertisingType() const</a> from gapadvertisingparams.o(i._ZNK20GapAdvertisingParams18getAdvertisingTypeEv) referenced from gapadvertisingparams.o(.constdata__ZTV20GapAdvertisingParams)
 <LI><a href="#[b6]">std::__rw_exception::what() const</a> from rwstdexcept.o(i._ZNKSt14__rw_exception4whatEv) referenced from rwstdexcept.o(.constdata__ZTVSt14__rw_exception)
 <LI><a href="#[bc]">std::messages&lang;char&rang;::do_get(int, int, int, const std::basic_string&lang;char, std::char_traits&lang;char&rang;, std::allocator&lang;char&rang;&rang;&) const</a> from rwstdexcept.o(t._ZNKSt8messagesIcE6do_getEiiiRKSs) referenced from rwstdexcept.o(.constdata__ZTVSt8messagesIcE)
 <LI><a href="#[bb]">std::messages&lang;char&rang;::do_open(const std::basic_string&lang;char, std::char_traits&lang;char&rang;, std::allocator&lang;char&rang;&rang;&, const std::locale&) const</a> from rwstdexcept.o(t._ZNKSt8messagesIcE7do_openERKSsRKSt6locale) referenced from rwstdexcept.o(.constdata__ZTVSt8messagesIcE)
 <LI><a href="#[6a]">std::basic_string&lang;char, std::char_traits&lang;char&rang;, std::allocator&lang;char&rang;&rang;::~basic_string()</a> from char.o(t._ZNSsD1Ev) referenced from locale.o(i._ZN4__rw15__rw_locale_impC1EPKcjj)
 <LI><a href="#[6a]">std::basic_string&lang;char, std::char_traits&lang;char&rang;, std::allocator&lang;char&rang;&rang;::~basic_string()</a> from char.o(t._ZNSsD1Ev) referenced from locale.o(t._ZN4__rw18__rw_locale_vectorISsED1Ev)
 <LI><a href="#[b3]">std::ctype_byname&lang;char&rang;::~ctype_byname__deallocating()</a> from char.o(i._ZNSt12ctype_bynameIcED0Ev) referenced from char.o(.constdata__ZTVSt12ctype_bynameIcE)
 <LI><a href="#[b2]">std::ctype_byname&lang;char&rang;::~ctype_byname()</a> from char.o(i._ZNSt12ctype_bynameIcED1Ev) referenced from char.o(.constdata__ZTVSt12ctype_bynameIcE)
 <LI><a href="#[b5]">std::__rw_exception::~__rw_exception()</a> from rwstdexcept.o(i._ZNSt14__rw_exceptionD1Ev) referenced from rwstdexcept.o(.constdata__ZTVSt14__rw_exception)
 <LI><a href="#[7f]">std::__rw_open_cat_data::__rw_open_cat_data()</a> from messages.o(i._ZNSt18__rw_open_cat_dataC1Ev) referenced from messages.o(t._ZN4__rw18__rw_locale_vectorISt18__rw_open_cat_dataE6resizeEj)
 <LI><a href="#[7e]">std::__rw_open_cat_data::~__rw_open_cat_data()</a> from messages.o(i._ZNSt18__rw_open_cat_dataD1Ev) referenced from messages.o(t._ZN4__rw18__rw_locale_vectorISt18__rw_open_cat_dataE6resizeEj)
 <LI><a href="#[7e]">std::__rw_open_cat_data::~__rw_open_cat_data()</a> from messages.o(i._ZNSt18__rw_open_cat_dataD1Ev) referenced from messages.o(t._ZN4__rw18__rw_locale_vectorISt18__rw_open_cat_dataED1Ev)
 <LI><a href="#[b4]">std::ctype&lang;char&rang;::_C_initfacet(const std::locale&)</a> from char.o(i._ZNSt5ctypeIcE12_C_initfacetERKSt6locale) referenced from char.o(.constdata__ZTVSt12ctype_bynameIcE)
 <LI><a href="#[b4]">std::ctype&lang;char&rang;::_C_initfacet(const std::locale&)</a> from char.o(i._ZNSt5ctypeIcE12_C_initfacetERKSt6locale) referenced from char.o(.constdata__ZTVSt5ctypeIcE)
 <LI><a href="#[b8]">std::ctype&lang;char&rang;::~ctype__deallocating()</a> from char.o(i._ZNSt5ctypeIcED0Ev) referenced from char.o(.constdata__ZTVSt5ctypeIcE)
 <LI><a href="#[b7]">std::ctype&lang;char&rang;::~ctype()</a> from char.o(i._ZNSt5ctypeIcED1Ev) referenced from char.o(.constdata__ZTVSt5ctypeIcE)
 <LI><a href="#[b0]">std::locale::facet::~facet__deallocating()</a> from rwstdexcept.o(i._ZNSt6locale5facetD0Ev) referenced from rwstdexcept.o(.constdata__ZTVNSt6locale5facetE)
 <LI><a href="#[6f]">std::locale::~locale()</a> from locale.o(i._ZNSt6localeD1Ev) referenced from locale.o(i._ZNSt6locale7classicEv)
 <LI><a href="#[ba]">std::messages&lang;char&rang;::~messages__deallocating()</a> from rwstdexcept.o(i._ZNSt8messagesIcED0Ev) referenced from rwstdexcept.o(.constdata__ZTVSt8messagesIcE)
 <LI><a href="#[b9]">std::messages&lang;char&rang;::~messages()</a> from rwstdexcept.o(i._ZNSt8messagesIcED1Ev) referenced from rwstdexcept.o(.constdata__ZTVSt8messagesIcE)
 <LI><a href="#[ab]">thunk{-92} to mbed::Serial::_putc(int)</a> from Serial.o(i._ZThn92_N4mbed6Serial5_putcEi) referenced from Serial.o(.constdata__ZTVN4mbed6SerialE)
 <LI><a href="#[75]">operator delete[] (void*)</a> from array_del.o(i._ZdaPv) referenced from cxa_vec_new.o(i.__cxa_vec_new)
 <LI><a href="#[8e]">__cxa_pure_virtual</a> from pure_virt.o(i.__cxa_pure_virtual) referenced 3 times from bluenrgdevice.o(.constdata__ZTV10GattServer)
 <LI><a href="#[8e]">__cxa_pure_virtual</a> from pure_virt.o(i.__cxa_pure_virtual) referenced 7 times from bluenrgdevice.o(.constdata__ZTV21BLEDeviceInstanceBase)
 <LI><a href="#[8e]">__cxa_pure_virtual</a> from pure_virt.o(i.__cxa_pure_virtual) referenced 12 times from bluenrgdevice.o(.constdata__ZTV3Gap)
 <LI><a href="#[8e]">__cxa_pure_virtual</a> from pure_virt.o(i.__cxa_pure_virtual) referenced 6 times from retarget.o(.constdata__ZTVN4mbed10FileHandleE)
 <LI><a href="#[8e]">__cxa_pure_virtual</a> from pure_virt.o(i.__cxa_pure_virtual) referenced from TimerEvent.o(.constdata__ZTVN4mbed10TimerEventE)
 <LI><a href="#[8e]">__cxa_pure_virtual</a> from pure_virt.o(i.__cxa_pure_virtual) referenced 2 times from Stream.o(.constdata__ZTVN4mbed6StreamE)
 <LI><a href="#[8e]">__cxa_pure_virtual</a> from pure_virt.o(i.__cxa_pure_virtual) referenced 6 times from FileLike.o(.constdata__ZTVN4mbed8FileLikeE)
 <LI><a href="#[62]">__main</a> from entry.o(.ARM.Collect$$$$00000000) referenced from startup_stm32f401xe.o(.text)
 <LI><a href="#[c1]">__sti___10_locale_cpp_ff99fc7b</a> from locale.o(i.__sti___10_locale_cpp_ff99fc7b) referenced from locale.o(.init_array)
 <LI><a href="#[c2]">__sti___10_rwcats_cpp_64e8068e</a> from rwcats.o(i.__sti___10_rwcats_cpp_64e8068e) referenced from rwcats.o(.init_array)
 <LI><a href="#[be]">__sti___17_BlueNRGDevice_cpp_ef81e865</a> from bluenrgdevice.o(.text) referenced from bluenrgdevice.o(.init_array)
 <LI><a href="#[c0]">__sti___8_char_cpp_a3dc957a</a> from char.o(i.__sti___8_char_cpp_a3dc957a) referenced from char.o(.init_array)
 <LI><a href="#[bd]">__sti___8_main_cpp_ble</a> from main.o(.text) referenced from main.o(.init_array)
 <LI><a href="#[bf]">__sti___9_Utils_cpp_pc</a> from utils.o(.text) referenced from utils.o(.init_array)
 <LI><a href="#[64]">_sbackspace</a> from _sgetc.o(.text) referenced 2 times from __0sscanf.o(.text)
 <LI><a href="#[65]">_scanf_char_input</a> from scanf_char.o(.text) referenced from scanf_char.o(.text)
 <LI><a href="#[63]">_sgetc</a> from _sgetc.o(.text) referenced 2 times from __0sscanf.o(.text)
 <LI><a href="#[74]">_snputc</a> from printfa.o(i._snputc) referenced from printfa.o(i.__0vsnprintf)
 <LI><a href="#[73]">_sputc</a> from printfa.o(i._sputc) referenced from printfa.o(i.__0sprintf)
 <LI><a href="#[72]">fputc</a> from fputc_fp.o(.text) referenced from printfa.o(i.__0fprintf)
 <LI><a href="#[72]">fputc</a> from fputc_fp.o(.text) referenced from printfa.o(i.__0printf)
 <LI><a href="#[72]">fputc</a> from fputc_fp.o(.text) referenced from printfa.o(i.__0vfprintf)
 <LI><a href="#[77]">gpio_irq0</a> from gpio_irq_api.o(i.gpio_irq0) referenced from gpio_irq_api.o(i.gpio_irq_init)
 <LI><a href="#[78]">gpio_irq1</a> from gpio_irq_api.o(i.gpio_irq1) referenced from gpio_irq_api.o(i.gpio_irq_init)
 <LI><a href="#[79]">gpio_irq2</a> from gpio_irq_api.o(i.gpio_irq2) referenced from gpio_irq_api.o(i.gpio_irq_init)
 <LI><a href="#[7a]">gpio_irq3</a> from gpio_irq_api.o(i.gpio_irq3) referenced from gpio_irq_api.o(i.gpio_irq_init)
 <LI><a href="#[7b]">gpio_irq4</a> from gpio_irq_api.o(i.gpio_irq4) referenced from gpio_irq_api.o(i.gpio_irq_init)
 <LI><a href="#[7c]">gpio_irq5</a> from gpio_irq_api.o(i.gpio_irq5) referenced from gpio_irq_api.o(i.gpio_irq_init)
 <LI><a href="#[7d]">gpio_irq6</a> from gpio_irq_api.o(i.gpio_irq6) referenced from gpio_irq_api.o(i.gpio_irq_init)
 <LI><a href="#[66]">isspace</a> from isspace_o.o(.text) referenced from scanf_char.o(.text)
 <LI><a href="#[5c]">main</a> from retarget.o(i.$Sub$$main) referenced from entry9a.o(.ARM.Collect$$$$0000000B)
 <LI><a href="#[f3]">new_hci_event</a> from hci.o(.text) referenced from hci.o(.text)
 <LI><a href="#[68]">timer_irq_handler</a> from hal_tick.o(i.timer_irq_handler) referenced from hal_tick.o(i.HAL_InitTick)
</UL>
<P>
<H3>
Global Symbols
</H3>
<P><STRONG><a name="[62]"></a>__main</STRONG> (Thumb, 0 bytes, Stack size unknown bytes, entry.o(.ARM.Collect$$$$00000000))
<BR>[Address Reference Count : 1]<UL><LI> startup_stm32f401xe.o(.text)
</UL>
<P><STRONG><a name="[27b]"></a>_main_stk</STRONG> (Thumb, 0 bytes, Stack size unknown bytes, entry2.o(.ARM.Collect$$$$00000001))

<P><STRONG><a name="[c4]"></a>_main_scatterload</STRONG> (Thumb, 0 bytes, Stack size unknown bytes, entry5.o(.ARM.Collect$$$$00000004))
<BR><BR>[Calls]<UL><LI><a href="#[c5]">&gt;&gt;</a>&nbsp;&nbsp;&nbsp;__scatterload
</UL>

<P><STRONG><a name="[1af]"></a>__main_after_scatterload</STRONG> (Thumb, 0 bytes, Stack size unknown bytes, entry5.o(.ARM.Collect$$$$00000004))
<BR><BR>[Called By]<UL><LI><a href="#[c5]">&gt;&gt;</a>&nbsp;&nbsp;&nbsp;__scatterload
</UL>

<P><STRONG><a name="[c6]"></a>__use_full_stdio</STRONG> (Thumb, 0 bytes, Stack size unknown bytes, entry6b.o(.ARM.Collect$$$$00000006))
<BR><BR>[Stack]<UL><LI>Max Depth = 296 + Unknown Stack Size
<LI>Call Chain = __use_full_stdio &rArr; _initio &rArr; _sys_open &rArr; __0sscanf &rArr; __vfscanf_char &rArr; __vfscanf &rArr; _scanf_real
</UL>
<BR>[Calls]<UL><LI><a href="#[c7]">&gt;&gt;</a>&nbsp;&nbsp;&nbsp;_initio
</UL>

<P><STRONG><a name="[18c]"></a>__main_after_initio</STRONG> (Thumb, 0 bytes, Stack size unknown bytes, entry6b.o(.ARM.Collect$$$$00000006))
<BR><BR>[Called By]<UL><LI><a href="#[c7]">&gt;&gt;</a>&nbsp;&nbsp;&nbsp;_initio
</UL>

<P><STRONG><a name="[27c]"></a>_main_clock</STRONG> (Thumb, 0 bytes, Stack size unknown bytes, entry7b.o(.ARM.Collect$$$$00000008))

<P><STRONG><a name="[c8]"></a>_main_cpp_init$empty</STRONG> (Thumb, 0 bytes, Stack size unknown bytes, entry8a.o(.ARM.Collect$$$$00000009))
<BR><BR>[Stack]<UL><LI>Max Depth = 16 + Unknown Stack Size
<LI>Call Chain = _main_cpp_init$empty &rArr; __cpp_initialize__aeabi_
</UL>
<BR>[Calls]<UL><LI><a href="#[c3]">&gt;&gt;</a>&nbsp;&nbsp;&nbsp;__cpp_initialize__aeabi_
</UL>

<P><STRONG><a name="[27d]"></a>_main_cpp_init</STRONG> (Thumb, 0 bytes, Stack size unknown bytes, entry8b.o(.ARM.Collect$$$$0000000A))

<P><STRONG><a name="[27e]"></a>_main_init</STRONG> (Thumb, 0 bytes, Stack size unknown bytes, entry9a.o(.ARM.Collect$$$$0000000B))

<P><STRONG><a name="[27f]"></a>__rt_final_cpp</STRONG> (Thumb, 0 bytes, Stack size unknown bytes, entry10a.o(.ARM.Collect$$$$0000000D))

<P><STRONG><a name="[c9]"></a>__rt_final_cpp$nonempty</STRONG> (Thumb, 0 bytes, Stack size unknown bytes, entry10b.o(.ARM.Collect$$$$0000000E))
<BR><BR>[Stack]<UL><LI>Max Depth = 32 + Unknown Stack Size
<LI>Call Chain = __rt_final_cpp$nonempty &rArr; __cxa_finalize &rArr; free
</UL>
<BR>[Calls]<UL><LI><a href="#[ca]">&gt;&gt;</a>&nbsp;&nbsp;&nbsp;__cxa_finalize
</UL>

<P><STRONG><a name="[280]"></a>__rt_final_exit</STRONG> (Thumb, 0 bytes, Stack size unknown bytes, entry11a.o(.ARM.Collect$$$$0000000F))

<P><STRONG><a name="[cb]"></a>disconnectionCallback(unsigned short, Gap::DisconnectionReason_t)</STRONG> (Thumb, 50 bytes, Stack size 16 bytes, main.o(.text))
<BR><BR>[Stack]<UL><LI>Max Depth = 56<LI>Call Chain = disconnectionCallback(unsigned short, Gap::DisconnectionReason_t) &rArr; mbed::Stream::printf(const char*, ...) &rArr; fflush
</UL>
<BR>[Calls]<UL><LI><a href="#[cd]">&gt;&gt;</a>&nbsp;&nbsp;&nbsp;BLEDevice::startAdvertising()
<LI><a href="#[cc]">&gt;&gt;</a>&nbsp;&nbsp;&nbsp;mbed::Stream::printf(const char*, ...)
</UL>
<BR>[Address Reference Count : 1]<UL><LI> main.o(.text)
</UL>
<P><STRONG><a name="[ce]"></a>connectionCallback(unsigned short, const Gap::ConnectionParams_t*)</STRONG> (Thumb, 26 bytes, Stack size 16 bytes, main.o(.text))
<BR><BR>[Stack]<UL><LI>Max Depth = 56<LI>Call Chain = connectionCallback(unsigned short, const Gap::ConnectionParams_t*) &rArr; mbed::Stream::printf(const char*, ...) &rArr; fflush
</UL>
<BR>[Calls]<UL><LI><a href="#[cc]">&gt;&gt;</a>&nbsp;&nbsp;&nbsp;mbed::Stream::printf(const char*, ...)
</UL>
<BR>[Address Reference Count : 1]<UL><LI> main.o(.text)
</UL>
<P><STRONG><a name="[d1]"></a>update_handler()</STRONG> (Thumb, 8 bytes, Stack size 0 bytes, main.o(.text))
<BR>[Address Reference Count : 1]<UL><LI> main.o(.text)
</UL>
<P><STRONG><a name="[cf]"></a>aliveness_handler()</STRONG> (Thumb, 128 bytes, Stack size 24 bytes, main.o(.text))
<BR><BR>[Stack]<UL><LI>Max Depth = 96<LI>Call Chain = aliveness_handler() &rArr; mbed_assert_internal &rArr; mbed_die &rArr; wait_ms &rArr; us_ticker_read &rArr; HAL_InitTick &rArr; NVIC_SetVector &rArr; __aeabi_memmove4
</UL>
<BR>[Calls]<UL><LI><a href="#[d0]">&gt;&gt;</a>&nbsp;&nbsp;&nbsp;mbed_assert_internal
</UL>
<BR>[Address Reference Count : 1]<UL><LI> main.o(.text)
</UL>
<P><STRONG><a name="[d2]"></a>$Super$$main</STRONG> (Thumb, 328 bytes, Stack size 520 bytes, main.o(.text))
<BR><BR>[Stack]<UL><LI>Max Depth = 856<LI>Call Chain = $Super$$main &rArr; DeviceInformationService::DeviceInformationService(BLEDevice&, const char*, const char*, const char*, const char*, const char*, const char*) &rArr; GattCharacteristic::GattCharacteristic(const UUID&, unsigned char*, unsigned short, unsigned short, unsigned char, GattAttribute**, unsigned) &rArr; __aeabi_memcpy
</UL>
<BR>[Calls]<UL><LI><a href="#[d9]">&gt;&gt;</a>&nbsp;&nbsp;&nbsp;BLEDevice::accumulateAdvertisingPayload(GapAdvertisingData::DataType, const unsigned char*, unsigned char)
<LI><a href="#[cd]">&gt;&gt;</a>&nbsp;&nbsp;&nbsp;BLEDevice::startAdvertising()
<LI><a href="#[d3]">&gt;&gt;</a>&nbsp;&nbsp;&nbsp;mbed::Ticker::attach(void(*)(), float)
<LI><a href="#[d7]">&gt;&gt;</a>&nbsp;&nbsp;&nbsp;DeviceInformationService::DeviceInformationService(BLEDevice&, const char*, const char*, const char*, const char*, const char*, const char*)
<LI><a href="#[d5]">&gt;&gt;</a>&nbsp;&nbsp;&nbsp;HeartRateService::HeartRateService(BLEDevice&, unsigned char, unsigned char)
<LI><a href="#[db]">&gt;&gt;</a>&nbsp;&nbsp;&nbsp;HeartRateService::updateHeartRate(unsigned char)
<LI><a href="#[d6]">&gt;&gt;</a>&nbsp;&nbsp;&nbsp;BatteryService::BatteryService(BLEDevice&, unsigned char)
<LI><a href="#[d4]">&gt;&gt;</a>&nbsp;&nbsp;&nbsp;BLEDevice::init()
<LI><a href="#[cc]">&gt;&gt;</a>&nbsp;&nbsp;&nbsp;mbed::Stream::printf(const char*, ...)
<LI><a href="#[d8]">&gt;&gt;</a>&nbsp;&nbsp;&nbsp;GapAdvertisingData::addFlags(unsigned char)
<LI><a href="#[da]">&gt;&gt;</a>&nbsp;&nbsp;&nbsp;GapAdvertisingData::addAppearance(GapAdvertisingData::Appearance)
</UL>
<BR>[Called By]<UL><LI><a href="#[5c]">&gt;&gt;</a>&nbsp;&nbsp;&nbsp;main
</UL>

<P><STRONG><a name="[e4]"></a>HCI_Init</STRONG> (Thumb, 44 bytes, Stack size 8 bytes, hci.o(.text))
<BR><BR>[Stack]<UL><LI>Max Depth = 8<LI>Call Chain = HCI_Init
</UL>
<BR>[Calls]<UL><LI><a href="#[e6]">&gt;&gt;</a>&nbsp;&nbsp;&nbsp;list_insert_tail
<LI><a href="#[e5]">&gt;&gt;</a>&nbsp;&nbsp;&nbsp;list_init_head
</UL>
<BR>[Called By]<UL><LI><a href="#[15d]">&gt;&gt;</a>&nbsp;&nbsp;&nbsp;btle_init
</UL>

<P><STRONG><a name="[e8]"></a>HCI_Input</STRONG> (Thumb, 270 bytes, Stack size 32 bytes, hci.o(.text))
<BR><BR>[Stack]<UL><LI>Max Depth = 48<LI>Call Chain = HCI_Input &rArr; enqueue_packet
</UL>
<BR>[Calls]<UL><LI><a href="#[e7]">&gt;&gt;</a>&nbsp;&nbsp;&nbsp;enqueue_packet
</UL>
<BR>[Called By]<UL><LI><a href="#[118]">&gt;&gt;</a>&nbsp;&nbsp;&nbsp;EXTI_irq_handler
</UL>

<P><STRONG><a name="[e9]"></a>HCI_Process</STRONG> (Thumb, 70 bytes, Stack size 16 bytes, hci.o(.text))
<BR><BR>[Stack]<UL><LI>Max Depth = 616<LI>Call Chain = HCI_Process &rArr; HCI_Event_CB &rArr; BlueNRGGattServer::getInstance() &rArr; BlueNRGGattServer::BlueNRGGattServer() &rArr; __rw::__rb_tree&lang;unsigned short, std::pair&lang;const unsigned short, unsigned short&rang;, __rw::__select1st&lang;std::pair&lang;const unsigned short, unsigned short&rang;, unsigned short&rang;, std::less&lang;unsigned short&rang;, std::allocator&lang;std::pair&lang;const unsigned short, unsigned short&rang;&rang;&rang;::__rb_tree(const std::less&lang;unsigned short&rang;&, bool, const std::allocator&lang;std::pair&lang;const unsigned short, unsigned short&rang;&rang;&) &rArr; __rw::__rb_tree&lang;unsigned short, std::pair&lang;const unsigned short, unsigned short&rang;, __rw::__select1st&lang;std::pair&lang;const unsigned short, unsigned short&rang;, unsigned short&rang;, std::less&lang;unsigned short&rang;, std::allocator&lang;std::pair&lang;const unsigned short, unsigned short&rang;&rang;&rang;::_C_get_link() &rArr; __rw::__rb_tree&lang;unsigned short, std::pair&lang;const unsigned short, unsigned short&rang;, __rw::__select1st&lang;std::pair&lang;const unsigned short, unsigned short&rang;, unsigned short&rang;, std::less&lang;unsigned short&rang;, std::allocator&lang;std::pair&lang;const unsigned short, unsigned short&rang;&rang;&rang;::_C_add_new_buffer() &rArr; __rw::__rw_allocate(unsigned, int) &rArr; __rw::__rw_throw(int, ...) &rArr; std::__rw_exception::_C_vformat(int, std::__va_list) &rArr; [local to rwstdexcept_cpp]::__rw::__rw_vfmatstr(char*, unsigned, int, std::__va_list) &rArr; sscanf &rArr; __vfscanf_char &rArr; __vfscanf &rArr; _scanf_real
</UL>
<BR>[Calls]<UL><LI><a href="#[ec]">&gt;&gt;</a>&nbsp;&nbsp;&nbsp;list_remove_head
<LI><a href="#[eb]">&gt;&gt;</a>&nbsp;&nbsp;&nbsp;list_is_empty
<LI><a href="#[e6]">&gt;&gt;</a>&nbsp;&nbsp;&nbsp;list_insert_tail
<LI><a href="#[ee]">&gt;&gt;</a>&nbsp;&nbsp;&nbsp;HCI_Event_CB
<LI><a href="#[ed]">&gt;&gt;</a>&nbsp;&nbsp;&nbsp;Enable_SPI_IRQ
<LI><a href="#[ea]">&gt;&gt;</a>&nbsp;&nbsp;&nbsp;Disable_SPI_IRQ
</UL>
<BR>[Called By]<UL><LI><a href="#[95]">&gt;&gt;</a>&nbsp;&nbsp;&nbsp;BlueNRGDevice::waitForEvent()
</UL>

<P><STRONG><a name="[ef]"></a>hci_write</STRONG> (Thumb, 28 bytes, Stack size 24 bytes, hci.o(.text))
<BR><BR>[Stack]<UL><LI>Max Depth = 200<LI>Call Chain = hci_write &rArr; Hal_Write_Serial &rArr; BlueNRG_SPI_Write &rArr; gpio_write &rArr; mbed_assert_internal &rArr; mbed_die &rArr; wait_ms &rArr; us_ticker_read &rArr; HAL_InitTick &rArr; NVIC_SetVector &rArr; __aeabi_memmove4
</UL>
<BR>[Calls]<UL><LI><a href="#[f0]">&gt;&gt;</a>&nbsp;&nbsp;&nbsp;Hal_Write_Serial
</UL>
<BR>[Called By]<UL><LI><a href="#[f1]">&gt;&gt;</a>&nbsp;&nbsp;&nbsp;hci_send_cmd
</UL>

<P><STRONG><a name="[f1]"></a>hci_send_cmd</STRONG> (Thumb, 62 bytes, Stack size 32 bytes, hci.o(.text))
<BR><BR>[Stack]<UL><LI>Max Depth = 232<LI>Call Chain = hci_send_cmd &rArr; hci_write &rArr; Hal_Write_Serial &rArr; BlueNRG_SPI_Write &rArr; gpio_write &rArr; mbed_assert_internal &rArr; mbed_die &rArr; wait_ms &rArr; us_ticker_read &rArr; HAL_InitTick &rArr; NVIC_SetVector &rArr; __aeabi_memmove4
</UL>
<BR>[Calls]<UL><LI><a href="#[f2]">&gt;&gt;</a>&nbsp;&nbsp;&nbsp;Osal_MemCpy
<LI><a href="#[ef]">&gt;&gt;</a>&nbsp;&nbsp;&nbsp;hci_write
</UL>
<BR>[Called By]<UL><LI><a href="#[f4]">&gt;&gt;</a>&nbsp;&nbsp;&nbsp;hci_send_req
</UL>

<P><STRONG><a name="[f3]"></a>new_hci_event</STRONG> (Thumb, 18 bytes, Stack size 16 bytes, hci.o(.text))
<BR><BR>[Stack]<UL><LI>Max Depth = 24<LI>Call Chain = new_hci_event &rArr; Disable_SPI_IRQ
</UL>
<BR>[Calls]<UL><LI><a href="#[ea]">&gt;&gt;</a>&nbsp;&nbsp;&nbsp;Disable_SPI_IRQ
</UL>
<BR>[Address Reference Count : 1]<UL><LI> hci.o(.text)
</UL>
<P><STRONG><a name="[f4]"></a>hci_send_req</STRONG> (Thumb, 390 bytes, Stack size 56 bytes, hci.o(.text))
<BR><BR>[Stack]<UL><LI>Max Depth = 288<LI>Call Chain = hci_send_req &rArr; hci_send_cmd &rArr; hci_write &rArr; Hal_Write_Serial &rArr; BlueNRG_SPI_Write &rArr; gpio_write &rArr; mbed_assert_internal &rArr; mbed_die &rArr; wait_ms &rArr; us_ticker_read &rArr; HAL_InitTick &rArr; NVIC_SetVector &rArr; __aeabi_memmove4
</UL>
<BR>[Calls]<UL><LI><a href="#[f6]">&gt;&gt;</a>&nbsp;&nbsp;&nbsp;Timer_Set
<LI><a href="#[f7]">&gt;&gt;</a>&nbsp;&nbsp;&nbsp;Timer_Expired
<LI><a href="#[f2]">&gt;&gt;</a>&nbsp;&nbsp;&nbsp;Osal_MemCpy
<LI><a href="#[ed]">&gt;&gt;</a>&nbsp;&nbsp;&nbsp;Enable_SPI_IRQ
<LI><a href="#[f1]">&gt;&gt;</a>&nbsp;&nbsp;&nbsp;hci_send_cmd
<LI><a href="#[f5]">&gt;&gt;</a>&nbsp;&nbsp;&nbsp;hci_set_packet_complete_callback
</UL>
<BR>[Called By]<UL><LI><a href="#[152]">&gt;&gt;</a>&nbsp;&nbsp;&nbsp;aci_updater_hw_version
<LI><a href="#[151]">&gt;&gt;</a>&nbsp;&nbsp;&nbsp;aci_updater_calc_crc
<LI><a href="#[150]">&gt;&gt;</a>&nbsp;&nbsp;&nbsp;aci_updater_read_data_block
<LI><a href="#[14f]">&gt;&gt;</a>&nbsp;&nbsp;&nbsp;aci_updater_program_data_block
<LI><a href="#[14e]">&gt;&gt;</a>&nbsp;&nbsp;&nbsp;aci_updater_erase_sector
<LI><a href="#[14d]">&gt;&gt;</a>&nbsp;&nbsp;&nbsp;aci_reset_blue_flag
<LI><a href="#[14c]">&gt;&gt;</a>&nbsp;&nbsp;&nbsp;aci_erase_blue_flag
<LI><a href="#[14b]">&gt;&gt;</a>&nbsp;&nbsp;&nbsp;aci_get_updater_buffer_size
<LI><a href="#[14a]">&gt;&gt;</a>&nbsp;&nbsp;&nbsp;aci_get_updater_version
<LI><a href="#[149]">&gt;&gt;</a>&nbsp;&nbsp;&nbsp;aci_updater_reboot
<LI><a href="#[148]">&gt;&gt;</a>&nbsp;&nbsp;&nbsp;aci_updater_start
<LI><a href="#[147]">&gt;&gt;</a>&nbsp;&nbsp;&nbsp;aci_hal_tone_start
<LI><a href="#[146]">&gt;&gt;</a>&nbsp;&nbsp;&nbsp;aci_l2cap_connection_parameter_update_request
<LI><a href="#[145]">&gt;&gt;</a>&nbsp;&nbsp;&nbsp;aci_gap_terminate
<LI><a href="#[144]">&gt;&gt;</a>&nbsp;&nbsp;&nbsp;aci_gap_terminate_gap_procedure
<LI><a href="#[143]">&gt;&gt;</a>&nbsp;&nbsp;&nbsp;aci_gap_create_connection
<LI><a href="#[142]">&gt;&gt;</a>&nbsp;&nbsp;&nbsp;aci_gap_start_auto_conn_establishment
<LI><a href="#[141]">&gt;&gt;</a>&nbsp;&nbsp;&nbsp;aci_gap_start_general_discovery_proc
<LI><a href="#[140]">&gt;&gt;</a>&nbsp;&nbsp;&nbsp;aci_gap_start_limited_discovery_proc
<LI><a href="#[13f]">&gt;&gt;</a>&nbsp;&nbsp;&nbsp;aci_gap_set_auth_requirement
<LI><a href="#[13e]">&gt;&gt;</a>&nbsp;&nbsp;&nbsp;aci_hal_set_tx_power_level
<LI><a href="#[13d]">&gt;&gt;</a>&nbsp;&nbsp;&nbsp;aci_hal_write_config_data
<LI><a href="#[13c]">&gt;&gt;</a>&nbsp;&nbsp;&nbsp;aci_gatt_write_charac_descriptor
<LI><a href="#[13b]">&gt;&gt;</a>&nbsp;&nbsp;&nbsp;aci_gatt_write_charac_value
<LI><a href="#[13a]">&gt;&gt;</a>&nbsp;&nbsp;&nbsp;aci_gatt_read_long_charac_val
<LI><a href="#[139]">&gt;&gt;</a>&nbsp;&nbsp;&nbsp;aci_gatt_read_charac_val
<LI><a href="#[138]">&gt;&gt;</a>&nbsp;&nbsp;&nbsp;aci_gatt_write_response
<LI><a href="#[137]">&gt;&gt;</a>&nbsp;&nbsp;&nbsp;aci_gatt_write_without_response
<LI><a href="#[136]">&gt;&gt;</a>&nbsp;&nbsp;&nbsp;aci_gatt_disc_all_charac_descriptors
<LI><a href="#[135]">&gt;&gt;</a>&nbsp;&nbsp;&nbsp;aci_gatt_disc_all_charac_of_serv
<LI><a href="#[134]">&gt;&gt;</a>&nbsp;&nbsp;&nbsp;aci_gatt_find_included_services
<LI><a href="#[133]">&gt;&gt;</a>&nbsp;&nbsp;&nbsp;aci_gatt_disc_all_prim_services
<LI><a href="#[132]">&gt;&gt;</a>&nbsp;&nbsp;&nbsp;aci_gatt_set_desc_value
<LI><a href="#[131]">&gt;&gt;</a>&nbsp;&nbsp;&nbsp;aci_gatt_allow_read
<LI><a href="#[130]">&gt;&gt;</a>&nbsp;&nbsp;&nbsp;aci_gatt_update_char_value
<LI><a href="#[12f]">&gt;&gt;</a>&nbsp;&nbsp;&nbsp;aci_gatt_add_char_desc
<LI><a href="#[12e]">&gt;&gt;</a>&nbsp;&nbsp;&nbsp;aci_gatt_add_char
<LI><a href="#[12d]">&gt;&gt;</a>&nbsp;&nbsp;&nbsp;aci_gatt_add_serv
<LI><a href="#[12c]">&gt;&gt;</a>&nbsp;&nbsp;&nbsp;aci_gap_update_adv_data
<LI><a href="#[12b]">&gt;&gt;</a>&nbsp;&nbsp;&nbsp;aci_gap_set_discoverable
<LI><a href="#[12a]">&gt;&gt;</a>&nbsp;&nbsp;&nbsp;aci_gap_set_non_discoverable
<LI><a href="#[129]">&gt;&gt;</a>&nbsp;&nbsp;&nbsp;aci_gap_init
<LI><a href="#[128]">&gt;&gt;</a>&nbsp;&nbsp;&nbsp;aci_gatt_init
<LI><a href="#[114]">&gt;&gt;</a>&nbsp;&nbsp;&nbsp;hci_le_test_end
<LI><a href="#[113]">&gt;&gt;</a>&nbsp;&nbsp;&nbsp;hci_le_transmitter_test
<LI><a href="#[112]">&gt;&gt;</a>&nbsp;&nbsp;&nbsp;hci_le_receiver_test
<LI><a href="#[111]">&gt;&gt;</a>&nbsp;&nbsp;&nbsp;hci_le_read_supported_states
<LI><a href="#[110]">&gt;&gt;</a>&nbsp;&nbsp;&nbsp;hci_le_read_channel_map
<LI><a href="#[10f]">&gt;&gt;</a>&nbsp;&nbsp;&nbsp;hci_le_read_local_supported_features
<LI><a href="#[10e]">&gt;&gt;</a>&nbsp;&nbsp;&nbsp;hci_read_rssi
<LI><a href="#[10d]">&gt;&gt;</a>&nbsp;&nbsp;&nbsp;hci_read_transmit_power_level
<LI><a href="#[10c]">&gt;&gt;</a>&nbsp;&nbsp;&nbsp;hci_le_remove_device_from_white_list
<LI><a href="#[10b]">&gt;&gt;</a>&nbsp;&nbsp;&nbsp;hci_le_add_device_to_white_list
<LI><a href="#[10a]">&gt;&gt;</a>&nbsp;&nbsp;&nbsp;hci_le_clear_white_list
<LI><a href="#[109]">&gt;&gt;</a>&nbsp;&nbsp;&nbsp;hci_le_read_white_list_size
<LI><a href="#[108]">&gt;&gt;</a>&nbsp;&nbsp;&nbsp;hci_le_ltk_request_neg_reply
<LI><a href="#[107]">&gt;&gt;</a>&nbsp;&nbsp;&nbsp;hci_le_ltk_request_reply
<LI><a href="#[106]">&gt;&gt;</a>&nbsp;&nbsp;&nbsp;hci_le_encrypt
<LI><a href="#[105]">&gt;&gt;</a>&nbsp;&nbsp;&nbsp;hci_le_create_connection
<LI><a href="#[104]">&gt;&gt;</a>&nbsp;&nbsp;&nbsp;hci_read_bd_addr
<LI><a href="#[103]">&gt;&gt;</a>&nbsp;&nbsp;&nbsp;hci_le_set_random_address
<LI><a href="#[102]">&gt;&gt;</a>&nbsp;&nbsp;&nbsp;hci_le_read_advertising_channel_tx_power
<LI><a href="#[101]">&gt;&gt;</a>&nbsp;&nbsp;&nbsp;hci_le_set_scan_resp_data
<LI><a href="#[100]">&gt;&gt;</a>&nbsp;&nbsp;&nbsp;hci_le_rand
<LI><a href="#[ff]">&gt;&gt;</a>&nbsp;&nbsp;&nbsp;hci_le_set_advertise_enable
<LI><a href="#[fe]">&gt;&gt;</a>&nbsp;&nbsp;&nbsp;hci_le_set_advertising_data
<LI><a href="#[fd]">&gt;&gt;</a>&nbsp;&nbsp;&nbsp;hci_le_set_advertising_parameters
<LI><a href="#[fc]">&gt;&gt;</a>&nbsp;&nbsp;&nbsp;hci_le_read_buffer_size
<LI><a href="#[fb]">&gt;&gt;</a>&nbsp;&nbsp;&nbsp;hci_le_read_local_version
<LI><a href="#[fa]">&gt;&gt;</a>&nbsp;&nbsp;&nbsp;hci_disconnect
<LI><a href="#[f8]">&gt;&gt;</a>&nbsp;&nbsp;&nbsp;hci_reset
</UL>

<P><STRONG><a name="[f8]"></a>hci_reset</STRONG> (Thumb, 104 bytes, Stack size 32 bytes, hci.o(.text), UNUSED)
<BR><BR>[Calls]<UL><LI><a href="#[f9]">&gt;&gt;</a>&nbsp;&nbsp;&nbsp;Osal_MemSet
<LI><a href="#[f4]">&gt;&gt;</a>&nbsp;&nbsp;&nbsp;hci_send_req
</UL>

<P><STRONG><a name="[fa]"></a>hci_disconnect</STRONG> (Thumb, 92 bytes, Stack size 48 bytes, hci.o(.text), UNUSED)
<BR><BR>[Calls]<UL><LI><a href="#[f9]">&gt;&gt;</a>&nbsp;&nbsp;&nbsp;Osal_MemSet
<LI><a href="#[f4]">&gt;&gt;</a>&nbsp;&nbsp;&nbsp;hci_send_req
</UL>

<P><STRONG><a name="[fb]"></a>hci_le_read_local_version</STRONG> (Thumb, 84 bytes, Stack size 40 bytes, hci.o(.text), UNUSED)
<BR><BR>[Calls]<UL><LI><a href="#[f9]">&gt;&gt;</a>&nbsp;&nbsp;&nbsp;Osal_MemSet
<LI><a href="#[f4]">&gt;&gt;</a>&nbsp;&nbsp;&nbsp;hci_send_req
</UL>

<P><STRONG><a name="[fc]"></a>hci_le_read_buffer_size</STRONG> (Thumb, 100 bytes, Stack size 40 bytes, hci.o(.text), UNUSED)
<BR><BR>[Calls]<UL><LI><a href="#[f9]">&gt;&gt;</a>&nbsp;&nbsp;&nbsp;Osal_MemSet
<LI><a href="#[f4]">&gt;&gt;</a>&nbsp;&nbsp;&nbsp;hci_send_req
</UL>

<P><STRONG><a name="[fd]"></a>hci_le_set_advertising_parameters</STRONG> (Thumb, 146 bytes, Stack size 80 bytes, hci.o(.text), UNUSED)
<BR><BR>[Calls]<UL><LI><a href="#[f9]">&gt;&gt;</a>&nbsp;&nbsp;&nbsp;Osal_MemSet
<LI><a href="#[f2]">&gt;&gt;</a>&nbsp;&nbsp;&nbsp;Osal_MemCpy
<LI><a href="#[f4]">&gt;&gt;</a>&nbsp;&nbsp;&nbsp;hci_send_req
</UL>

<P><STRONG><a name="[fe]"></a>hci_le_set_advertising_data</STRONG> (Thumb, 114 bytes, Stack size 72 bytes, hci.o(.text), UNUSED)
<BR><BR>[Calls]<UL><LI><a href="#[f9]">&gt;&gt;</a>&nbsp;&nbsp;&nbsp;Osal_MemSet
<LI><a href="#[f2]">&gt;&gt;</a>&nbsp;&nbsp;&nbsp;Osal_MemCpy
<LI><a href="#[f4]">&gt;&gt;</a>&nbsp;&nbsp;&nbsp;hci_send_req
</UL>

<P><STRONG><a name="[ff]"></a>hci_le_set_advertise_enable</STRONG> (Thumb, 96 bytes, Stack size 40 bytes, hci.o(.text), UNUSED)
<BR><BR>[Calls]<UL><LI><a href="#[f9]">&gt;&gt;</a>&nbsp;&nbsp;&nbsp;Osal_MemSet
<LI><a href="#[f4]">&gt;&gt;</a>&nbsp;&nbsp;&nbsp;hci_send_req
</UL>

<P><STRONG><a name="[100]"></a>hci_le_rand</STRONG> (Thumb, 98 bytes, Stack size 48 bytes, hci.o(.text), UNUSED)
<BR><BR>[Calls]<UL><LI><a href="#[f9]">&gt;&gt;</a>&nbsp;&nbsp;&nbsp;Osal_MemSet
<LI><a href="#[f2]">&gt;&gt;</a>&nbsp;&nbsp;&nbsp;Osal_MemCpy
<LI><a href="#[f4]">&gt;&gt;</a>&nbsp;&nbsp;&nbsp;hci_send_req
</UL>

<P><STRONG><a name="[101]"></a>hci_le_set_scan_resp_data</STRONG> (Thumb, 116 bytes, Stack size 72 bytes, hci.o(.text))
<BR><BR>[Stack]<UL><LI>Max Depth = 360<LI>Call Chain = hci_le_set_scan_resp_data &rArr; hci_send_req &rArr; hci_send_cmd &rArr; hci_write &rArr; Hal_Write_Serial &rArr; BlueNRG_SPI_Write &rArr; gpio_write &rArr; mbed_assert_internal &rArr; mbed_die &rArr; wait_ms &rArr; us_ticker_read &rArr; HAL_InitTick &rArr; NVIC_SetVector &rArr; __aeabi_memmove4
</UL>
<BR>[Calls]<UL><LI><a href="#[f9]">&gt;&gt;</a>&nbsp;&nbsp;&nbsp;Osal_MemSet
<LI><a href="#[f2]">&gt;&gt;</a>&nbsp;&nbsp;&nbsp;Osal_MemCpy
<LI><a href="#[f4]">&gt;&gt;</a>&nbsp;&nbsp;&nbsp;hci_send_req
</UL>
<BR>[Called By]<UL><LI><a href="#[84]">&gt;&gt;</a>&nbsp;&nbsp;&nbsp;BlueNRGGap::startAdvertising(const GapAdvertisingParams&)
<LI><a href="#[17b]">&gt;&gt;</a>&nbsp;&nbsp;&nbsp;setConnectable
</UL>

<P><STRONG><a name="[102]"></a>hci_le_read_advertising_channel_tx_power</STRONG> (Thumb, 92 bytes, Stack size 40 bytes, hci.o(.text), UNUSED)
<BR><BR>[Calls]<UL><LI><a href="#[f9]">&gt;&gt;</a>&nbsp;&nbsp;&nbsp;Osal_MemSet
<LI><a href="#[f4]">&gt;&gt;</a>&nbsp;&nbsp;&nbsp;hci_send_req
</UL>

<P><STRONG><a name="[103]"></a>hci_le_set_random_address</STRONG> (Thumb, 98 bytes, Stack size 48 bytes, hci.o(.text), UNUSED)
<BR><BR>[Calls]<UL><LI><a href="#[f9]">&gt;&gt;</a>&nbsp;&nbsp;&nbsp;Osal_MemSet
<LI><a href="#[f2]">&gt;&gt;</a>&nbsp;&nbsp;&nbsp;Osal_MemCpy
<LI><a href="#[f4]">&gt;&gt;</a>&nbsp;&nbsp;&nbsp;hci_send_req
</UL>

<P><STRONG><a name="[104]"></a>hci_read_bd_addr</STRONG> (Thumb, 98 bytes, Stack size 40 bytes, hci.o(.text), UNUSED)
<BR><BR>[Calls]<UL><LI><a href="#[f9]">&gt;&gt;</a>&nbsp;&nbsp;&nbsp;Osal_MemSet
<LI><a href="#[f2]">&gt;&gt;</a>&nbsp;&nbsp;&nbsp;Osal_MemCpy
<LI><a href="#[f4]">&gt;&gt;</a>&nbsp;&nbsp;&nbsp;hci_send_req
</UL>

<P><STRONG><a name="[105]"></a>hci_le_create_connection</STRONG> (Thumb, 172 bytes, Stack size 96 bytes, hci.o(.text), UNUSED)
<BR><BR>[Calls]<UL><LI><a href="#[f9]">&gt;&gt;</a>&nbsp;&nbsp;&nbsp;Osal_MemSet
<LI><a href="#[f2]">&gt;&gt;</a>&nbsp;&nbsp;&nbsp;Osal_MemCpy
<LI><a href="#[f4]">&gt;&gt;</a>&nbsp;&nbsp;&nbsp;hci_send_req
</UL>

<P><STRONG><a name="[106]"></a>hci_le_encrypt</STRONG> (Thumb, 124 bytes, Stack size 96 bytes, hci.o(.text), UNUSED)
<BR><BR>[Calls]<UL><LI><a href="#[f9]">&gt;&gt;</a>&nbsp;&nbsp;&nbsp;Osal_MemSet
<LI><a href="#[f2]">&gt;&gt;</a>&nbsp;&nbsp;&nbsp;Osal_MemCpy
<LI><a href="#[f4]">&gt;&gt;</a>&nbsp;&nbsp;&nbsp;hci_send_req
</UL>

<P><STRONG><a name="[107]"></a>hci_le_ltk_request_reply</STRONG> (Thumb, 106 bytes, Stack size 56 bytes, hci.o(.text), UNUSED)
<BR><BR>[Calls]<UL><LI><a href="#[f9]">&gt;&gt;</a>&nbsp;&nbsp;&nbsp;Osal_MemSet
<LI><a href="#[f2]">&gt;&gt;</a>&nbsp;&nbsp;&nbsp;Osal_MemCpy
<LI><a href="#[f4]">&gt;&gt;</a>&nbsp;&nbsp;&nbsp;hci_send_req
</UL>

<P><STRONG><a name="[108]"></a>hci_le_ltk_request_neg_reply</STRONG> (Thumb, 90 bytes, Stack size 40 bytes, hci.o(.text), UNUSED)
<BR><BR>[Calls]<UL><LI><a href="#[f9]">&gt;&gt;</a>&nbsp;&nbsp;&nbsp;Osal_MemSet
<LI><a href="#[f4]">&gt;&gt;</a>&nbsp;&nbsp;&nbsp;hci_send_req
</UL>

<P><STRONG><a name="[109]"></a>hci_le_read_white_list_size</STRONG> (Thumb, 86 bytes, Stack size 40 bytes, hci.o(.text), UNUSED)
<BR><BR>[Calls]<UL><LI><a href="#[f9]">&gt;&gt;</a>&nbsp;&nbsp;&nbsp;Osal_MemSet
<LI><a href="#[f4]">&gt;&gt;</a>&nbsp;&nbsp;&nbsp;hci_send_req
</UL>

<P><STRONG><a name="[10a]"></a>hci_le_clear_white_list</STRONG> (Thumb, 68 bytes, Stack size 32 bytes, hci.o(.text), UNUSED)
<BR><BR>[Calls]<UL><LI><a href="#[f9]">&gt;&gt;</a>&nbsp;&nbsp;&nbsp;Osal_MemSet
<LI><a href="#[f4]">&gt;&gt;</a>&nbsp;&nbsp;&nbsp;hci_send_req
</UL>

<P><STRONG><a name="[10b]"></a>hci_le_add_device_to_white_list</STRONG> (Thumb, 96 bytes, Stack size 48 bytes, hci.o(.text), UNUSED)
<BR><BR>[Calls]<UL><LI><a href="#[f9]">&gt;&gt;</a>&nbsp;&nbsp;&nbsp;Osal_MemSet
<LI><a href="#[f2]">&gt;&gt;</a>&nbsp;&nbsp;&nbsp;Osal_MemCpy
<LI><a href="#[f4]">&gt;&gt;</a>&nbsp;&nbsp;&nbsp;hci_send_req
</UL>

<P><STRONG><a name="[10c]"></a>hci_le_remove_device_from_white_list</STRONG> (Thumb, 96 bytes, Stack size 48 bytes, hci.o(.text), UNUSED)
<BR><BR>[Calls]<UL><LI><a href="#[f9]">&gt;&gt;</a>&nbsp;&nbsp;&nbsp;Osal_MemSet
<LI><a href="#[f2]">&gt;&gt;</a>&nbsp;&nbsp;&nbsp;Osal_MemCpy
<LI><a href="#[f4]">&gt;&gt;</a>&nbsp;&nbsp;&nbsp;hci_send_req
</UL>

<P><STRONG><a name="[10d]"></a>hci_read_transmit_power_level</STRONG> (Thumb, 116 bytes, Stack size 48 bytes, hci.o(.text), UNUSED)
<BR><BR>[Calls]<UL><LI><a href="#[f9]">&gt;&gt;</a>&nbsp;&nbsp;&nbsp;Osal_MemSet
<LI><a href="#[f4]">&gt;&gt;</a>&nbsp;&nbsp;&nbsp;hci_send_req
</UL>

<P><STRONG><a name="[10e]"></a>hci_read_rssi</STRONG> (Thumb, 104 bytes, Stack size 48 bytes, hci.o(.text), UNUSED)
<BR><BR>[Calls]<UL><LI><a href="#[f9]">&gt;&gt;</a>&nbsp;&nbsp;&nbsp;Osal_MemSet
<LI><a href="#[f4]">&gt;&gt;</a>&nbsp;&nbsp;&nbsp;hci_send_req
</UL>

<P><STRONG><a name="[10f]"></a>hci_le_read_local_supported_features</STRONG> (Thumb, 92 bytes, Stack size 48 bytes, hci.o(.text), UNUSED)
<BR><BR>[Calls]<UL><LI><a href="#[f9]">&gt;&gt;</a>&nbsp;&nbsp;&nbsp;Osal_MemSet
<LI><a href="#[f2]">&gt;&gt;</a>&nbsp;&nbsp;&nbsp;Osal_MemCpy
<LI><a href="#[f4]">&gt;&gt;</a>&nbsp;&nbsp;&nbsp;hci_send_req
</UL>

<P><STRONG><a name="[110]"></a>hci_le_read_channel_map</STRONG> (Thumb, 104 bytes, Stack size 48 bytes, hci.o(.text), UNUSED)
<BR><BR>[Calls]<UL><LI><a href="#[f9]">&gt;&gt;</a>&nbsp;&nbsp;&nbsp;Osal_MemSet
<LI><a href="#[f2]">&gt;&gt;</a>&nbsp;&nbsp;&nbsp;Osal_MemCpy
<LI><a href="#[f4]">&gt;&gt;</a>&nbsp;&nbsp;&nbsp;hci_send_req
</UL>

<P><STRONG><a name="[111]"></a>hci_le_read_supported_states</STRONG> (Thumb, 92 bytes, Stack size 48 bytes, hci.o(.text), UNUSED)
<BR><BR>[Calls]<UL><LI><a href="#[f9]">&gt;&gt;</a>&nbsp;&nbsp;&nbsp;Osal_MemSet
<LI><a href="#[f2]">&gt;&gt;</a>&nbsp;&nbsp;&nbsp;Osal_MemCpy
<LI><a href="#[f4]">&gt;&gt;</a>&nbsp;&nbsp;&nbsp;hci_send_req
</UL>

<P><STRONG><a name="[112]"></a>hci_le_receiver_test</STRONG> (Thumb, 78 bytes, Stack size 40 bytes, hci.o(.text), UNUSED)
<BR><BR>[Calls]<UL><LI><a href="#[f9]">&gt;&gt;</a>&nbsp;&nbsp;&nbsp;Osal_MemSet
<LI><a href="#[f4]">&gt;&gt;</a>&nbsp;&nbsp;&nbsp;hci_send_req
</UL>

<P><STRONG><a name="[113]"></a>hci_le_transmitter_test</STRONG> (Thumb, 94 bytes, Stack size 48 bytes, hci.o(.text), UNUSED)
<BR><BR>[Calls]<UL><LI><a href="#[f9]">&gt;&gt;</a>&nbsp;&nbsp;&nbsp;Osal_MemSet
<LI><a href="#[f4]">&gt;&gt;</a>&nbsp;&nbsp;&nbsp;hci_send_req
</UL>

<P><STRONG><a name="[114]"></a>hci_le_test_end</STRONG> (Thumb, 86 bytes, Stack size 40 bytes, hci.o(.text), UNUSED)
<BR><BR>[Calls]<UL><LI><a href="#[f9]">&gt;&gt;</a>&nbsp;&nbsp;&nbsp;Osal_MemSet
<LI><a href="#[f4]">&gt;&gt;</a>&nbsp;&nbsp;&nbsp;hci_send_req
</UL>

<P><STRONG><a name="[11c]"></a>USER_BUTTON_EXTI_irq_handler</STRONG> (Thumb, 8 bytes, Stack size 0 bytes, bluenrg_shield_bsp.o(.text))
<BR>[Address Reference Count : 1]<UL><LI> bluenrg_shield_bsp.o(.text)
</UL>
<P><STRONG><a name="[116]"></a>BlueNRG_SPI_Read_All</STRONG> (Thumb, 146 bytes, Stack size 56 bytes, bluenrg_shield_bsp.o(.text))
<BR><BR>[Stack]<UL><LI>Max Depth = 144<LI>Call Chain = BlueNRG_SPI_Read_All &rArr; gpio_write &rArr; mbed_assert_internal &rArr; mbed_die &rArr; wait_ms &rArr; us_ticker_read &rArr; HAL_InitTick &rArr; NVIC_SetVector &rArr; __aeabi_memmove4
</UL>
<BR>[Calls]<UL><LI><a href="#[117]">&gt;&gt;</a>&nbsp;&nbsp;&nbsp;spi_master_write
<LI><a href="#[115]">&gt;&gt;</a>&nbsp;&nbsp;&nbsp;gpio_write
</UL>
<BR>[Called By]<UL><LI><a href="#[118]">&gt;&gt;</a>&nbsp;&nbsp;&nbsp;EXTI_irq_handler
</UL>

<P><STRONG><a name="[118]"></a>EXTI_irq_handler</STRONG> (Thumb, 138 bytes, Stack size 24 bytes, bluenrg_shield_bsp.o(.text))
<BR><BR>[Stack]<UL><LI>Max Depth = 168<LI>Call Chain = EXTI_irq_handler &rArr; BlueNRG_SPI_Read_All &rArr; gpio_write &rArr; mbed_assert_internal &rArr; mbed_die &rArr; wait_ms &rArr; us_ticker_read &rArr; HAL_InitTick &rArr; NVIC_SetVector &rArr; __aeabi_memmove4
</UL>
<BR>[Calls]<UL><LI><a href="#[119]">&gt;&gt;</a>&nbsp;&nbsp;&nbsp;list_insert_head
<LI><a href="#[116]">&gt;&gt;</a>&nbsp;&nbsp;&nbsp;BlueNRG_SPI_Read_All
<LI><a href="#[ec]">&gt;&gt;</a>&nbsp;&nbsp;&nbsp;list_remove_head
<LI><a href="#[eb]">&gt;&gt;</a>&nbsp;&nbsp;&nbsp;list_is_empty
<LI><a href="#[e8]">&gt;&gt;</a>&nbsp;&nbsp;&nbsp;HCI_Input
<LI><a href="#[d0]">&gt;&gt;</a>&nbsp;&nbsp;&nbsp;mbed_assert_internal
</UL>
<BR>[Address Reference Count : 1]<UL><LI> bluenrg_shield_bsp.o(.text)
</UL>
<P><STRONG><a name="[11a]"></a>BNRG_SPI_Init</STRONG> (Thumb, 158 bytes, Stack size 16 bytes, bluenrg_shield_bsp.o(.text))
<BR><BR>[Stack]<UL><LI>Max Depth = 200<LI>Call Chain = BNRG_SPI_Init &rArr; spi_init &rArr; pinmap_pinout &rArr; pin_function &rArr; Set_GPIO_Clock &rArr; error &rArr; exit &rArr; mbed_die &rArr; wait_ms &rArr; us_ticker_read &rArr; HAL_InitTick &rArr; NVIC_SetVector &rArr; __aeabi_memmove4
</UL>
<BR>[Calls]<UL><LI><a href="#[11b]">&gt;&gt;</a>&nbsp;&nbsp;&nbsp;spi_init
<LI><a href="#[121]">&gt;&gt;</a>&nbsp;&nbsp;&nbsp;gpio_mode
<LI><a href="#[11e]">&gt;&gt;</a>&nbsp;&nbsp;&nbsp;gpio_irq_set
<LI><a href="#[11d]">&gt;&gt;</a>&nbsp;&nbsp;&nbsp;gpio_irq_init
<LI><a href="#[11f]">&gt;&gt;</a>&nbsp;&nbsp;&nbsp;gpio_init_in
<LI><a href="#[120]">&gt;&gt;</a>&nbsp;&nbsp;&nbsp;gpio_init
<LI><a href="#[122]">&gt;&gt;</a>&nbsp;&nbsp;&nbsp;gpio_dir
<LI><a href="#[115]">&gt;&gt;</a>&nbsp;&nbsp;&nbsp;gpio_write
</UL>
<BR>[Called By]<UL><LI><a href="#[15d]">&gt;&gt;</a>&nbsp;&nbsp;&nbsp;btle_init
</UL>

<P><STRONG><a name="[ed]"></a>Enable_SPI_IRQ</STRONG> (Thumb, 10 bytes, Stack size 8 bytes, bluenrg_shield_bsp.o(.text))
<BR><BR>[Stack]<UL><LI>Max Depth = 8<LI>Call Chain = Enable_SPI_IRQ
</UL>
<BR>[Calls]<UL><LI><a href="#[123]">&gt;&gt;</a>&nbsp;&nbsp;&nbsp;gpio_irq_enable
</UL>
<BR>[Called By]<UL><LI><a href="#[125]">&gt;&gt;</a>&nbsp;&nbsp;&nbsp;BlueNRG_SPI_Write
<LI><a href="#[f4]">&gt;&gt;</a>&nbsp;&nbsp;&nbsp;hci_send_req
<LI><a href="#[e9]">&gt;&gt;</a>&nbsp;&nbsp;&nbsp;HCI_Process
</UL>

<P><STRONG><a name="[ea]"></a>Disable_SPI_IRQ</STRONG> (Thumb, 10 bytes, Stack size 8 bytes, bluenrg_shield_bsp.o(.text))
<BR><BR>[Stack]<UL><LI>Max Depth = 8<LI>Call Chain = Disable_SPI_IRQ
</UL>
<BR>[Calls]<UL><LI><a href="#[124]">&gt;&gt;</a>&nbsp;&nbsp;&nbsp;gpio_irq_disable
</UL>
<BR>[Called By]<UL><LI><a href="#[125]">&gt;&gt;</a>&nbsp;&nbsp;&nbsp;BlueNRG_SPI_Write
<LI><a href="#[f3]">&gt;&gt;</a>&nbsp;&nbsp;&nbsp;new_hci_event
<LI><a href="#[e9]">&gt;&gt;</a>&nbsp;&nbsp;&nbsp;HCI_Process
</UL>

<P><STRONG><a name="[125]"></a>BlueNRG_SPI_Write</STRONG> (Thumb, 174 bytes, Stack size 56 bytes, bluenrg_shield_bsp.o(.text))
<BR><BR>[Stack]<UL><LI>Max Depth = 144<LI>Call Chain = BlueNRG_SPI_Write &rArr; gpio_write &rArr; mbed_assert_internal &rArr; mbed_die &rArr; wait_ms &rArr; us_ticker_read &rArr; HAL_InitTick &rArr; NVIC_SetVector &rArr; __aeabi_memmove4
</UL>
<BR>[Calls]<UL><LI><a href="#[117]">&gt;&gt;</a>&nbsp;&nbsp;&nbsp;spi_master_write
<LI><a href="#[115]">&gt;&gt;</a>&nbsp;&nbsp;&nbsp;gpio_write
<LI><a href="#[ed]">&gt;&gt;</a>&nbsp;&nbsp;&nbsp;Enable_SPI_IRQ
<LI><a href="#[ea]">&gt;&gt;</a>&nbsp;&nbsp;&nbsp;Disable_SPI_IRQ
</UL>
<BR>[Called By]<UL><LI><a href="#[f0]">&gt;&gt;</a>&nbsp;&nbsp;&nbsp;Hal_Write_Serial
</UL>

<P><STRONG><a name="[f0]"></a>Hal_Write_Serial</STRONG> (Thumb, 66 bytes, Stack size 32 bytes, bluenrg_shield_bsp.o(.text))
<BR><BR>[Stack]<UL><LI>Max Depth = 176<LI>Call Chain = Hal_Write_Serial &rArr; BlueNRG_SPI_Write &rArr; gpio_write &rArr; mbed_assert_internal &rArr; mbed_die &rArr; wait_ms &rArr; us_ticker_read &rArr; HAL_InitTick &rArr; NVIC_SetVector &rArr; __aeabi_memmove4
</UL>
<BR>[Calls]<UL><LI><a href="#[125]">&gt;&gt;</a>&nbsp;&nbsp;&nbsp;BlueNRG_SPI_Write
<LI><a href="#[f6]">&gt;&gt;</a>&nbsp;&nbsp;&nbsp;Timer_Set
<LI><a href="#[f7]">&gt;&gt;</a>&nbsp;&nbsp;&nbsp;Timer_Expired
</UL>
<BR>[Called By]<UL><LI><a href="#[ef]">&gt;&gt;</a>&nbsp;&nbsp;&nbsp;hci_write
</UL>

<P><STRONG><a name="[281]"></a>Clear_SPI_IRQ</STRONG> (Thumb, 2 bytes, Stack size 0 bytes, bluenrg_shield_bsp.o(.text), UNUSED)

<P><STRONG><a name="[282]"></a>Clear_SPI_EXTI_Flag</STRONG> (Thumb, 2 bytes, Stack size 0 bytes, bluenrg_shield_bsp.o(.text), UNUSED)

<P><STRONG><a name="[126]"></a>BlueNRG_RST</STRONG> (Thumb, 32 bytes, Stack size 8 bytes, bluenrg_shield_bsp.o(.text))
<BR><BR>[Stack]<UL><LI>Max Depth = 96<LI>Call Chain = BlueNRG_RST &rArr; gpio_write &rArr; mbed_assert_internal &rArr; mbed_die &rArr; wait_ms &rArr; us_ticker_read &rArr; HAL_InitTick &rArr; NVIC_SetVector &rArr; __aeabi_memmove4
</UL>
<BR>[Calls]<UL><LI><a href="#[127]">&gt;&gt;</a>&nbsp;&nbsp;&nbsp;wait_us
<LI><a href="#[115]">&gt;&gt;</a>&nbsp;&nbsp;&nbsp;gpio_write
</UL>
<BR>[Called By]<UL><LI><a href="#[15d]">&gt;&gt;</a>&nbsp;&nbsp;&nbsp;btle_init
<LI><a href="#[93]">&gt;&gt;</a>&nbsp;&nbsp;&nbsp;BlueNRGDevice::reset()
</UL>

<P><STRONG><a name="[128]"></a>aci_gatt_init</STRONG> (Thumb, 68 bytes, Stack size 32 bytes, bluenrg_hci.o(.text))
<BR><BR>[Stack]<UL><LI>Max Depth = 320<LI>Call Chain = aci_gatt_init &rArr; hci_send_req &rArr; hci_send_cmd &rArr; hci_write &rArr; Hal_Write_Serial &rArr; BlueNRG_SPI_Write &rArr; gpio_write &rArr; mbed_assert_internal &rArr; mbed_die &rArr; wait_ms &rArr; us_ticker_read &rArr; HAL_InitTick &rArr; NVIC_SetVector &rArr; __aeabi_memmove4
</UL>
<BR>[Calls]<UL><LI><a href="#[f9]">&gt;&gt;</a>&nbsp;&nbsp;&nbsp;Osal_MemSet
<LI><a href="#[f4]">&gt;&gt;</a>&nbsp;&nbsp;&nbsp;hci_send_req
</UL>
<BR>[Called By]<UL><LI><a href="#[15d]">&gt;&gt;</a>&nbsp;&nbsp;&nbsp;btle_init
</UL>

<P><STRONG><a name="[129]"></a>aci_gap_init</STRONG> (Thumb, 112 bytes, Stack size 56 bytes, bluenrg_hci.o(.text))
<BR><BR>[Stack]<UL><LI>Max Depth = 344<LI>Call Chain = aci_gap_init &rArr; hci_send_req &rArr; hci_send_cmd &rArr; hci_write &rArr; Hal_Write_Serial &rArr; BlueNRG_SPI_Write &rArr; gpio_write &rArr; mbed_assert_internal &rArr; mbed_die &rArr; wait_ms &rArr; us_ticker_read &rArr; HAL_InitTick &rArr; NVIC_SetVector &rArr; __aeabi_memmove4
</UL>
<BR>[Calls]<UL><LI><a href="#[f9]">&gt;&gt;</a>&nbsp;&nbsp;&nbsp;Osal_MemSet
<LI><a href="#[f4]">&gt;&gt;</a>&nbsp;&nbsp;&nbsp;hci_send_req
</UL>
<BR>[Called By]<UL><LI><a href="#[15d]">&gt;&gt;</a>&nbsp;&nbsp;&nbsp;btle_init
</UL>

<P><STRONG><a name="[12a]"></a>aci_gap_set_non_discoverable</STRONG> (Thumb, 56 bytes, Stack size 32 bytes, bluenrg_hci.o(.text))
<BR><BR>[Stack]<UL><LI>Max Depth = 320<LI>Call Chain = aci_gap_set_non_discoverable &rArr; hci_send_req &rArr; hci_send_cmd &rArr; hci_write &rArr; Hal_Write_Serial &rArr; BlueNRG_SPI_Write &rArr; gpio_write &rArr; mbed_assert_internal &rArr; mbed_die &rArr; wait_ms &rArr; us_ticker_read &rArr; HAL_InitTick &rArr; NVIC_SetVector &rArr; __aeabi_memmove4
</UL>
<BR>[Calls]<UL><LI><a href="#[f9]">&gt;&gt;</a>&nbsp;&nbsp;&nbsp;Osal_MemSet
<LI><a href="#[f4]">&gt;&gt;</a>&nbsp;&nbsp;&nbsp;hci_send_req
</UL>
<BR>[Called By]<UL><LI><a href="#[85]">&gt;&gt;</a>&nbsp;&nbsp;&nbsp;BlueNRGGap::stopAdvertising()
</UL>

<P><STRONG><a name="[12b]"></a>aci_gap_set_discoverable</STRONG> (Thumb, 222 bytes, Stack size 344 bytes, bluenrg_hci.o(.text))
<BR><BR>[Stack]<UL><LI>Max Depth = 632<LI>Call Chain = aci_gap_set_discoverable &rArr; hci_send_req &rArr; hci_send_cmd &rArr; hci_write &rArr; Hal_Write_Serial &rArr; BlueNRG_SPI_Write &rArr; gpio_write &rArr; mbed_assert_internal &rArr; mbed_die &rArr; wait_ms &rArr; us_ticker_read &rArr; HAL_InitTick &rArr; NVIC_SetVector &rArr; __aeabi_memmove4
</UL>
<BR>[Calls]<UL><LI><a href="#[f9]">&gt;&gt;</a>&nbsp;&nbsp;&nbsp;Osal_MemSet
<LI><a href="#[f2]">&gt;&gt;</a>&nbsp;&nbsp;&nbsp;Osal_MemCpy
<LI><a href="#[f4]">&gt;&gt;</a>&nbsp;&nbsp;&nbsp;hci_send_req
</UL>
<BR>[Called By]<UL><LI><a href="#[84]">&gt;&gt;</a>&nbsp;&nbsp;&nbsp;BlueNRGGap::startAdvertising(const GapAdvertisingParams&)
<LI><a href="#[17b]">&gt;&gt;</a>&nbsp;&nbsp;&nbsp;setConnectable
</UL>

<P><STRONG><a name="[12c]"></a>aci_gap_update_adv_data</STRONG> (Thumb, 90 bytes, Stack size 304 bytes, bluenrg_hci.o(.text), UNUSED)
<BR><BR>[Calls]<UL><LI><a href="#[f9]">&gt;&gt;</a>&nbsp;&nbsp;&nbsp;Osal_MemSet
<LI><a href="#[f2]">&gt;&gt;</a>&nbsp;&nbsp;&nbsp;Osal_MemCpy
<LI><a href="#[f4]">&gt;&gt;</a>&nbsp;&nbsp;&nbsp;hci_send_req
</UL>

<P><STRONG><a name="[12d]"></a>aci_gatt_add_serv</STRONG> (Thumb, 158 bytes, Stack size 320 bytes, bluenrg_hci.o(.text))
<BR><BR>[Stack]<UL><LI>Max Depth = 608<LI>Call Chain = aci_gatt_add_serv &rArr; hci_send_req &rArr; hci_send_cmd &rArr; hci_write &rArr; Hal_Write_Serial &rArr; BlueNRG_SPI_Write &rArr; gpio_write &rArr; mbed_assert_internal &rArr; mbed_die &rArr; wait_ms &rArr; us_ticker_read &rArr; HAL_InitTick &rArr; NVIC_SetVector &rArr; __aeabi_memmove4
</UL>
<BR>[Calls]<UL><LI><a href="#[f9]">&gt;&gt;</a>&nbsp;&nbsp;&nbsp;Osal_MemSet
<LI><a href="#[f2]">&gt;&gt;</a>&nbsp;&nbsp;&nbsp;Osal_MemCpy
<LI><a href="#[f4]">&gt;&gt;</a>&nbsp;&nbsp;&nbsp;hci_send_req
</UL>
<BR>[Called By]<UL><LI><a href="#[99]">&gt;&gt;</a>&nbsp;&nbsp;&nbsp;BlueNRGGattServer::addService(GattService&)
</UL>

<P><STRONG><a name="[12e]"></a>aci_gatt_add_char</STRONG> (Thumb, 214 bytes, Stack size 344 bytes, bluenrg_hci.o(.text))
<BR><BR>[Stack]<UL><LI>Max Depth = 632<LI>Call Chain = aci_gatt_add_char &rArr; hci_send_req &rArr; hci_send_cmd &rArr; hci_write &rArr; Hal_Write_Serial &rArr; BlueNRG_SPI_Write &rArr; gpio_write &rArr; mbed_assert_internal &rArr; mbed_die &rArr; wait_ms &rArr; us_ticker_read &rArr; HAL_InitTick &rArr; NVIC_SetVector &rArr; __aeabi_memmove4
</UL>
<BR>[Calls]<UL><LI><a href="#[f9]">&gt;&gt;</a>&nbsp;&nbsp;&nbsp;Osal_MemSet
<LI><a href="#[f2]">&gt;&gt;</a>&nbsp;&nbsp;&nbsp;Osal_MemCpy
<LI><a href="#[f4]">&gt;&gt;</a>&nbsp;&nbsp;&nbsp;hci_send_req
</UL>
<BR>[Called By]<UL><LI><a href="#[99]">&gt;&gt;</a>&nbsp;&nbsp;&nbsp;BlueNRGGattServer::addService(GattService&)
</UL>

<P><STRONG><a name="[12f]"></a>aci_gatt_add_char_desc</STRONG> (Thumb, 256 bytes, Stack size 344 bytes, bluenrg_hci.o(.text))
<BR><BR>[Stack]<UL><LI>Max Depth = 632<LI>Call Chain = aci_gatt_add_char_desc &rArr; hci_send_req &rArr; hci_send_cmd &rArr; hci_write &rArr; Hal_Write_Serial &rArr; BlueNRG_SPI_Write &rArr; gpio_write &rArr; mbed_assert_internal &rArr; mbed_die &rArr; wait_ms &rArr; us_ticker_read &rArr; HAL_InitTick &rArr; NVIC_SetVector &rArr; __aeabi_memmove4
</UL>
<BR>[Calls]<UL><LI><a href="#[f9]">&gt;&gt;</a>&nbsp;&nbsp;&nbsp;Osal_MemSet
<LI><a href="#[f2]">&gt;&gt;</a>&nbsp;&nbsp;&nbsp;Osal_MemCpy
<LI><a href="#[f4]">&gt;&gt;</a>&nbsp;&nbsp;&nbsp;hci_send_req
</UL>
<BR>[Called By]<UL><LI><a href="#[99]">&gt;&gt;</a>&nbsp;&nbsp;&nbsp;BlueNRGGattServer::addService(GattService&)
</UL>

<P><STRONG><a name="[130]"></a>aci_gatt_update_char_value</STRONG> (Thumb, 136 bytes, Stack size 328 bytes, bluenrg_hci.o(.text))
<BR><BR>[Stack]<UL><LI>Max Depth = 616<LI>Call Chain = aci_gatt_update_char_value &rArr; hci_send_req &rArr; hci_send_cmd &rArr; hci_write &rArr; Hal_Write_Serial &rArr; BlueNRG_SPI_Write &rArr; gpio_write &rArr; mbed_assert_internal &rArr; mbed_die &rArr; wait_ms &rArr; us_ticker_read &rArr; HAL_InitTick &rArr; NVIC_SetVector &rArr; __aeabi_memmove4
</UL>
<BR>[Calls]<UL><LI><a href="#[f9]">&gt;&gt;</a>&nbsp;&nbsp;&nbsp;Osal_MemSet
<LI><a href="#[f2]">&gt;&gt;</a>&nbsp;&nbsp;&nbsp;Osal_MemCpy
<LI><a href="#[f4]">&gt;&gt;</a>&nbsp;&nbsp;&nbsp;hci_send_req
</UL>
<BR>[Called By]<UL><LI><a href="#[8c]">&gt;&gt;</a>&nbsp;&nbsp;&nbsp;BlueNRGGap::setAppearance(unsigned short)
<LI><a href="#[8a]">&gt;&gt;</a>&nbsp;&nbsp;&nbsp;BlueNRGGap::setDeviceName(const unsigned char*)
<LI><a href="#[83]">&gt;&gt;</a>&nbsp;&nbsp;&nbsp;BlueNRGGap::setAdvertisingData(const GapAdvertisingData&, const GapAdvertisingData&)
<LI><a href="#[9b]">&gt;&gt;</a>&nbsp;&nbsp;&nbsp;BlueNRGGattServer::updateValue(unsigned short, unsigned char*, unsigned short, bool)
</UL>

<P><STRONG><a name="[131]"></a>aci_gatt_allow_read</STRONG> (Thumb, 80 bytes, Stack size 40 bytes, bluenrg_hci.o(.text))
<BR><BR>[Stack]<UL><LI>Max Depth = 328<LI>Call Chain = aci_gatt_allow_read &rArr; hci_send_req &rArr; hci_send_cmd &rArr; hci_write &rArr; Hal_Write_Serial &rArr; BlueNRG_SPI_Write &rArr; gpio_write &rArr; mbed_assert_internal &rArr; mbed_die &rArr; wait_ms &rArr; us_ticker_read &rArr; HAL_InitTick &rArr; NVIC_SetVector &rArr; __aeabi_memmove4
</UL>
<BR>[Calls]<UL><LI><a href="#[f9]">&gt;&gt;</a>&nbsp;&nbsp;&nbsp;Osal_MemSet
<LI><a href="#[f4]">&gt;&gt;</a>&nbsp;&nbsp;&nbsp;hci_send_req
</UL>
<BR>[Called By]<UL><LI><a href="#[178]">&gt;&gt;</a>&nbsp;&nbsp;&nbsp;BlueNRGGattServer::Read_Request_CB(unsigned short)
</UL>

<P><STRONG><a name="[132]"></a>aci_gatt_set_desc_value</STRONG> (Thumb, 158 bytes, Stack size 320 bytes, bluenrg_hci.o(.text), UNUSED)
<BR><BR>[Calls]<UL><LI><a href="#[f9]">&gt;&gt;</a>&nbsp;&nbsp;&nbsp;Osal_MemSet
<LI><a href="#[f2]">&gt;&gt;</a>&nbsp;&nbsp;&nbsp;Osal_MemCpy
<LI><a href="#[f4]">&gt;&gt;</a>&nbsp;&nbsp;&nbsp;hci_send_req
</UL>

<P><STRONG><a name="[133]"></a>aci_gatt_disc_all_prim_services</STRONG> (Thumb, 74 bytes, Stack size 40 bytes, bluenrg_hci.o(.text), UNUSED)
<BR><BR>[Calls]<UL><LI><a href="#[f9]">&gt;&gt;</a>&nbsp;&nbsp;&nbsp;Osal_MemSet
<LI><a href="#[f4]">&gt;&gt;</a>&nbsp;&nbsp;&nbsp;hci_send_req
</UL>

<P><STRONG><a name="[134]"></a>aci_gatt_find_included_services</STRONG> (Thumb, 88 bytes, Stack size 56 bytes, bluenrg_hci.o(.text), UNUSED)
<BR><BR>[Calls]<UL><LI><a href="#[f9]">&gt;&gt;</a>&nbsp;&nbsp;&nbsp;Osal_MemSet
<LI><a href="#[f4]">&gt;&gt;</a>&nbsp;&nbsp;&nbsp;hci_send_req
</UL>

<P><STRONG><a name="[135]"></a>aci_gatt_disc_all_charac_of_serv</STRONG> (Thumb, 88 bytes, Stack size 56 bytes, bluenrg_hci.o(.text), UNUSED)
<BR><BR>[Calls]<UL><LI><a href="#[f9]">&gt;&gt;</a>&nbsp;&nbsp;&nbsp;Osal_MemSet
<LI><a href="#[f4]">&gt;&gt;</a>&nbsp;&nbsp;&nbsp;hci_send_req
</UL>

<P><STRONG><a name="[136]"></a>aci_gatt_disc_all_charac_descriptors</STRONG> (Thumb, 88 bytes, Stack size 56 bytes, bluenrg_hci.o(.text), UNUSED)
<BR><BR>[Calls]<UL><LI><a href="#[f9]">&gt;&gt;</a>&nbsp;&nbsp;&nbsp;Osal_MemSet
<LI><a href="#[f4]">&gt;&gt;</a>&nbsp;&nbsp;&nbsp;hci_send_req
</UL>

<P><STRONG><a name="[137]"></a>aci_gatt_write_without_response</STRONG> (Thumb, 120 bytes, Stack size 320 bytes, bluenrg_hci.o(.text), UNUSED)
<BR><BR>[Calls]<UL><LI><a href="#[f9]">&gt;&gt;</a>&nbsp;&nbsp;&nbsp;Osal_MemSet
<LI><a href="#[f2]">&gt;&gt;</a>&nbsp;&nbsp;&nbsp;Osal_MemCpy
<LI><a href="#[f4]">&gt;&gt;</a>&nbsp;&nbsp;&nbsp;hci_send_req
</UL>

<P><STRONG><a name="[138]"></a>aci_gatt_write_response</STRONG> (Thumb, 140 bytes, Stack size 328 bytes, bluenrg_hci.o(.text), UNUSED)
<BR><BR>[Calls]<UL><LI><a href="#[f9]">&gt;&gt;</a>&nbsp;&nbsp;&nbsp;Osal_MemSet
<LI><a href="#[f2]">&gt;&gt;</a>&nbsp;&nbsp;&nbsp;Osal_MemCpy
<LI><a href="#[f4]">&gt;&gt;</a>&nbsp;&nbsp;&nbsp;hci_send_req
</UL>

<P><STRONG><a name="[139]"></a>aci_gatt_read_charac_val</STRONG> (Thumb, 82 bytes, Stack size 48 bytes, bluenrg_hci.o(.text), UNUSED)
<BR><BR>[Calls]<UL><LI><a href="#[f9]">&gt;&gt;</a>&nbsp;&nbsp;&nbsp;Osal_MemSet
<LI><a href="#[f4]">&gt;&gt;</a>&nbsp;&nbsp;&nbsp;hci_send_req
</UL>

<P><STRONG><a name="[13a]"></a>aci_gatt_read_long_charac_val</STRONG> (Thumb, 88 bytes, Stack size 56 bytes, bluenrg_hci.o(.text), UNUSED)
<BR><BR>[Calls]<UL><LI><a href="#[f9]">&gt;&gt;</a>&nbsp;&nbsp;&nbsp;Osal_MemSet
<LI><a href="#[f4]">&gt;&gt;</a>&nbsp;&nbsp;&nbsp;hci_send_req
</UL>

<P><STRONG><a name="[13b]"></a>aci_gatt_write_charac_value</STRONG> (Thumb, 124 bytes, Stack size 320 bytes, bluenrg_hci.o(.text), UNUSED)
<BR><BR>[Calls]<UL><LI><a href="#[f9]">&gt;&gt;</a>&nbsp;&nbsp;&nbsp;Osal_MemSet
<LI><a href="#[f2]">&gt;&gt;</a>&nbsp;&nbsp;&nbsp;Osal_MemCpy
<LI><a href="#[f4]">&gt;&gt;</a>&nbsp;&nbsp;&nbsp;hci_send_req
</UL>

<P><STRONG><a name="[13c]"></a>aci_gatt_write_charac_descriptor</STRONG> (Thumb, 120 bytes, Stack size 320 bytes, bluenrg_hci.o(.text), UNUSED)
<BR><BR>[Calls]<UL><LI><a href="#[f9]">&gt;&gt;</a>&nbsp;&nbsp;&nbsp;Osal_MemSet
<LI><a href="#[f2]">&gt;&gt;</a>&nbsp;&nbsp;&nbsp;Osal_MemCpy
<LI><a href="#[f4]">&gt;&gt;</a>&nbsp;&nbsp;&nbsp;hci_send_req
</UL>

<P><STRONG><a name="[13d]"></a>aci_hal_write_config_data</STRONG> (Thumb, 106 bytes, Stack size 312 bytes, bluenrg_hci.o(.text))
<BR><BR>[Stack]<UL><LI>Max Depth = 600<LI>Call Chain = aci_hal_write_config_data &rArr; hci_send_req &rArr; hci_send_cmd &rArr; hci_write &rArr; Hal_Write_Serial &rArr; BlueNRG_SPI_Write &rArr; gpio_write &rArr; mbed_assert_internal &rArr; mbed_die &rArr; wait_ms &rArr; us_ticker_read &rArr; HAL_InitTick &rArr; NVIC_SetVector &rArr; __aeabi_memmove4
</UL>
<BR>[Calls]<UL><LI><a href="#[f9]">&gt;&gt;</a>&nbsp;&nbsp;&nbsp;Osal_MemSet
<LI><a href="#[f2]">&gt;&gt;</a>&nbsp;&nbsp;&nbsp;Osal_MemCpy
<LI><a href="#[f4]">&gt;&gt;</a>&nbsp;&nbsp;&nbsp;hci_send_req
</UL>
<BR>[Called By]<UL><LI><a href="#[15d]">&gt;&gt;</a>&nbsp;&nbsp;&nbsp;btle_init
</UL>

<P><STRONG><a name="[13e]"></a>aci_hal_set_tx_power_level</STRONG> (Thumb, 86 bytes, Stack size 48 bytes, bluenrg_hci.o(.text))
<BR><BR>[Stack]<UL><LI>Max Depth = 336<LI>Call Chain = aci_hal_set_tx_power_level &rArr; hci_send_req &rArr; hci_send_cmd &rArr; hci_write &rArr; Hal_Write_Serial &rArr; BlueNRG_SPI_Write &rArr; gpio_write &rArr; mbed_assert_internal &rArr; mbed_die &rArr; wait_ms &rArr; us_ticker_read &rArr; HAL_InitTick &rArr; NVIC_SetVector &rArr; __aeabi_memmove4
</UL>
<BR>[Calls]<UL><LI><a href="#[f9]">&gt;&gt;</a>&nbsp;&nbsp;&nbsp;Osal_MemSet
<LI><a href="#[f4]">&gt;&gt;</a>&nbsp;&nbsp;&nbsp;hci_send_req
</UL>
<BR>[Called By]<UL><LI><a href="#[83]">&gt;&gt;</a>&nbsp;&nbsp;&nbsp;BlueNRGGap::setAdvertisingData(const GapAdvertisingData&, const GapAdvertisingData&)
<LI><a href="#[94]">&gt;&gt;</a>&nbsp;&nbsp;&nbsp;BlueNRGDevice::setTxPower(signed char)
</UL>

<P><STRONG><a name="[13f]"></a>aci_gap_set_auth_requirement</STRONG> (Thumb, 134 bytes, Stack size 96 bytes, bluenrg_hci.o(.text), UNUSED)
<BR><BR>[Calls]<UL><LI><a href="#[f9]">&gt;&gt;</a>&nbsp;&nbsp;&nbsp;Osal_MemSet
<LI><a href="#[f2]">&gt;&gt;</a>&nbsp;&nbsp;&nbsp;Osal_MemCpy
<LI><a href="#[f4]">&gt;&gt;</a>&nbsp;&nbsp;&nbsp;hci_send_req
</UL>

<P><STRONG><a name="[140]"></a>aci_gap_start_limited_discovery_proc</STRONG> (Thumb, 92 bytes, Stack size 56 bytes, bluenrg_hci.o(.text), UNUSED)
<BR><BR>[Calls]<UL><LI><a href="#[f9]">&gt;&gt;</a>&nbsp;&nbsp;&nbsp;Osal_MemSet
<LI><a href="#[f4]">&gt;&gt;</a>&nbsp;&nbsp;&nbsp;hci_send_req
</UL>

<P><STRONG><a name="[141]"></a>aci_gap_start_general_discovery_proc</STRONG> (Thumb, 92 bytes, Stack size 56 bytes, bluenrg_hci.o(.text), UNUSED)
<BR><BR>[Calls]<UL><LI><a href="#[f9]">&gt;&gt;</a>&nbsp;&nbsp;&nbsp;Osal_MemSet
<LI><a href="#[f4]">&gt;&gt;</a>&nbsp;&nbsp;&nbsp;hci_send_req
</UL>

<P><STRONG><a name="[142]"></a>aci_gap_start_auto_conn_establishment</STRONG> (Thumb, 228 bytes, Stack size 328 bytes, bluenrg_hci.o(.text), UNUSED)
[...]
</UL>
<BR>[Calls]<UL><LI><a href="#[26e]">&gt;&gt;</a>&nbsp;&nbsp;&nbsp;__rw::__rw_tree_iter&lang;std::pair&lang;const unsigned short, unsigned short&rang;, int, std::pair&lang;const unsigned short, unsigned short&rang;*, std::pair&lang;const unsigned short, unsigned short&rang;&, __rw::__rw_rb_tree_node&lang;std::allocator&lang;std::pair&lang;const unsigned short, unsigned short&rang;&rang;, std::pair&lang;const unsigned short, unsigned short&rang;, unsigned short, __rw::__select1st&lang;std::pair&lang;const unsigned short, unsigned short&rang;, unsigned short&rang;&rang;&rang;::__rw_tree_iter(const __rw::__rw_tree_iter&lang;std::pair&lang;const unsigned short, unsigned short&rang;, int, std::pair&lang;const unsigned short, unsigned short&rang;*, std::pair&lang;const unsigned short, unsigned short&rang;&, __rw::__rw_rb_tree_node&lang;std::allocator&lang;std::pair&lang;const unsigned short, unsigned short&rang;&rang;, std::pair&lang;const unsigned short, unsigned short&rang;, unsigned short, __rw::__select1st&lang;std::pair&lang;const unsigned short, unsigned short&rang;, unsigned short&rang;&rang;&rang;&)
</UL>
<BR>[Called By]<UL><LI><a href="#[172]">&gt;&gt;</a>&nbsp;&nbsp;&nbsp;__rw::__rb_tree&lang;unsigned short, std::pair&lang;const unsigned short, unsigned short&rang;, __rw::__select1st&lang;std::pair&lang;const unsigned short, unsigned short&rang;, unsigned short&rang;, std::less&lang;unsigned short&rang;, std::allocator&lang;std::pair&lang;const unsigned short, unsigned short&rang;&rang;&rang;::insert(const std::pair&lang;const unsigned short, unsigned short&rang;&)
</UL>

<P><STRONG><a name="[2fb]"></a>std::pair&lang;__rw::__rw_tree_iter&lang;std::pair&lang;const unsigned short, unsigned short&rang;, int, std::pair&lang;const unsigned short, unsigned short&rang;*, std::pair&lang;const unsigned short, unsigned short&rang;&, __rw::__rw_rb_tree_node&lang;std::allocator&lang;std::pair&lang;const unsigned short, unsigned short&rang;&rang;, std::pair&lang;const unsigned short, unsigned short&rang;, unsigned short, __rw::__select1st&lang;std::pair&lang;const unsigned short, unsigned short&rang;, unsigned short&rang;&rang;&rang;, bool&rang;::pair__sub_object(const __rw::__rw_tree_iter&lang;std::pair&lang;const unsigned short, unsigned short&rang;, int, std::pair&lang;const unsigned short, unsigned short&rang;*, std::pair&lang;const unsigned short, unsigned short&rang;&, __rw::__rw_rb_tree_node&lang;std::allocator&lang;std::pair&lang;const unsigned short, unsigned short&rang;&rang;, std::pair&lang;const unsigned short, unsigned short&rang;, unsigned short, __rw::__select1st&lang;std::pair&lang;const unsigned short, unsigned short&rang;, unsigned short&rang;&rang;&rang;&, const bool&)</STRONG> (Thumb, 0 bytes, Stack size 16 bytes, bluenrggattserver.o(t._ZNSt4pairIN4__rw14__rw_tree_iterIS_IKttEiPS3_RS3_NS0_17__rw_rb_tree_nodeISaIS3_ES3_tNS0_11__select1stIS3_tEEEEEEbEC1ERKSB_RKb), UNUSED)

<P><STRONG><a name="[274]"></a>const T1& std::max&lang;unsigned&rang;(const T1&, const T1&)</STRONG> (Thumb, 12 bytes, Stack size 0 bytes, char.o(t._ZSt3maxIjERKT_S2_S2_))
<BR><BR>[Called By]<UL><LI><a href="#[273]">&gt;&gt;</a>&nbsp;&nbsp;&nbsp;std::basic_string&lang;char, std::char_traits&lang;char&rang;, std::allocator&lang;char&rang;&rang;::_C_allocate(unsigned, unsigned, unsigned)
<LI><a href="#[277]">&gt;&gt;</a>&nbsp;&nbsp;&nbsp;std::basic_string&lang;char, std::char_traits&lang;char&rang;, std::allocator&lang;char&rang;&rang;::replace(unsigned, unsigned, const char*, unsigned, unsigned, unsigned)
</UL>
<P>
<H3>
Local Symbols
</H3>
<P><STRONG><a name="[bd]"></a>__sti___8_main_cpp_ble</STRONG> (Thumb, 140 bytes, Stack size 16 bytes, main.o(.text))
<BR><BR>[Stack]<UL><LI>Max Depth = 184<LI>Call Chain = __sti___8_main_cpp_ble &rArr; gpio_init_out &rArr; gpio_init &rArr; pin_function &rArr; Set_GPIO_Clock &rArr; error &rArr; exit &rArr; mbed_die &rArr; wait_ms &rArr; us_ticker_read &rArr; HAL_InitTick &rArr; NVIC_SetVector &rArr; __aeabi_memmove4
</UL>
<BR>[Calls]<UL><LI><a href="#[e3]">&gt;&gt;</a>&nbsp;&nbsp;&nbsp;mbed::Ticker::Ticker()
<LI><a href="#[e2]">&gt;&gt;</a>&nbsp;&nbsp;&nbsp;gpio_init_out
<LI><a href="#[dd]">&gt;&gt;</a>&nbsp;&nbsp;&nbsp;GapAdvertisingParams::GapAdvertisingParams(GapAdvertisingParams::AdvertisingType, unsigned short, unsigned short)
<LI><a href="#[de]">&gt;&gt;</a>&nbsp;&nbsp;&nbsp;GapAdvertisingData::GapAdvertisingData()
<LI><a href="#[df]">&gt;&gt;</a>&nbsp;&nbsp;&nbsp;GapAdvertisingData::clear()
<LI><a href="#[dc]">&gt;&gt;</a>&nbsp;&nbsp;&nbsp;createBLEDeviceInstance()
<LI><a href="#[e0]">&gt;&gt;</a>&nbsp;&nbsp;&nbsp;__aeabi_atexit
<LI><a href="#[e1]">&gt;&gt;</a>&nbsp;&nbsp;&nbsp;__aeabi_memclr4
</UL>
<BR>[Address Reference Count : 1]<UL><LI> main.o(.init_array)
</UL>
<P><STRONG><a name="[f5]"></a>hci_set_packet_complete_callback</STRONG> (Thumb, 6 bytes, Stack size 0 bytes, hci.o(.text))
<BR><BR>[Called By]<UL><LI><a href="#[f4]">&gt;&gt;</a>&nbsp;&nbsp;&nbsp;hci_send_req
</UL>

<P><STRONG><a name="[e7]"></a>enqueue_packet</STRONG> (Thumb, 48 bytes, Stack size 16 bytes, hci.o(.text))
<BR><BR>[Stack]<UL><LI>Max Depth = 16<LI>Call Chain = enqueue_packet
</UL>
<BR>[Calls]<UL><LI><a href="#[e6]">&gt;&gt;</a>&nbsp;&nbsp;&nbsp;list_insert_tail
</UL>
<BR>[Called By]<UL><LI><a href="#[e8]">&gt;&gt;</a>&nbsp;&nbsp;&nbsp;HCI_Input
</UL>

<P><STRONG><a name="[115]"></a>gpio_write</STRONG> (Thumb, 46 bytes, Stack size 16 bytes, bluenrg_shield_bsp.o(.text))
<BR><BR>[Stack]<UL><LI>Max Depth = 88<LI>Call Chain = gpio_write &rArr; mbed_assert_internal &rArr; mbed_die &rArr; wait_ms &rArr; us_ticker_read &rArr; HAL_InitTick &rArr; NVIC_SetVector &rArr; __aeabi_memmove4
</UL>
<BR>[Calls]<UL><LI><a href="#[d0]">&gt;&gt;</a>&nbsp;&nbsp;&nbsp;mbed_assert_internal
</UL>
<BR>[Called By]<UL><LI><a href="#[126]">&gt;&gt;</a>&nbsp;&nbsp;&nbsp;BlueNRG_RST
<LI><a href="#[125]">&gt;&gt;</a>&nbsp;&nbsp;&nbsp;BlueNRG_SPI_Write
<LI><a href="#[11a]">&gt;&gt;</a>&nbsp;&nbsp;&nbsp;BNRG_SPI_Init
<LI><a href="#[116]">&gt;&gt;</a>&nbsp;&nbsp;&nbsp;BlueNRG_SPI_Read_All
</UL>

<P><STRONG><a name="[be]"></a>__sti___17_BlueNRGDevice_cpp_ef81e865</STRONG> (Thumb, 22 bytes, Stack size 8 bytes, bluenrgdevice.o(.text))
<BR><BR>[Stack]<UL><LI>Max Depth = 52<LI>Call Chain = __sti___17_BlueNRGDevice_cpp_ef81e865 &rArr; __aeabi_atexit &rArr; malloc
</UL>
<BR>[Calls]<UL><LI><a href="#[170]">&gt;&gt;</a>&nbsp;&nbsp;&nbsp;BlueNRGDevice::BlueNRGDevice()
<LI><a href="#[e0]">&gt;&gt;</a>&nbsp;&nbsp;&nbsp;__aeabi_atexit
</UL>
<BR>[Address Reference Count : 1]<UL><LI> bluenrgdevice.o(.init_array)
</UL>
<P><STRONG><a name="[bf]"></a>__sti___9_Utils_cpp_pc</STRONG> (Thumb, 26 bytes, Stack size 8 bytes, utils.o(.text))
<BR><BR>[Stack]<UL><LI>Max Depth = 368<LI>Call Chain = __sti___9_Utils_cpp_pc &rArr; mbed::Serial::Serial(PinName, PinName, const char*) &rArr; mbed::Stream::Stream__sub_object(const char*) &rArr; fopen &rArr; freopen &rArr; _sys_open &rArr; __0sscanf &rArr; __vfscanf_char &rArr; __vfscanf &rArr; _scanf_real
</UL>
<BR>[Calls]<UL><LI><a href="#[182]">&gt;&gt;</a>&nbsp;&nbsp;&nbsp;mbed::Serial::Serial(PinName, PinName, const char*)
<LI><a href="#[e0]">&gt;&gt;</a>&nbsp;&nbsp;&nbsp;__aeabi_atexit
</UL>
<BR>[Address Reference Count : 1]<UL><LI> utils.o(.init_array)
</UL>
<P><STRONG><a name="[1cd]"></a>UART_SetConfig</STRONG> (Thumb, 522 bytes, Stack size 24 bytes, stm32f4xx_hal_uart.o(i.UART_SetConfig))
<BR><BR>[Stack]<UL><LI>Max Depth = 36<LI>Call Chain = UART_SetConfig &rArr; HAL_RCC_GetPCLK2Freq &rArr; HAL_RCC_GetHCLKFreq
</UL>
<BR>[Calls]<UL><LI><a href="#[1c5]">&gt;&gt;</a>&nbsp;&nbsp;&nbsp;HAL_RCC_GetPCLK2Freq
<LI><a href="#[1c3]">&gt;&gt;</a>&nbsp;&nbsp;&nbsp;HAL_RCC_GetPCLK1Freq
</UL>
<BR>[Called By]<UL><LI><a href="#[1cb]">&gt;&gt;</a>&nbsp;&nbsp;&nbsp;HAL_UART_Init
</UL>

<P><STRONG><a name="[77]"></a>gpio_irq0</STRONG> (Thumb, 8 bytes, Stack size 0 bytes, gpio_irq_api.o(i.gpio_irq0))
<BR><BR>[Stack]<UL><LI>Max Depth = 32<LI>Call Chain = gpio_irq0 &rArr; handle_interrupt_in
</UL>
<BR>[Calls]<UL><LI><a href="#[24d]">&gt;&gt;</a>&nbsp;&nbsp;&nbsp;handle_interrupt_in
</UL>
<BR>[Address Reference Count : 1]<UL><LI> gpio_irq_api.o(i.gpio_irq_init)
</UL>
<P><STRONG><a name="[78]"></a>gpio_irq1</STRONG> (Thumb, 8 bytes, Stack size 0 bytes, gpio_irq_api.o(i.gpio_irq1))
<BR><BR>[Stack]<UL><LI>Max Depth = 32<LI>Call Chain = gpio_irq1 &rArr; handle_interrupt_in
</UL>
<BR>[Calls]<UL><LI><a href="#[24d]">&gt;&gt;</a>&nbsp;&nbsp;&nbsp;handle_interrupt_in
</UL>
<BR>[Address Reference Count : 1]<UL><LI> gpio_irq_api.o(i.gpio_irq_init)
</UL>
<P><STRONG><a name="[79]"></a>gpio_irq2</STRONG> (Thumb, 8 bytes, Stack size 0 bytes, gpio_irq_api.o(i.gpio_irq2))
<BR><BR>[Stack]<UL><LI>Max Depth = 32<LI>Call Chain = gpio_irq2 &rArr; handle_interrupt_in
</UL>
<BR>[Calls]<UL><LI><a href="#[24d]">&gt;&gt;</a>&nbsp;&nbsp;&nbsp;handle_interrupt_in
</UL>
<BR>[Address Reference Count : 1]<UL><LI> gpio_irq_api.o(i.gpio_irq_init)
</UL>
<P><STRONG><a name="[7a]"></a>gpio_irq3</STRONG> (Thumb, 8 bytes, Stack size 0 bytes, gpio_irq_api.o(i.gpio_irq3))
<BR><BR>[Stack]<UL><LI>Max Depth = 32<LI>Call Chain = gpio_irq3 &rArr; handle_interrupt_in
</UL>
<BR>[Calls]<UL><LI><a href="#[24d]">&gt;&gt;</a>&nbsp;&nbsp;&nbsp;handle_interrupt_in
</UL>
<BR>[Address Reference Count : 1]<UL><LI> gpio_irq_api.o(i.gpio_irq_init)
</UL>
<P><STRONG><a name="[7b]"></a>gpio_irq4</STRONG> (Thumb, 8 bytes, Stack size 0 bytes, gpio_irq_api.o(i.gpio_irq4))
<BR><BR>[Stack]<UL><LI>Max Depth = 32<LI>Call Chain = gpio_irq4 &rArr; handle_interrupt_in
</UL>
<BR>[Calls]<UL><LI><a href="#[24d]">&gt;&gt;</a>&nbsp;&nbsp;&nbsp;handle_interrupt_in
</UL>
<BR>[Address Reference Count : 1]<UL><LI> gpio_irq_api.o(i.gpio_irq_init)
</UL>
<P><STRONG><a name="[7c]"></a>gpio_irq5</STRONG> (Thumb, 8 bytes, Stack size 0 bytes, gpio_irq_api.o(i.gpio_irq5))
<BR><BR>[Stack]<UL><LI>Max Depth = 32<LI>Call Chain = gpio_irq5 &rArr; handle_interrupt_in
</UL>
<BR>[Calls]<UL><LI><a href="#[24d]">&gt;&gt;</a>&nbsp;&nbsp;&nbsp;handle_interrupt_in
</UL>
<BR>[Address Reference Count : 1]<UL><LI> gpio_irq_api.o(i.gpio_irq_init)
</UL>
<P><STRONG><a name="[7d]"></a>gpio_irq6</STRONG> (Thumb, 8 bytes, Stack size 0 bytes, gpio_irq_api.o(i.gpio_irq6))
<BR><BR>[Stack]<UL><LI>Max Depth = 32<LI>Call Chain = gpio_irq6 &rArr; handle_interrupt_in
</UL>
<BR>[Calls]<UL><LI><a href="#[24d]">&gt;&gt;</a>&nbsp;&nbsp;&nbsp;handle_interrupt_in
</UL>
<BR>[Address Reference Count : 1]<UL><LI> gpio_irq_api.o(i.gpio_irq_init)
</UL>
<P><STRONG><a name="[24d]"></a>handle_interrupt_in</STRONG> (Thumb, 114 bytes, Stack size 32 bytes, gpio_irq_api.o(i.handle_interrupt_in))
<BR><BR>[Stack]<UL><LI>Max Depth = 32<LI>Call Chain = handle_interrupt_in
</UL>
<BR>[Called By]<UL><LI><a href="#[7d]">&gt;&gt;</a>&nbsp;&nbsp;&nbsp;gpio_irq6
<LI><a href="#[7c]">&gt;&gt;</a>&nbsp;&nbsp;&nbsp;gpio_irq5
<LI><a href="#[7b]">&gt;&gt;</a>&nbsp;&nbsp;&nbsp;gpio_irq4
<LI><a href="#[7a]">&gt;&gt;</a>&nbsp;&nbsp;&nbsp;gpio_irq3
<LI><a href="#[79]">&gt;&gt;</a>&nbsp;&nbsp;&nbsp;gpio_irq2
<LI><a href="#[78]">&gt;&gt;</a>&nbsp;&nbsp;&nbsp;gpio_irq1
<LI><a href="#[77]">&gt;&gt;</a>&nbsp;&nbsp;&nbsp;gpio_irq0
</UL>

<P><STRONG><a name="[24f]"></a>init_spi</STRONG> (Thumb, 72 bytes, Stack size 8 bytes, spi_api.o(i.init_spi))
<BR><BR>[Stack]<UL><LI>Max Depth = 16<LI>Call Chain = init_spi &rArr; HAL_SPI_Init
</UL>
<BR>[Calls]<UL><LI><a href="#[1c7]">&gt;&gt;</a>&nbsp;&nbsp;&nbsp;HAL_SPI_Init
</UL>
<BR>[Called By]<UL><LI><a href="#[11b]">&gt;&gt;</a>&nbsp;&nbsp;&nbsp;spi_init
</UL>

<P><STRONG><a name="[6c]"></a>&lang;Func1&rang;</STRONG> (Thumb, 6 bytes, Stack size 0 bytes, SerialBase.o(i.<Func1>))
<BR><BR>[Calls]<UL><LI><a href="#[1b7]">&gt;&gt;</a>&nbsp;&nbsp;&nbsp;mbed::FunctionPointer::FunctionPointer(void(*)())
</UL>
<BR>[Address Reference Count : 1]<UL><LI> SerialBase.o(i._ZN4mbed10SerialBaseC1E7PinNameS1_)
</UL>
<P><STRONG><a name="[243]"></a>_fp_digits</STRONG> (Thumb, 366 bytes, Stack size 64 bytes, printfa.o(i._fp_digits), UNUSED)
<BR><BR>[Calls]<UL><LI><a href="#[181]">&gt;&gt;</a>&nbsp;&nbsp;&nbsp;__aeabi_cdrcmple
<LI><a href="#[19d]">&gt;&gt;</a>&nbsp;&nbsp;&nbsp;__aeabi_dmul
<LI><a href="#[19e]">&gt;&gt;</a>&nbsp;&nbsp;&nbsp;__aeabi_ddiv
<LI><a href="#[1a5]">&gt;&gt;</a>&nbsp;&nbsp;&nbsp;__aeabi_dadd
<LI><a href="#[1a9]">&gt;&gt;</a>&nbsp;&nbsp;&nbsp;__aeabi_d2ulz
<LI><a href="#[199]">&gt;&gt;</a>&nbsp;&nbsp;&nbsp;__aeabi_uldivmod
</UL>
<BR>[Called By]<UL><LI><a href="#[235]">&gt;&gt;</a>&nbsp;&nbsp;&nbsp;_printf_core
</UL>

<P><STRONG><a name="[235]"></a>_printf_core</STRONG> (Thumb, 1744 bytes, Stack size 136 bytes, printfa.o(i._printf_core), UNUSED)
<BR><BR>[Calls]<UL><LI><a href="#[244]">&gt;&gt;</a>&nbsp;&nbsp;&nbsp;_printf_pre_padding
<LI><a href="#[245]">&gt;&gt;</a>&nbsp;&nbsp;&nbsp;_printf_post_padding
<LI><a href="#[243]">&gt;&gt;</a>&nbsp;&nbsp;&nbsp;_fp_digits
<LI><a href="#[199]">&gt;&gt;</a>&nbsp;&nbsp;&nbsp;__aeabi_uldivmod
<LI><a href="#[246]">&gt;&gt;</a>&nbsp;&nbsp;&nbsp;__aeabi_uidivmod
</UL>
<BR>[Called By]<UL><LI><a href="#[239]">&gt;&gt;</a>&nbsp;&nbsp;&nbsp;__0vsnprintf
<LI><a href="#[238]">&gt;&gt;</a>&nbsp;&nbsp;&nbsp;__0vfprintf
<LI><a href="#[237]">&gt;&gt;</a>&nbsp;&nbsp;&nbsp;__0sprintf
<LI><a href="#[236]">&gt;&gt;</a>&nbsp;&nbsp;&nbsp;__0printf
<LI><a href="#[234]">&gt;&gt;</a>&nbsp;&nbsp;&nbsp;__0fprintf
</UL>

<P><STRONG><a name="[245]"></a>_printf_post_padding</STRONG> (Thumb, 36 bytes, Stack size 24 bytes, printfa.o(i._printf_post_padding), UNUSED)
<BR><BR>[Called By]<UL><LI><a href="#[235]">&gt;&gt;</a>&nbsp;&nbsp;&nbsp;_printf_core
</UL>

<P><STRONG><a name="[244]"></a>_printf_pre_padding</STRONG> (Thumb, 46 bytes, Stack size 24 bytes, printfa.o(i._printf_pre_padding), UNUSED)
<BR><BR>[Called By]<UL><LI><a href="#[235]">&gt;&gt;</a>&nbsp;&nbsp;&nbsp;_printf_core
</UL>

<P><STRONG><a name="[74]"></a>_snputc</STRONG> (Thumb, 22 bytes, Stack size 0 bytes, printfa.o(i._snputc))
<BR>[Address Reference Count : 1]<UL><LI> printfa.o(i.__0vsnprintf)
</UL>
<P><STRONG><a name="[73]"></a>_sputc</STRONG> (Thumb, 10 bytes, Stack size 0 bytes, printfa.o(i._sputc))
<BR><BR>[Called By]<UL><LI><a href="#[237]">&gt;&gt;</a>&nbsp;&nbsp;&nbsp;__0sprintf
</UL>
<BR>[Address Reference Count : 1]<UL><LI> printfa.o(i.__0sprintf)
</UL>
<P><STRONG><a name="[1e4]"></a>[local to rwstdexcept_cpp]::__rw::__rw_vfmatstr(char*, unsigned, const char*, std::__va_list)</STRONG> (Thumb, 88 bytes, Stack size 24 bytes, rwstdexcept.o(i._ZN37_INTERNAL_15_rwstdexcept_cpp_8697b68a4__rw13__rw_vfmatstrEPcjPKcSt9__va_list))
<BR><BR>[Stack]<UL><LI>Max Depth = 60<LI>Call Chain = [local to rwstdexcept_cpp]::__rw::__rw_vfmatstr(char*, unsigned, const char*, std::__va_list) &rArr; operator new[] (unsigned) &rArr; operator new(unsigned) &rArr; malloc
</UL>
<BR>[Calls]<UL><LI><a href="#[168]">&gt;&gt;</a>&nbsp;&nbsp;&nbsp;operator new[] (unsigned)
<LI><a href="#[1e5]">&gt;&gt;</a>&nbsp;&nbsp;&nbsp;vsnprintf
<LI><a href="#[75]">&gt;&gt;</a>&nbsp;&nbsp;&nbsp;operator delete[] (void*)
</UL>
<BR>[Called By]<UL><LI><a href="#[1ed]">&gt;&gt;</a>&nbsp;&nbsp;&nbsp;std::__rw_exception::_C_vformat(int, std::__va_list)
<LI><a href="#[1e6]">&gt;&gt;</a>&nbsp;&nbsp;&nbsp;[local to rwstdexcept_cpp]::__rw::__rw_vfmatstr(char*, unsigned, int, std::__va_list)
</UL>

<P><STRONG><a name="[1e6]"></a>[local to rwstdexcept_cpp]::__rw::__rw_vfmatstr(char*, unsigned, int, std::__va_list)</STRONG> (Thumb, 296 bytes, Stack size 88 bytes, rwstdexcept.o(i._ZN37_INTERNAL_15_rwstdexcept_cpp_8697b68a4__rw13__rw_vfmatstrEPcjiSt9__va_list))
<BR><BR>[Stack]<UL><LI>Max Depth = 352<LI>Call Chain = [local to rwstdexcept_cpp]::__rw::__rw_vfmatstr(char*, unsigned, int, std::__va_list) &rArr; sscanf &rArr; __vfscanf_char &rArr; __vfscanf &rArr; _scanf_real
</UL>
<BR>[Calls]<UL><LI><a href="#[1ea]">&gt;&gt;</a>&nbsp;&nbsp;&nbsp;std::locale::locale()
<LI><a href="#[1e4]">&gt;&gt;</a>&nbsp;&nbsp;&nbsp;[local to rwstdexcept_cpp]::__rw::__rw_vfmatstr(char*, unsigned, const char*, std::__va_list)
<LI><a href="#[1b0]">&gt;&gt;</a>&nbsp;&nbsp;&nbsp;sscanf
<LI><a href="#[1e7]">&gt;&gt;</a>&nbsp;&nbsp;&nbsp;strrchr
<LI><a href="#[1e8]">&gt;&gt;</a>&nbsp;&nbsp;&nbsp;std::basic_string&lang;char, std::char_traits&lang;char&rang;, std::allocator&lang;char&rang;&rang;::basic_string(const char*, const std::allocator&lang;char&rang;&)
<LI><a href="#[6f]">&gt;&gt;</a>&nbsp;&nbsp;&nbsp;std::locale::~locale()
<LI><a href="#[6a]">&gt;&gt;</a>&nbsp;&nbsp;&nbsp;std::basic_string&lang;char, std::char_traits&lang;char&rang;, std::allocator&lang;char&rang;&rang;::~basic_string()
<LI><a href="#[1e9]">&gt;&gt;</a>&nbsp;&nbsp;&nbsp;std::basic_string&lang;char, std::char_traits&lang;char&rang;, std::allocator&lang;char&rang;&rang;::basic_string(const std::basic_string&lang;char, std::char_traits&lang;char&rang;, std::allocator&lang;char&rang;&rang;&)
</UL>
<BR>[Called By]<UL><LI><a href="#[1ed]">&gt;&gt;</a>&nbsp;&nbsp;&nbsp;std::__rw_exception::_C_vformat(int, std::__va_list)
</UL>

<P><STRONG><a name="[19b]"></a>_fp_value</STRONG> (Thumb, 296 bytes, Stack size 64 bytes, scanf_fp.o(.text), UNUSED)
<BR><BR>[Calls]<UL><LI><a href="#[19d]">&gt;&gt;</a>&nbsp;&nbsp;&nbsp;__aeabi_dmul
<LI><a href="#[19e]">&gt;&gt;</a>&nbsp;&nbsp;&nbsp;__aeabi_ddiv
<LI><a href="#[19c]">&gt;&gt;</a>&nbsp;&nbsp;&nbsp;__aeabi_ul2d
</UL>
<BR>[Called By]<UL><LI><a href="#[19f]">&gt;&gt;</a>&nbsp;&nbsp;&nbsp;_scanf_really_real
</UL>

<P><STRONG><a name="[65]"></a>_scanf_char_input</STRONG> (Thumb, 12 bytes, Stack size 0 bytes, scanf_char.o(.text))
<BR>[Address Reference Count : 1]<UL><LI> scanf_char.o(.text)
</UL>
<P><STRONG><a name="[c0]"></a>__sti___8_char_cpp_a3dc957a</STRONG> (Thumb, 12 bytes, Stack size 0 bytes, char.o(i.__sti___8_char_cpp_a3dc957a))
<BR>[Address Reference Count : 1]<UL><LI> char.o(.init_array)
</UL>
<P><STRONG><a name="[6b]"></a>&lang;Func5&rang;</STRONG> (Thumb, 20 bytes, Stack size 16 bytes, locale.o(i.<Func5>))
<BR><BR>[Stack]<UL><LI>Max Depth = 24<LI>Call Chain = &lang;Func5&rang; &rArr; std::basic_string&lang;char, std::char_traits&lang;char&rang;, std::allocator&lang;char&rang;&rang;::basic_string(const std::allocator&lang;char&rang;&)
</UL>
<BR>[Calls]<UL><LI><a href="#[1b8]">&gt;&gt;</a>&nbsp;&nbsp;&nbsp;std::basic_string&lang;char, std::char_traits&lang;char&rang;, std::allocator&lang;char&rang;&rang;::basic_string(const std::allocator&lang;char&rang;&)
</UL>
<BR>[Address Reference Count : 1]<UL><LI> locale.o(i._ZN4__rw15__rw_locale_impC1EPKcjj)
</UL>
<P><STRONG><a name="[c1]"></a>__sti___10_locale_cpp_ff99fc7b</STRONG> (Thumb, 12 bytes, Stack size 0 bytes, locale.o(i.__sti___10_locale_cpp_ff99fc7b))
<BR>[Address Reference Count : 1]<UL><LI> locale.o(.init_array)
</UL>
<P><STRONG><a name="[67]"></a>[local to arm_exceptions_c]::__default_terminate_handler()</STRONG> (Thumb, 6 bytes, Stack size 8 bytes, arm_exceptions_globs.o(.text))
<BR><BR>[Stack]<UL><LI>Max Depth = 8<LI>Call Chain = [local to arm_exceptions_c]::__default_terminate_handler()
</UL>
<BR>[Address Reference Count : 1]<UL><LI> arm_exceptions_globs.o(.text)
</UL>
<P><STRONG><a name="[c2]"></a>__sti___10_rwcats_cpp_64e8068e</STRONG> (Thumb, 42 bytes, Stack size 16 bytes, rwcats.o(i.__sti___10_rwcats_cpp_64e8068e))
<BR><BR>[Stack]<UL><LI>Max Depth = 60<LI>Call Chain = __sti___10_rwcats_cpp_64e8068e &rArr; __aeabi_atexit &rArr; malloc
</UL>
<BR>[Calls]<UL><LI><a href="#[168]">&gt;&gt;</a>&nbsp;&nbsp;&nbsp;operator new[] (unsigned)
<LI><a href="#[e0]">&gt;&gt;</a>&nbsp;&nbsp;&nbsp;__aeabi_atexit
</UL>
<BR>[Address Reference Count : 1]<UL><LI> rwcats.o(.init_array)
</UL><P>
<H3>
Undefined Global Symbols
</H3><HR></body></html>
