Component: ARM Compiler 5.06 update 6 (build 750) Tool: armlink [4d35ed]

==============================================================================

Section Cross References

    main.o(.text) refers to assert.o(i.mbed_assert_internal) for mbed_assert_internal
    main.o(.text) refers to cxa_guard_acquire.o(i.__cxa_guard_acquire) for __cxa_guard_acquire
    main.o(.text) refers to x_cube_mems.o(.text) for X_CUBE_MEMS::Instance()
    main.o(.text) refers to main.o(i._ZN4mbed6Ticker6attachEPFvvEf) for mbed::Ticker::attach(void(*)(), float)
    main.o(.text) refers to hts221.o(.text) for HTS221::GetTemperature(float*)
    main.o(.text) refers to lps25.o(.text) for LPS25H::GetPressure(float*)
    main.o(.text) refers to f2d.o(.text) for __aeabi_f2d
    main.o(.text) refers to Stream.o(i._ZN4mbed6Stream6printfEPKcz) for mbed::Stream::printf(const char*, ...)
    main.o(.text) refers to memseta.o(.text) for __aeabi_memclr4
    main.o(.text) refers to gpio.o(i.gpio_init_out) for gpio_init_out
    main.o(.text) refers to Serial.o(i._ZN4mbed6SerialC1E7PinNameS1_PKc) for mbed::Serial::Serial(PinName, PinName, const char*)
    main.o(.text) refers to aeabi_atexit.o(.text) for __aeabi_atexit
    main.o(.text) refers to main.o(i._ZN4mbed6TickerC1Ev) for mbed::Ticker::Ticker()
    main.o(.text) refers to main.o(.bss) for led
    main.o(.text) refers to main.o(.conststring) for .conststring
    main.o(.text) refers to main.o(.data) for measurements_update
    main.o(.text) refers to Serial.o(i._ZN4mbed6SerialD1Ev) for mbed::Serial::~Serial()
    main.o(.text) refers to Ticker.o(i._ZN4mbed6TickerD1Ev) for mbed::Ticker::~Ticker()
    main.o(.ARM.exidx) refers to main.o(.text) for .text
    main.o(.init_array) refers to main.o(.text) for __sti___8_main_cpp_led
    main.o(.init_array) refers to cpp_init.o(.text) for __cpp_initialize__aeabi_
    x_cube_mems.o(.text) refers to I2C.o(i._ZN4mbed3I2CC1E7PinNameS1_) for mbed::I2C::I2C(PinName, PinName)
    x_cube_mems.o(.text) refers to hts221.o(.text) for HTS221::Init()
    x_cube_mems.o(.text) refers to lps25.o(.text) for LPS25H::Init()
    x_cube_mems.o(.text) refers to lis3mdl.o(.text) for LIS3MDL::Init()
    x_cube_mems.o(.text) refers to lsm6ds0.o(.text) for LSM6DS0::Init()
    x_cube_mems.o(.text) refers to new.o(i._Znwj) for operator new(unsigned)
    x_cube_mems.o(.text) refers to x_cube_mems.o(.data) for X_CUBE_MEMS::_instance
    x_cube_mems.o(.ARM.exidx) refers to x_cube_mems.o(.text) for .text
    lsm6ds0.o(.text) refers to lsm6ds0.o(i._ZN6DevI2C8i2c_readEPhhht) for DevI2C::i2c_read(unsigned char*, unsigned char, unsigned char, unsigned short)
    lsm6ds0.o(.text) refers to lsm6ds0.o(i._ZN6DevI2C9i2c_writeEPhhht) for DevI2C::i2c_write(unsigned char*, unsigned char, unsigned char, unsigned short)
    lsm6ds0.o(.ARM.exidx) refers to lsm6ds0.o(.text) for .text
    hts221.o(.text) refers to lsm6ds0.o(i._ZN6DevI2C8i2c_readEPhhht) for DevI2C::i2c_read(unsigned char*, unsigned char, unsigned char, unsigned short)
    hts221.o(.text) refers to lsm6ds0.o(i._ZN6DevI2C9i2c_writeEPhhht) for DevI2C::i2c_write(unsigned char*, unsigned char, unsigned char, unsigned short)
    hts221.o(.text) refers to pow.o(i.__hardfp_pow) for __hardfp_pow
    hts221.o(.text) refers to f2d.o(.text) for __aeabi_f2d
    hts221.o(.text) refers to dmul.o(.text) for __aeabi_dmul
    hts221.o(.text) refers to dfixi.o(.text) for __aeabi_d2iz
    hts221.o(.text) refers to ddiv.o(.text) for __aeabi_ddiv
    hts221.o(.text) refers to d2f.o(.text) for __aeabi_d2f
    hts221.o(.text) refers to dfixui.o(.text) for __aeabi_d2uiz
    hts221.o(.text) refers to hts221.o(.data) for T0_out
    hts221.o(.ARM.exidx) refers to hts221.o(.text) for .text
    lis3mdl.o(.text) refers to lsm6ds0.o(i._ZN6DevI2C8i2c_readEPhhht) for DevI2C::i2c_read(unsigned char*, unsigned char, unsigned char, unsigned short)
    lis3mdl.o(.text) refers to lsm6ds0.o(i._ZN6DevI2C9i2c_writeEPhhht) for DevI2C::i2c_write(unsigned char*, unsigned char, unsigned char, unsigned short)
    lis3mdl.o(.ARM.exidx) refers to lis3mdl.o(.text) for .text
    lps25.o(.text) refers to lsm6ds0.o(i._ZN6DevI2C8i2c_readEPhhht) for DevI2C::i2c_read(unsigned char*, unsigned char, unsigned char, unsigned short)
    lps25.o(.text) refers to lsm6ds0.o(i._ZN6DevI2C9i2c_writeEPhhht) for DevI2C::i2c_write(unsigned char*, unsigned char, unsigned char, unsigned short)
    lps25.o(.ARM.exidx) refers to lps25.o(.text) for .text
    stm32f4xx_hal_tim_ex.o(i.HAL_TIMEx_ConfigCommutationEvent_DMA) refers to stm32f4xx_hal_tim_ex.o(i.HAL_TIMEx_DMACommutationCplt) for HAL_TIMEx_DMACommutationCplt
    stm32f4xx_hal_tim_ex.o(i.HAL_TIMEx_ConfigCommutationEvent_DMA) refers to stm32f4xx_hal_tim.o(i.HAL_TIM_DMAError) for HAL_TIM_DMAError
    stm32f4xx_hal_tim_ex.o(i.HAL_TIMEx_DMACommutationCplt) refers to stm32f4xx_hal_tim_ex.o(i.HAL_TIMEx_CommutationCallback) for HAL_TIMEx_CommutationCallback
[...]
    .data                                    0x20000194   Section       32  main.o(.data)
    _ZGVSensors                              0x200001ac   Data           4  main.o(.data)
    Sensors                                  0x200001b0   Data           4  main.o(.data)
    .data                                    0x200001b4   Section        4  x_cube_mems.o(.data)
    .data                                    0x200001b8   Section       24  hts221.o(.data)
    .data                                    0x200001d0   Section        4  stm32f4xx_hal.o(.data)
    uwTick                                   0x200001d0   Data           4  stm32f4xx_hal.o(.data)
    .data                                    0x200001d4   Section        4  hal_tick.o(.data)
    .data                                    0x200001d8   Section        4  system_stm32f4xx.o(.data)
    .data                                    0x200001dc   Section        4  retarget.o(.data)
    n                                        0x200001dc   Data           4  retarget.o(.data)
    .data                                    0x200001e0   Section        8  serial_api.o(.data)
    irq_handler                              0x200001e4   Data           4  serial_api.o(.data)
    .data                                    0x200001e8   Section        4  I2C.o(.data)
    .data                                    0x200001ec   Section        8  us_ticker_api.o(.data)
    head                                     0x200001ec   Data           4  us_ticker_api.o(.data)
    event_handler                            0x200001f0   Data           4  us_ticker_api.o(.data)
    .data                                    0x200001f4   Section       12  i2c_api.o(.data)
    .data                                    0x20000200   Section        4  us_ticker.o(.data)
    us_ticker_inited                         0x20000200   Data           4  us_ticker.o(.data)
    .data                                    0x20000204   Section        4  FileBase.o(.data)
    .data                                    0x20000208   Section        4  errno.o(.data)
    _errno                                   0x20000208   Data           4  errno.o(.data)
    .data                                    0x2000020c   Section        4  cpp_dtor.o(.data)
    ddtor_pointer                            0x2000020c   Data           4  cpp_dtor.o(.data)
    .data                                    0x20000210   Section       12  cpp_memory.o(.data)
    handler_pointer                          0x20000210   Data           4  cpp_memory.o(.data)
    eh                                       0x20000214   Data           4  cpp_memory.o(.data)
    eh_p                                     0x20000218   Data           4  cpp_memory.o(.data)
    .data                                    0x2000021c   Section        4  mvars.o(.data)
    .data                                    0x20000220   Section        4  mvars.o(.data)
    .bss                                     0x20000228   Section      264  main.o(.bss)
    .bss                                     0x20000330   Section       60  hal_tick.o(.bss)
    .bss                                     0x2000036c   Section       64  retarget.o(.bss)
    filehandles                              0x2000036c   Data          64  retarget.o(.bss)
    .bss                                     0x200003ac   Section      100  serial_api.o(.bss)
    serial_irq_ids                           0x200003ac   Data          12  serial_api.o(.bss)
    .bss                                     0x20000410   Section       56  i2c_api.o(.bss)
    .bss                                     0x20000448   Section       60  us_ticker.o(.bss)
    TimMasterHandle                          0x20000448   Data          60  us_ticker.o(.bss)
    .bss                                     0x20000484   Section       20  stdout_f.o(.bss)
    .bss                                     0x20000498   Section       20  stderr_f.o(.bss)
    HEAP                                     0x200004b0   Section     1024  startup_stm32f401xe.o(HEAP)

    Global Symbols

    Symbol Name                              Value     Ov Type        Size  Object(Section)

    BuildAttributes$$THM_ISAv4$E$P$D$K$B$S$7EM$VFPi3$EXTD16$VFPS$VFMA$PE$A:L22UL41UL21$X:L11$S22US41US21$IEEE1$IW$USESV6$~STKCKD$USESV7$~SHL$OTIME$ROPI$IEEEX$EBA8$UX$MICROLIB$REQ8$PRES8$EABIv2 0x00000000   Number         0  anon$$obj.o ABSOLUTE
    __ARM_use_no_argv                        0x00000000   Number         0  main.o ABSOLUTE
    _printf_a                                0x00000000   Number         0  stubs.o ABSOLUTE
    _printf_c                                0x00000000   Number         0  stubs.o ABSOLUTE
    _printf_charcount                        0x00000000   Number         0  stubs.o ABSOLUTE
    _printf_d                                0x00000000   Number         0  stubs.o ABSOLUTE
    _printf_e                                0x00000000   Number         0  stubs.o ABSOLUTE
    _printf_f                                0x00000000   Number         0  stubs.o ABSOLUTE
    _printf_flags                            0x00000000   Number         0  stubs.o ABSOLUTE
    _printf_fp_dec                           0x00000000   Number         0  stubs.o ABSOLUTE
    _printf_fp_hex                           0x00000000   Number         0  stubs.o ABSOLUTE
    _printf_g                                0x00000000   Number         0  stubs.o ABSOLUTE
    _printf_i                                0x00000000   Number         0  stubs.o ABSOLUTE
    _printf_int_dec                          0x00000000   Number         0  stubs.o ABSOLUTE
    _printf_l                                0x00000000   Number         0  stubs.o ABSOLUTE
    _printf_lc                               0x00000000   Number         0  stubs.o ABSOLUTE
    _printf_ll                               0x00000000   Number         0  stubs.o ABSOLUTE
    _printf_lld                              0x00000000   Number         0  stubs.o ABSOLUTE
    _printf_lli                              0x00000000   Number         0  stubs.o ABSOLUTE
    _printf_llo                              0x00000000   Number         0  stubs.o ABSOLUTE
    _printf_llu                              0x00000000   Number         0  stubs.o ABSOLUTE
    _printf_llx                              0x00000000   Number         0  stubs.o ABSOLUTE
    _printf_longlong_dec                     0x00000000   Number         0  stubs.o ABSOLUTE
    _printf_longlong_hex                     0x00000000   Number         0  stubs.o ABSOLUTE
    _printf_longlong_oct                     0x00000000   Number         0  stubs.o ABSOLUTE
    _printf_ls                               0x00000000   Number         0  stubs.o ABSOLUTE
    _printf_mbtowc                           0x00000000   Number         0  stubs.o ABSOLUTE
    _printf_n                                0x00000000   Number         0  stubs.o ABSOLUTE
    _printf_o                                0x00000000   Number         0  stubs.o ABSOLUTE
    _printf_p                                0x00000000   Number         0  stubs.o ABSOLUTE
    _printf_percent                          0x00000000   Number         0  stubs.o ABSOLUTE
    _printf_pre_padding                      0x00000000   Number         0  stubs.o ABSOLUTE
    _printf_return_value                     0x00000000   Number         0  stubs.o ABSOLUTE
    _printf_s                                0x00000000   Number         0  stubs.o ABSOLUTE
    _printf_sizespec                         0x00000000   Number         0  stubs.o ABSOLUTE
    _printf_str                              0x00000000   Number         0  stubs.o ABSOLUTE
    _printf_truncate_signed                  0x00000000   Number         0  stubs.o ABSOLUTE
    _printf_truncate_unsigned                0x00000000   Number         0  stubs.o ABSOLUTE
    _printf_u                                0x00000000   Number         0  stubs.o ABSOLUTE
    _printf_wc                               0x00000000   Number         0  stubs.o ABSOLUTE
    _printf_wctomb                           0x00000000   Number         0  stubs.o ABSOLUTE
    _printf_widthprec                        0x00000000   Number         0  stubs.o ABSOLUTE
    _printf_x                                0x00000000   Number         0  stubs.o ABSOLUTE
    SHT$$ARM_EXIDX$$Base                      - Undefined Reference
    SHT$$ARM_EXIDX$$Limit                     - Undefined Reference
    __ARM::default_unexpected_handler()       - Undefined Weak Reference
    __ARM_exceptions_buffer_required          - Undefined Weak Reference
    __aeabi_unwind_cpp_pr1                    - Undefined Weak Reference
    __aeabi_unwind_cpp_pr2                    - Undefined Weak Reference
    __cxa_begin_cleanup                       - Undefined Weak Reference
    __cxa_type_match                          - Undefined Weak Reference
    __decompress                              - Undefined Weak Reference
    _clock_init                               - Undefined Weak Reference
    _microlib_exit                            - Undefined Weak Reference
    __Vectors_Size                           0x00000194   Number         0  startup_stm32f401xe.o ABSOLUTE
    __Vectors                                0x08000000   Data           4  startup_stm32f401xe.o(RESET)
    __dso_handle                             0x08000000   Number         0  startup_stm32f401xe.o(RESET)
    __Vectors_End                            0x08000194   Data           0  startup_stm32f401xe.o(RESET)
    __main                                   0x08000195   Thumb Code     0  entry.o(.ARM.Collect$$$$00000000)
    _main_stk                                0x08000195   Thumb Code     0  entry2.o(.ARM.Collect$$$$00000001)
    _main_scatterload                        0x08000199   Thumb Code     0  entry5.o(.ARM.Collect$$$$00000004)
    __main_after_scatterload                 0x0800019d   Thumb Code     0  entry5.o(.ARM.Collect$$$$00000004)
    __use_full_stdio                         0x0800019d   Thumb Code     0  entry6b.o(.ARM.Collect$$$$00000006)
    __main_after_initio                      0x080001a1   Thumb Code     0  entry6b.o(.ARM.Collect$$$$00000006)
    _main_clock                              0x080001a1   Thumb Code     0  entry7b.o(.ARM.Collect$$$$00000008)
    _main_cpp_init$empty                     0x080001a1   Thumb Code     0  entry8a.o(.ARM.Collect$$$$00000009)
    _main_cpp_init                           0x080001a5   Thumb Code     0  entry8b.o(.ARM.Collect$$$$0000000A)
    _main_init                               0x080001a5   Thumb Code     0  entry9a.o(.ARM.Collect$$$$0000000B)
    __rt_final_cpp                           0x080001ad   Thumb Code     0  entry10a.o(.ARM.Collect$$$$0000000D)
    __rt_final_cpp$nonempty                  0x080001ad   Thumb Code     0  entry10b.o(.ARM.Collect$$$$0000000E)
    __rt_final_exit                          0x080001b1   Thumb Code     0  entry11a.o(.ARM.Collect$$$$0000000F)
    blinky_handler()                         0x080001b5   Thumb Code   128  main.o(.text)
    sensors_handler()                        0x08000235   Thumb Code     8  main.o(.text)
    $Super$$main                             0x0800023d   Thumb Code   306  main.o(.text)
    X_CUBE_MEMS::X_CUBE_MEMS()               0x08000481   Thumb Code   130  x_cube_mems.o(.text)
    X_CUBE_MEMS::X_CUBE_MEMS__sub_object()   0x08000481   Thumb Code     0  x_cube_mems.o(.text)
    X_CUBE_MEMS::Instance()                  0x08000503   Thumb Code    58  x_cube_mems.o(.text)
    LSM6DS0::Gyro_GetAxesRaw(short*)         0x08000549   Thumb Code   126  lsm6ds0.o(.text)
    LSM6DS0::Gyro_GetAxes(AxesRaw_TypeDef*)  0x080005c7   Thumb Code   190  lsm6ds0.o(.text)
    LSM6DS0::Acc_GetAxesRaw(short*)          0x08000685   Thumb Code   126  lsm6ds0.o(.text)
    LSM6DS0::Acc_GetAxes(AxesRaw_TypeDef*)   0x08000703   Thumb Code   190  lsm6ds0.o(.text)
    LSM6DS0::ReadID()                        0x080007c1   Thumb Code    38  lsm6ds0.o(.text)
    LSM6DS0::Init()                          0x080007e7   Thumb Code   380  lsm6ds0.o(.text)
    HTS221::GetTemperature(float*)           0x08000981   Thumb Code   374  hts221.o(.text)
    HTS221::GetHumidity(float*)              0x08000af7   Thumb Code   372  hts221.o(.text)
    HTS221::ReadID()                         0x08000c6b   Thumb Code    34  hts221.o(.text)
    HTS221::HTS221_Calibration()             0x08000c8d   Thumb Code   472  hts221.o(.text)
    HTS221::Power_ON()                       0x08000e65   Thumb Code    66  hts221.o(.text)
    HTS221::Init()                           0x08000ea7   Thumb Code    96  hts221.o(.text)
    LIS3MDL::GetAxesRaw(short*)              0x08000f09   Thumb Code   126  lis3mdl.o(.text)
    LIS3MDL::GetAxes(AxesRaw_TypeDef*)       0x08000f87   Thumb Code   204  lis3mdl.o(.text)
    LIS3MDL::ReadID()                        0x08001053   Thumb Code    38  lis3mdl.o(.text)
    LIS3MDL::Init()                          0x08001079   Thumb Code   216  lis3mdl.o(.text)
    LPS25H::ReadRawPressure(unsigned*)       0x08001165   Thumb Code    72  lps25.o(.text)
    LPS25H::GetPressure(float*)              0x080011ad   Thumb Code    52  lps25.o(.text)
    LPS25H::ReadID()                         0x080011e1   Thumb Code    34  lps25.o(.text)
    LPS25H::Power_ON()                       0x08001203   Thumb Code    54  lps25.o(.text)
    LPS25H::Init()                           0x08001239   Thumb Code   226  lps25.o(.text)
    LPS25H::LPS25H_Calibration()             0x0800131b   Thumb Code    16  lps25.o(.text)
    Reset_Handler                            0x08001331   Thumb Code     8  startup_stm32f401xe.o(.text)
    NMI_Handler                              0x08001339   Thumb Code     2  startup_stm32f401xe.o(.text)
    HardFault_Handler                        0x0800133b   Thumb Code     2  startup_stm32f401xe.o(.text)
    MemManage_Handler                        0x0800133d   Thumb Code     2  startup_stm32f401xe.o(.text)
    BusFault_Handler                         0x0800133f   Thumb Code     2  startup_stm32f401xe.o(.text)
    UsageFault_Handler                       0x08001341   Thumb Code     2  startup_stm32f401xe.o(.text)
    SVC_Handler                              0x08001343   Thumb Code     2  startup_stm32f401xe.o(.text)
    DebugMon_Handler                         0x08001345   Thumb Code     2  startup_stm32f401xe.o(.text)
    PendSV_Handler                           0x08001347   Thumb Code     2  startup_stm32f401xe.o(.text)
    SysTick_Handler                          0x08001349   Thumb Code     2  startup_stm32f401xe.o(.text)
    ADC_IRQHandler                           0x0800134b   Thumb Code     0  startup_stm32f401xe.o(.text)
    DMA1_Stream0_IRQHandler                  0x0800134b   Thumb Code     0  startup_stm32f401xe.o(.text)
    DMA1_Stream1_IRQHandler                  0x0800134b   Thumb Code     0  startup_stm32f401xe.o(.text)
    DMA1_Stream2_IRQHandler                  0x0800134b   Thumb Code     0  startup_stm32f401xe.o(.text)
    DMA1_Stream3_IRQHandler                  0x0800134b   Thumb Code     0  startup_stm32f401xe.o(.text)
    DMA1_Stream4_IRQHandler                  0x0800134b   Thumb Code     0  startup_stm32f401xe.o(.text)
    DMA1_Stream5_IRQHandler                  0x0800134b   Thumb Code     0  startup_stm32f401xe.o(.text)
    DMA1_Stream6_IRQHandler                  0x0800134b   Thumb Code     0  startup_stm32f401xe.o(.text)
    DMA1_Stream7_IRQHandler                  0x0800134b   Thumb Code     0  startup_stm32f401xe.o(.text)
    DMA2_Stream0_IRQHandler                  0x0800134b   Thumb Code     0  startup_stm32f401xe.o(.text)
    DMA2_Stream1_IRQHandler                  0x0800134b   Thumb Code     0  startup_stm32f401xe.o(.text)
    DMA2_Stream2_IRQHandler                  0x0800134b   Thumb Code     0  startup_stm32f401xe.o(.text)
    DMA2_Stream3_IRQHandler                  0x0800134b   Thumb Code     0  startup_stm32f401xe.o(.text)
    DMA2_Stream4_IRQHandler                  0x0800134b   Thumb Code     0  startup_stm32f401xe.o(.text)
    DMA2_Stream5_IRQHandler                  0x0800134b   Thumb Code     0  startup_stm32f401xe.o(.text)
    DMA2_Stream6_IRQHandler                  0x0800134b   Thumb Code     0  startup_stm32f401xe.o(.text)
    DMA2_Stream7_IRQHandler                  0x0800134b   Thumb Code     0  startup_stm32f401xe.o(.text)
    EXTI0_IRQHandler                         0x0800134b   Thumb Code     0  startup_stm32f401xe.o(.text)
    EXTI15_10_IRQHandler                     0x0800134b   Thumb Code     0  startup_stm32f401xe.o(.text)
    EXTI1_IRQHandler                         0x0800134b   Thumb Code     0  startup_stm32f401xe.o(.text)
    EXTI2_IRQHandler                         0x0800134b   Thumb Code     0  startup_stm32f401xe.o(.text)
    EXTI3_IRQHandler                         0x0800134b   Thumb Code     0  startup_stm32f401xe.o(.text)
    EXTI4_IRQHandler                         0x0800134b   Thumb Code     0  startup_stm32f401xe.o(.text)
    EXTI9_5_IRQHandler                       0x0800134b   Thumb Code     0  startup_stm32f401xe.o(.text)
    FLASH_IRQHandler                         0x0800134b   Thumb Code     0  startup_stm32f401xe.o(.text)
    FPU_IRQHandler                           0x0800134b   Thumb Code     0  startup_stm32f401xe.o(.text)
    I2C1_ER_IRQHandler                       0x0800134b   Thumb Code     0  startup_stm32f401xe.o(.text)
    I2C1_EV_IRQHandler                       0x0800134b   Thumb Code     0  startup_stm32f401xe.o(.text)
    I2C2_ER_IRQHandler                       0x0800134b   Thumb Code     0  startup_stm32f401xe.o(.text)
    I2C2_EV_IRQHandler                       0x0800134b   Thumb Code     0  startup_stm32f401xe.o(.text)
    I2C3_ER_IRQHandler                       0x0800134b   Thumb Code     0  startup_stm32f401xe.o(.text)
    I2C3_EV_IRQHandler                       0x0800134b   Thumb Code     0  startup_stm32f401xe.o(.text)
    OTG_FS_IRQHandler                        0x0800134b   Thumb Code     0  startup_stm32f401xe.o(.text)
    OTG_FS_WKUP_IRQHandler                   0x0800134b   Thumb Code     0  startup_stm32f401xe.o(.text)
    PVD_IRQHandler                           0x0800134b   Thumb Code     0  startup_stm32f401xe.o(.text)
    RCC_IRQHandler                           0x0800134b   Thumb Code     0  startup_stm32f401xe.o(.text)
    RTC_Alarm_IRQHandler                     0x0800134b   Thumb Code     0  startup_stm32f401xe.o(.text)
    RTC_WKUP_IRQHandler                      0x0800134b   Thumb Code     0  startup_stm32f401xe.o(.text)
    SDIO_IRQHandler                          0x0800134b   Thumb Code     0  startup_stm32f401xe.o(.text)
    SPI1_IRQHandler                          0x0800134b   Thumb Code     0  startup_stm32f401xe.o(.text)
    SPI2_IRQHandler                          0x0800134b   Thumb Code     0  startup_stm32f401xe.o(.text)
    SPI3_IRQHandler                          0x0800134b   Thumb Code     0  startup_stm32f401xe.o(.text)
    SPI4_IRQHandler                          0x0800134b   Thumb Code     0  startup_stm32f401xe.o(.text)
    TAMP_STAMP_IRQHandler                    0x0800134b   Thumb Code     0  startup_stm32f401xe.o(.text)
    TIM1_BRK_TIM9_IRQHandler                 0x0800134b   Thumb Code     0  startup_stm32f401xe.o(.text)
    TIM1_CC_IRQHandler                       0x0800134b   Thumb Code     0  startup_stm32f401xe.o(.text)
    TIM1_TRG_COM_TIM11_IRQHandler            0x0800134b   Thumb Code     0  startup_stm32f401xe.o(.text)
    TIM1_UP_TIM10_IRQHandler                 0x0800134b   Thumb Code     0  startup_stm32f401xe.o(.text)
    TIM2_IRQHandler                          0x0800134b   Thumb Code     0  startup_stm32f401xe.o(.text)
    TIM3_IRQHandler                          0x0800134b   Thumb Code     0  startup_stm32f401xe.o(.text)
    TIM4_IRQHandler                          0x0800134b   Thumb Code     0  startup_stm32f401xe.o(.text)
    TIM5_IRQHandler                          0x0800134b   Thumb Code     0  startup_stm32f401xe.o(.text)
    USART1_IRQHandler                        0x0800134b   Thumb Code     0  startup_stm32f401xe.o(.text)
    USART2_IRQHandler                        0x0800134b   Thumb Code     0  startup_stm32f401xe.o(.text)
    USART6_IRQHandler                        0x0800134b   Thumb Code     0  startup_stm32f401xe.o(.text)
    WWDG_IRQHandler                          0x0800134b   Thumb Code     0  startup_stm32f401xe.o(.text)
    _initio                                  0x08001355   Thumb Code    20  initio_oe.o(.text)
    fputc                                    0x08001375   Thumb Code    40  fputc_fp.o(.text)
    ___aeabi_memcpy8$move                    0x0800139d   Thumb Code     0  memmovea.o(.text)
    __aeabi_memcpy                           0x0800139d   Thumb Code    64  memmovea.o(.text)
    __aeabi_memcpy4                          0x0800139d   Thumb Code     0  memmovea.o(.text)
    __aeabi_memmove                          0x0800139d   Thumb Code     0  memmovea.o(.text)
    __aeabi_memmove4                         0x0800139d   Thumb Code     0  memmovea.o(.text)
    __aeabi_memmove8                         0x0800139d   Thumb Code     0  memmovea.o(.text)
    __aeabi_memset                           0x080013dd   Thumb Code    14  memseta.o(.text)
    __aeabi_memset4                          0x080013dd   Thumb Code     0  memseta.o(.text)
    __aeabi_memset8                          0x080013dd   Thumb Code     0  memseta.o(.text)
    __aeabi_memclr                           0x080013eb   Thumb Code     4  memseta.o(.text)
    __aeabi_memclr4                          0x080013eb   Thumb Code     0  memseta.o(.text)
    __aeabi_memclr8                          0x080013eb   Thumb Code     0  memseta.o(.text)
    _memset$wrapper                          0x080013ef   Thumb Code    18  memseta.o(.text)
    strlen                                   0x08001401   Thumb Code    14  strlen.o(.text)
    strcmp                                   0x0800140f   Thumb Code    28  strcmp.o(.text)
    strncmp                                  0x0800142b   Thumb Code    30  strncmp.o(.text)
    __0sscanf                                0x08001449   Thumb Code    48  __0sscanf.o(.text)
    _scanf_int                               0x08001481   Thumb Code   332  _scanf_int.o(.text)
    __cpp_initialize__aeabi_                 0x080015cd   Thumb Code    22  cpp_init.o(.text)
    __aeabi_atexit                           0x080015ed   Thumb Code    46  aeabi_atexit.o(.text)
    __aeabi_dmul                             0x0800161b   Thumb Code   228  dmul.o(.text)
    __aeabi_ddiv                             0x080016ff   Thumb Code   222  ddiv.o(.text)
    __aeabi_f2ulz                            0x080017dd   Thumb Code    44  ffixul.o(.text)
    __aeabi_d2iz                             0x08001809   Thumb Code    62  dfixi.o(.text)
    __aeabi_d2uiz                            0x08001847   Thumb Code    50  dfixui.o(.text)
    __aeabi_f2d                              0x08001879   Thumb Code    38  f2d.o(.text)
    __aeabi_d2f                              0x0800189f   Thumb Code    56  d2f.o(.text)
    __default_new_handler()                  0x080018d7   Thumb Code     4  arm_newhandler_noexceptions.o(.text)
    __aeabi_uidiv                            0x080018db   Thumb Code     0  uidiv.o(.text)
    __aeabi_uidivmod                         0x080018db   Thumb Code    44  uidiv.o(.text)
    __aeabi_uldivmod                         0x08001907   Thumb Code    98  uldiv.o(.text)
    __aeabi_llsl                             0x08001969   Thumb Code    30  llshl.o(.text)
    _ll_shift_l                              0x08001969   Thumb Code     0  llshl.o(.text)
    __aeabi_llsr                             0x08001987   Thumb Code    32  llushr.o(.text)
    _ll_ushift_r                             0x08001987   Thumb Code     0  llushr.o(.text)
    _chval                                   0x080019a7   Thumb Code    28  _chval.o(.text)
    __vfscanf_char                           0x080019d1   Thumb Code    20  scanf_char.o(.text)
    _sgetc                                   0x080019ed   Thumb Code    30  _sgetc.o(.text)
    _sbackspace                              0x08001a0b   Thumb Code    34  _sgetc.o(.text)
    __I$use$fp                               0x08001a2d   Thumb Code     0  iusefp.o(.text)
    __rt_ddtor_pointer_addr                  0x08001a2d   Thumb Code     4  cpp_dtor.o(.text)
    __rt_new_handler_addr                    0x08001a35   Thumb Code     4  cpp_memory.o(.text)
    __rt_eh_globals_addr                     0x08001a39   Thumb Code    12  cpp_memory.o(.text)
    __rt_SIGPVFN                             0x08001a49   Thumb Code     2  cpp_signal.o(.text)
    __cxa_finalize                           0x08001a4b   Thumb Code    66  cxa_finalize.o(.text)
    _float_round                             0x08001a8d   Thumb Code    18  fepilogue.o(.text)
    _float_epilogue                          0x08001a9f   Thumb Code    92  fepilogue.o(.text)
    _double_round                            0x08001afb   Thumb Code    30  depilogue.o(.text)
    _double_epilogue                         0x08001b19   Thumb Code   156  depilogue.o(.text)
    __aeabi_dadd                             0x08001bb5   Thumb Code   322  dadd.o(.text)
    __aeabi_dsub                             0x08001cf7   Thumb Code     6  dadd.o(.text)
    __aeabi_drsub                            0x08001cfd   Thumb Code     6  dadd.o(.text)
    __ARM_scalbn                             0x08001d03   Thumb Code    46  dscalb.o(.text)
    scalbn                                   0x08001d03   Thumb Code     0  dscalb.o(.text)
    __aeabi_i2d                              0x08001d31   Thumb Code    34  dflti.o(.text)
    __aeabi_d2ulz                            0x08001d53   Thumb Code    48  dfixul.o(.text)
    __aeabi_cdrcmple                         0x08001d85   Thumb Code    48  cdrcmple.o(.text)
    std::terminate()                         0x08001db5   Thumb Code    26  arm_exceptions_terminate.o(.text)
    __cxa_get_globals                        0x08001dd7   Thumb Code    62  arm_exceptions_globs.o(.text)
    __scatterload                            0x08001e21   Thumb Code    28  init.o(.text)
    __scatterload_rt2                        0x08001e21   Thumb Code     0  init.o(.text)
    __aeabi_lasr                             0x08001e45   Thumb Code    36  llsshr.o(.text)
    _ll_sshift_r                             0x08001e45   Thumb Code     0  llsshr.o(.text)
    isspace                                  0x08001e69   Thumb Code    10  isspace_c.o(.text)
    __vfscanf                                0x08001e75   Thumb Code   808  _scanf.o(.text)
    __rt_lib_shutdown_cpp_2                  0x080021a1   Thumb Code     2  cpp_final.o(.text)
    _dsqrt                                   0x080021a3   Thumb Code   162  dsqrt.o(.text)
    __ARM_exceptions_buffer_init             0x08002245   Thumb Code    18  arm_exceptions_mem.o(.text)
    __ARM_exceptions_buffer_allocate         0x08002257   Thumb Code    22  arm_exceptions_mem.o(.text)
    __ARM_exceptions_buffer_free             0x0800226d   Thumb Code    20  arm_exceptions_mem.o(.text)
    __ctype_lookup                           0x08002281   Thumb Code    34  ctype_c.o(.text)
    main                                     0x080022a9   Thumb Code    18  retarget.o(i.$Sub$$main)
    HAL_GPIO_Init                            0x080022c1   Thumb Code   560  stm32f4xx_hal_gpio.o(i.HAL_GPIO_Init)
    HAL_GetTick                              0x08002509   Thumb Code     6  stm32f4xx_hal.o(i.HAL_GetTick)
    HAL_I2C_Init                             0x08002515   Thumb Code   244  stm32f4xx_hal_i2c.o(i.HAL_I2C_Init)
    HAL_I2C_MspInit                          0x08002611   Thumb Code     2  stm32f4xx_hal_i2c.o(i.HAL_I2C_MspInit)
    HAL_IncTick                              0x08002615   Thumb Code    10  stm32f4xx_hal.o(i.HAL_IncTick)
    HAL_Init                                 0x08002625   Thumb Code    48  stm32f4xx_hal.o(i.HAL_Init)
    HAL_InitTick                             0x08002659   Thumb Code   134  hal_tick.o(i.HAL_InitTick)
    HAL_MspInit                              0x08002705   Thumb Code     2  stm32f4xx_hal.o(i.HAL_MspInit)
    HAL_NVIC_SetPriorityGrouping             0x08002709   Thumb Code    30  stm32f4xx_hal_cortex.o(i.HAL_NVIC_SetPriorityGrouping)
    HAL_RCC_ClockConfig                      0x0800272d   Thumb Code   498  stm32f4xx_hal_rcc.o(i.HAL_RCC_ClockConfig)
    HAL_RCC_GetHCLKFreq                      0x0800292d   Thumb Code   172  stm32f4xx_hal_rcc.o(i.HAL_RCC_GetHCLKFreq)
    HAL_RCC_GetPCLK1Freq                     0x080029ed   Thumb Code    36  stm32f4xx_hal_rcc.o(i.HAL_RCC_GetPCLK1Freq)
    HAL_RCC_GetPCLK2Freq                     0x08002a19   Thumb Code    36  stm32f4xx_hal_rcc.o(i.HAL_RCC_GetPCLK2Freq)
    HAL_RCC_OscConfig                        0x08002a45   Thumb Code   962  stm32f4xx_hal_rcc.o(i.HAL_RCC_OscConfig)
    HAL_TIM_OC_Init                          0x08002e31   Thumb Code    50  stm32f4xx_hal_tim.o(i.HAL_TIM_OC_Init)
    HAL_TIM_OC_MspInit                       0x08002e63   Thumb Code     2  stm32f4xx_hal_tim.o(i.HAL_TIM_OC_MspInit)
    HAL_TIM_OC_Start                         0x08002e65   Thumb Code    54  stm32f4xx_hal_tim.o(i.HAL_TIM_OC_Start)
    HAL_UART_Init                            0x08002e9b   Thumb Code    94  stm32f4xx_hal_uart.o(i.HAL_UART_Init)
    HAL_UART_MspInit                         0x08002ef9   Thumb Code     2  stm32f4xx_hal_uart.o(i.HAL_UART_MspInit)
    NVIC_SetVector                           0x08002efd   Thumb Code   102  cmsis_nvic.o(i.NVIC_SetVector)
    SetSysClock_PLL_HSE                      0x08002f69   Thumb Code   116  system_stm32f4xx.o(i.SetSysClock_PLL_HSE)
    Set_GPIO_Clock                           0x08002fe5   Thumb Code    86  pinmap.o(i.Set_GPIO_Clock)
    SystemCoreClockUpdate                    0x08003059   Thumb Code   112  system_stm32f4xx.o(i.SystemCoreClockUpdate)
    SystemInit                               0x080030dd   Thumb Code   210  system_stm32f4xx.o(i.SystemInit)
    TIM_Base_SetConfig                       0x080031dd   Thumb Code   132  stm32f4xx_hal_tim.o(i.TIM_Base_SetConfig)
    mbed::FileHandle::~FileHandle()          0x08003489   Thumb Code     0  retarget.o(i._ZN4mbed10FileHandleD2Ev)
    mbed::FileHandle::~FileHandle__sub_object() 0x08003489   Thumb Code    38  retarget.o(i._ZN4mbed10FileHandleD2Ev)
    mbed::SerialBase::_base_putc(int)        0x080034b9   Thumb Code    14  SerialBase.o(i._ZN4mbed10SerialBase10_base_putcEi)
    mbed::SerialBase::_irq_handler(unsigned, SerialIrq) 0x080034c7   Thumb Code    14  SerialBase.o(i._ZN4mbed10SerialBase12_irq_handlerEj9SerialIrq)
    mbed::SerialBase::SerialBase(PinName, PinName) 0x080034d5   Thumb Code    72  SerialBase.o(i._ZN4mbed10SerialBaseC1E7PinNameS1_)
    mbed::SerialBase::SerialBase__sub_object(PinName, PinName) 0x080034d5   Thumb Code     0  SerialBase.o(i._ZN4mbed10SerialBaseC1E7PinNameS1_)
    mbed::TimerEvent::irq(unsigned)          0x08003529   Thumb Code     6  TimerEvent.o(i._ZN4mbed10TimerEvent3irqEj)
    mbed::TimerEvent::insert(unsigned long long) 0x0800352f   Thumb Code    12  TimerEvent.o(i._ZN4mbed10TimerEvent6insertEy)
    mbed::TimerEvent::remove()               0x0800353b   Thumb Code     6  TimerEvent.o(i._ZN4mbed10TimerEvent6removeEv)
    mbed::TimerEvent::TimerEvent__sub_object() 0x08003541   Thumb Code    28  TimerEvent.o(i._ZN4mbed10TimerEventC2Ev)
    mbed::TimerEvent::~TimerEvent()          0x08003565   Thumb Code     0  TimerEvent.o(i._ZN4mbed10TimerEventD2Ev)
    mbed::TimerEvent::~TimerEvent__sub_object() 0x08003565   Thumb Code    20  TimerEvent.o(i._ZN4mbed10TimerEventD2Ev)
    mbed::FunctionPointer::call()            0x0800357d   Thumb Code    24  FunctionPointer.o(i._ZN4mbed15FunctionPointer4callEv)
    mbed::FunctionPointer::attach(void(*)()) 0x08003595   Thumb Code     8  FunctionPointer.o(i._ZN4mbed15FunctionPointer6attachEPFvvE)
    mbed::FunctionPointer::FunctionPointer(void(*)()) 0x0800359d   Thumb Code    10  FunctionPointer.o(i._ZN4mbed15FunctionPointerC1EPFvvE)
    mbed::FunctionPointer::FunctionPointer__sub_object(void(*)()) 0x0800359d   Thumb Code     0  FunctionPointer.o(i._ZN4mbed15FunctionPointerC1EPFvvE)
    mbed::I2C::read(int, char*, int, bool)   0x080035a9   Thumb Code    68  I2C.o(i._ZN4mbed3I2C4readEiPcib)
    mbed::I2C::write(int, const char*, int, bool) 0x080035f1   Thumb Code    68  I2C.o(i._ZN4mbed3I2C5writeEiPKcib)
    mbed::I2C::I2C(PinName, PinName)         0x08003639   Thumb Code    28  I2C.o(i._ZN4mbed3I2CC1E7PinNameS1_)
    mbed::I2C::I2C__sub_object(PinName, PinName) 0x08003639   Thumb Code     0  I2C.o(i._ZN4mbed3I2CC1E7PinNameS1_)
    mbed::Serial::Serial(PinName, PinName, const char*) 0x0800365d   Thumb Code    32  Serial.o(i._ZN4mbed6SerialC1E7PinNameS1_PKc)
    mbed::Serial::Serial__sub_object(PinName, PinName, const char*) 0x0800365d   Thumb Code     0  Serial.o(i._ZN4mbed6SerialC1E7PinNameS1_PKc)
    mbed::Serial::~Serial()                  0x08003681   Thumb Code    12  Serial.o(i._ZN4mbed6SerialD1Ev)
    mbed::Serial::~Serial__sub_object()      0x08003681   Thumb Code     0  Serial.o(i._ZN4mbed6SerialD1Ev)
    mbed::Stream::close()                    0x0800368d   Thumb Code     4  Stream.o(i._ZN4mbed6Stream5closeEv)
    mbed::Stream::lseek(long, int)           0x08003691   Thumb Code     4  Stream.o(i._ZN4mbed6Stream5lseekEli)
    mbed::Stream::write(const void*, unsigned) 0x08003695   Thumb Code    42  Stream.o(i._ZN4mbed6Stream5writeEPKvj)
    mbed::Stream::printf(const char*, ...)   0x080036bf   Thumb Code    30  Stream.o(i._ZN4mbed6Stream6printfEPKcz)
    mbed::Stream::Stream__sub_object(const char*) 0x080036dd   Thumb Code    54  Stream.o(i._ZN4mbed6StreamC2EPKc)
    mbed::Stream::~Stream()                  0x08003721   Thumb Code     0  Stream.o(i._ZN4mbed6StreamD2Ev)
    mbed::Stream::~Stream__sub_object()      0x08003721   Thumb Code    28  Stream.o(i._ZN4mbed6StreamD2Ev)
    mbed::Ticker::setup(unsigned long long)  0x08003741   Thumb Code    40  Ticker.o(i._ZN4mbed6Ticker5setupEy)
    mbed::Ticker::attach(void(*)(), float)   0x08003769   Thumb Code    68  main.o(i._ZN4mbed6Ticker6attachEPFvvEf)
    mbed::Ticker::handler()                  0x080037b1   Thumb Code    34  Ticker.o(i._ZN4mbed6Ticker7handlerEv)
    mbed::Ticker::Ticker()                   0x080037d5   Thumb Code    34  main.o(i._ZN4mbed6TickerC1Ev)
    mbed::Ticker::Ticker__sub_object()       0x080037d5   Thumb Code     0  main.o(i._ZN4mbed6TickerC1Ev)
    mbed::Ticker::~Ticker()                  0x080037fd   Thumb Code    34  Ticker.o(i._ZN4mbed6TickerD1Ev)
    mbed::Ticker::~Ticker__sub_object()      0x080037fd   Thumb Code     0  Ticker.o(i._ZN4mbed6TickerD1Ev)
    mbed::FileBase::getPathType()            0x08003825   Thumb Code     4  FileBase.o(i._ZN4mbed8FileBase11getPathTypeEv)
    mbed::FileBase::lookup(const char*, unsigned) 0x08003829   Thumb Code    50  FileBase.o(i._ZN4mbed8FileBase6lookupEPKcj)
    mbed::FileBase::FileBase(const char*, mbed::PathType) 0x08003861   Thumb Code    28  FileBase.o(i._ZN4mbed8FileBaseC1EPKcNS_8PathTypeE)
    mbed::FileBase::FileBase__sub_object(const char*, mbed::PathType) 0x08003861   Thumb Code     0  FileBase.o(i._ZN4mbed8FileBaseC1EPKcNS_8PathTypeE)
    mbed::FileBase::~FileBase()              0x08003885   Thumb Code    46  FileBase.o(i._ZN4mbed8FileBaseD1Ev)
    mbed::FileBase::~FileBase__sub_object()  0x08003885   Thumb Code     0  FileBase.o(i._ZN4mbed8FileBaseD1Ev)
    mbed::FileLike::FileLike__sub_object(const char*) 0x080038bd   Thumb Code    26  FileLike.o(i._ZN4mbed8FileLikeC2EPKc)
    mbed::FileLike::~FileLike()              0x080038e1   Thumb Code     0  FileLike.o(i._ZN4mbed8FileLikeD2Ev)
    mbed::FileLike::~FileLike__sub_object()  0x080038e1   Thumb Code    18  FileLike.o(i._ZN4mbed8FileLikeD2Ev)
    mbed::FilePath::fileSystem()             0x080038f3   Thumb Code    24  FilePath.o(i._ZN4mbed8FilePath10fileSystemEv)
    mbed::FilePath::file()                   0x0800390b   Thumb Code    28  FilePath.o(i._ZN4mbed8FilePath4fileEv)
    mbed::FilePath::exists()                 0x08003927   Thumb Code    10  FilePath.o(i._ZN4mbed8FilePath6existsEv)
    mbed::FilePath::isFile()                 0x08003931   Thumb Code    24  FilePath.o(i._ZN4mbed8FilePath6isFileEv)
    mbed::FilePath::fileName()               0x08003949   Thumb Code     4  FilePath.o(i._ZN4mbed8FilePath8fileNameEv)
    mbed::FilePath::FilePath(const char*)    0x0800394d   Thumb Code    64  FilePath.o(i._ZN4mbed8FilePathC1EPKc)
    mbed::FilePath::FilePath__sub_object(const char*) 0x0800394d   Thumb Code     0  FilePath.o(i._ZN4mbed8FilePathC1EPKc)
    DevI2C::i2c_read(unsigned char*, unsigned char, unsigned char, unsigned short) 0x0800398d   Thumb Code    84  lsm6ds0.o(i._ZN6DevI2C8i2c_readEPhhht)
    DevI2C::i2c_write(unsigned char*, unsigned char, unsigned char, unsigned short) 0x080039e9   Thumb Code    84  lsm6ds0.o(i._ZN6DevI2C9i2c_writeEPhhht)
    thunk{-92} to mbed::Serial::_putc(int)   0x08003a45   Thumb Code     6  Serial.o(i._ZThn92_N4mbed6Serial5_putcEi)
    operator new(unsigned)                   0x08003a4d   Thumb Code    34  new.o(i._Znwj)
    __0fprintf                               0x08003a75   Thumb Code    22  printfa.o(i.__0fprintf)
    __1fprintf                               0x08003a75   Thumb Code     0  printfa.o(i.__0fprintf)
    __2fprintf                               0x08003a75   Thumb Code     0  printfa.o(i.__0fprintf)
    __c89fprintf                             0x08003a75   Thumb Code     0  printfa.o(i.__0fprintf)
    fprintf                                  0x08003a75   Thumb Code     0  printfa.o(i.__0fprintf)
    __0sprintf                               0x08003a91   Thumb Code    34  printfa.o(i.__0sprintf)
    __1sprintf                               0x08003a91   Thumb Code     0  printfa.o(i.__0sprintf)
    __2sprintf                               0x08003a91   Thumb Code     0  printfa.o(i.__0sprintf)
    __c89sprintf                             0x08003a91   Thumb Code     0  printfa.o(i.__0sprintf)
    sprintf                                  0x08003a91   Thumb Code     0  printfa.o(i.__0sprintf)
    __0vfprintf                              0x08003ab9   Thumb Code    20  printfa.o(i.__0vfprintf)
    __1vfprintf                              0x08003ab9   Thumb Code     0  printfa.o(i.__0vfprintf)
    __2vfprintf                              0x08003ab9   Thumb Code     0  printfa.o(i.__0vfprintf)
    __c89vfprintf                            0x08003ab9   Thumb Code     0  printfa.o(i.__0vfprintf)
    vfprintf                                 0x08003ab9   Thumb Code     0  printfa.o(i.__0vfprintf)
    __ARM_fpclassify                         0x08003ad1   Thumb Code    48  fpclassify.o(i.__ARM_fpclassify)
    __aeabi_vec_ctor_nocookie_nodtor         0x08003b01   Thumb Code    36  aeabi_vec_ctor_nocookie_nodtor.o(i.__aeabi_vec_ctor_nocookie_nodtor)
    __cxa_guard_acquire                      0x08003b25   Thumb Code    16  cxa_guard_acquire.o(i.__cxa_guard_acquire)
    __cxa_pure_virtual                       0x08003b35   Thumb Code     6  pure_virt.o(i.__cxa_pure_virtual)
    __hardfp_pow                             0x08003b41   Thumb Code  3072  pow.o(i.__hardfp_pow)
    __kernel_poly                            0x08004791   Thumb Code   248  poly.o(i.__kernel_poly)
    __mathlib_dbl_divzero                    0x08004889   Thumb Code    28  dunder.o(i.__mathlib_dbl_divzero)
    __mathlib_dbl_infnan2                    0x080048b9   Thumb Code    20  dunder.o(i.__mathlib_dbl_infnan2)
    __mathlib_dbl_invalid                    0x080048d1   Thumb Code    24  dunder.o(i.__mathlib_dbl_invalid)
    __mathlib_dbl_overflow                   0x080048f1   Thumb Code    24  dunder.o(i.__mathlib_dbl_overflow)
    __mathlib_dbl_underflow                  0x08004911   Thumb Code    24  dunder.o(i.__mathlib_dbl_underflow)
    __scatterload_copy                       0x08004931   Thumb Code    14  handlers.o(i.__scatterload_copy)
    __scatterload_null                       0x0800493f   Thumb Code     2  handlers.o(i.__scatterload_null)
    __scatterload_zeroinit                   0x08004941   Thumb Code    14  handlers.o(i.__scatterload_zeroinit)
    __set_errno                              0x08004951   Thumb Code     6  errno.o(i.__set_errno)
    fclose                                   0x0800495d   Thumb Code    30  fclose_f.o(i._fclose$full)
    fflush                                   0x0800497b   Thumb Code    24  fflush_f.o(i._fflush$full)
    fopen                                    0x08004993   Thumb Code    52  fopen_f.o(i._fopen$full)
    freopen                                  0x08004b4d   Thumb Code    94  fopen_f.o(i._freopen$full)
    _sys_close                               0x080052e5   Thumb Code    40  retarget.o(i._sys_close)
    _sys_open                                0x08005311   Thumb Code   212  retarget.o(i._sys_open)
    _sys_seek                                0x080053f5   Thumb Code    36  retarget.o(i._sys_seek)
    _sys_write                               0x0800541d   Thumb Code    82  retarget.o(i._sys_write)
    error                                    0x0800547d   Thumb Code    20  error.o(i.error)
    exit                                     0x08005495   Thumb Code    24  exit.o(i.exit)
    fabs                                     0x080054b5   Thumb Code    24  fabs.o(i.fabs)
    free                                     0x080054cd   Thumb Code    76  malloc.o(i.free)
    gpio_dir                                 0x0800551d   Thumb Code    52  gpio_api.o(i.gpio_dir)
    gpio_init                                0x0800556d   Thumb Code    60  gpio_api.o(i.gpio_init)
    gpio_init_out                            0x080055a9   Thumb Code    64  gpio.o(i.gpio_init_out)
    gpio_mode                                0x080055ed   Thumb Code     8  gpio_api.o(i.gpio_mode)
    i2c_frequency                            0x080055f5   Thumb Code    98  i2c_api.o(i.i2c_frequency)
    i2c_init                                 0x08005665   Thumb Code   408  i2c_api.o(i.i2c_init)
    i2c_read                                 0x08005841   Thumb Code   294  i2c_api.o(i.i2c_read)
    i2c_write                                0x0800596d   Thumb Code   268  i2c_api.o(i.i2c_write)
    malloc                                   0x08005a7d   Thumb Code    92  malloc.o(i.malloc)
    mbed_assert_internal                     0x08005ae9   Thumb Code    24  assert.o(i.mbed_assert_internal)
    mbed_die                                 0x08005b39   Thumb Code    16  board.o(i.mbed_die)
    mbed_main                                0x08005b49   Thumb Code     2  retarget.o(i.mbed_main)
    mbed_sdk_init                            0x08005b4b   Thumb Code    14  mbed_overrides.o(i.mbed_sdk_init)
    pin_function                             0x08005b59   Thumb Code    78  pinmap.o(i.pin_function)
    pin_mode                                 0x08005bc5   Thumb Code    62  pinmap.o(i.pin_mode)
    pinmap_merge                             0x08005c1d   Thumb Code    34  pinmap_common.o(i.pinmap_merge)
    pinmap_peripheral                        0x08005c55   Thumb Code    58  pinmap_common.o(i.pinmap_peripheral)
    pinmap_pinout                            0x08005cb1   Thumb Code    66  pinmap_common.o(i.pinmap_pinout)
    serial_init                              0x08005d09   Thumb Code   296  serial_api.o(i.serial_init)
    serial_irq_handler                       0x08005e71   Thumb Code    14  serial_api.o(i.serial_irq_handler)
    serial_putc                              0x08005e89   Thumb Code    30  serial_api.o(i.serial_putc)
    sqrt                                     0x08005ead   Thumb Code   110  sqrt.o(i.sqrt)
    timer_irq_handler                        0x08005f1d   Thumb Code    76  hal_tick.o(i.timer_irq_handler)
    us_ticker_clear_interrupt                0x08005f71   Thumb Code    12  us_ticker.o(i.us_ticker_clear_interrupt)
    us_ticker_disable_interrupt              0x08005f81   Thumb Code    14  us_ticker.o(i.us_ticker_disable_interrupt)
    us_ticker_init                           0x08005f95   Thumb Code    26  us_ticker.o(i.us_ticker_init)
    us_ticker_insert_event                   0x08005fbd   Thumb Code    70  us_ticker_api.o(i.us_ticker_insert_event)
    us_ticker_irq_handler                    0x08006009   Thumb Code    62  us_ticker_api.o(i.us_ticker_irq_handler)
    us_ticker_read                           0x0800604d   Thumb Code    30  us_ticker.o(i.us_ticker_read)
    us_ticker_remove_event                   0x0800607d   Thumb Code    56  us_ticker_api.o(i.us_ticker_remove_event)
    us_ticker_set_handler                    0x080060b9   Thumb Code    14  us_ticker_api.o(i.us_ticker_set_handler)
    us_ticker_set_interrupt                  0x080060cd   Thumb Code    16  us_ticker.o(i.us_ticker_set_interrupt)
    wait_ms                                  0x080060e1   Thumb Code    28  wait_api.o(i.wait_ms)
    APBAHBPrescTable                         0x080060fc   Data          16  stm32f4xx_hal_rcc.o(.constdata)
    AHBPrescTable                            0x0800610c   Data          16  system_stm32f4xx.o(.constdata)
    PinMap_I2C_SDA                           0x080062a4   Data          72  PeripheralPins.o(.constdata)
    PinMap_I2C_SCL                           0x080062ec   Data          60  PeripheralPins.o(.constdata)
    PinMap_UART_TX                           0x08006328   Data          72  PeripheralPins.o(.constdata)
    PinMap_UART_RX                           0x08006370   Data          72  PeripheralPins.o(.constdata)
    __mathlib_zero                           0x08006530   Data           8  qnan.o(.constdata)
    __ctype_categories                       0x08006538   Data          64  ctype_c.o(.constdata)
    vtable for mbed::FileHandle              0x08006578   Data          44  retarget.o(.constdata__ZTVN4mbed10FileHandleE)
    vtable for mbed::SerialBase              0x080065a4   Data          16  SerialBase.o(.constdata__ZTVN4mbed10SerialBaseE)
    vtable for mbed::TimerEvent              0x080065b4   Data          20  TimerEvent.o(.constdata__ZTVN4mbed10TimerEventE)
    vtable for mbed::Serial                  0x080065c8   Data          92  Serial.o(.constdata__ZTVN4mbed6SerialE)
    vtable for mbed::Stream                  0x08006624   Data          68  Stream.o(.constdata__ZTVN4mbed6StreamE)
    vtable for mbed::Ticker                  0x08006668   Data          20  Ticker.o(.constdata__ZTVN4mbed6TickerE)
    vtable for mbed::FileBase                0x0800667c   Data          16  FileBase.o(.constdata__ZTVN4mbed8FileBaseE)
    vtable for mbed::FileLike                0x0800668c   Data          60  FileLike.o(.constdata__ZTVN4mbed8FileLikeE)
    DevI2C::i2c_read(unsigned char*, unsigned char, unsigned char, unsigned short)::__func__ 0x080066c8   Data           9  lsm6ds0.o(.constdata__ZZN6DevI2C8i2c_readEPhhhtE8__func__)
    DevI2C::i2c_read(unsigned char*, unsigned char, unsigned char, unsigned short)::string 0x080066d1   Data          34  lsm6ds0.o(.constdata__ZZN6DevI2C8i2c_readEPhhhtEs)
    DevI2C::i2c_write(unsigned char*, unsigned char, unsigned char, unsigned short)::__func__ 0x080066f3   Data          10  lsm6ds0.o(.constdata__ZZN6DevI2C9i2c_writeEPhhhtE8__func__)
    DevI2C::i2c_write(unsigned char*, unsigned char, unsigned char, unsigned short)::string 0x080066fd   Data          34  lsm6ds0.o(.constdata__ZZN6DevI2C9i2c_writeEPhhhtEs)
    Region$$Table$$Base                      0x08006768   Number         0  anon$$obj.o(Region$$Table)
    Region$$Table$$Limit                     0x08006788   Number         0  anon$$obj.o(Region$$Table)
    SHT$$INIT_ARRAY$$Base                    0x08006788   Number         0  main.o(.init_array)
    SHT$$INIT_ARRAY$$Limit                   0x0800678c   Number         0  cpp_init.o(.init_array)
    TEMPERATURE_C                            0x20000194   Data           4  main.o(.data)
    TEMPERATURE_F                            0x20000198   Data           4  main.o(.data)
    TEMPERATURE_K                            0x2000019c   Data           4  main.o(.data)
    HUMIDITY                                 0x200001a0   Data           4  main.o(.data)
    PRESSURE                                 0x200001a4   Data           4  main.o(.data)
    measurements_update                      0x200001a8   Data           1  main.o(.data)
    X_CUBE_MEMS::_instance                   0x200001b4   Data           4  x_cube_mems.o(.data)
    T0_degC                                  0x200001b8   Data           4  hts221.o(.data)
    T1_degC                                  0x200001bc   Data           4  hts221.o(.data)
    T0_out                                   0x200001c0   Data           2  hts221.o(.data)
    T1_out                                   0x200001c2   Data           2  hts221.o(.data)
    H0_rh                                    0x200001c4   Data           4  hts221.o(.data)
    H1_rh                                    0x200001c8   Data           4  hts221.o(.data)
    H0_T0_out                                0x200001cc   Data           2  hts221.o(.data)
    H1_T0_out                                0x200001ce   Data           2  hts221.o(.data)
    PreviousVal                              0x200001d4   Data           4  hal_tick.o(.data)
    SystemCoreClock                          0x200001d8   Data           4  system_stm32f4xx.o(.data)
    stdio_uart_inited                        0x200001e0   Data           4  serial_api.o(.data)
    mbed::I2C::_owner                        0x200001e8   Data           4  I2C.o(.data)
    i2c1_inited                              0x200001f4   Data           4  i2c_api.o(.data)
    i2c2_inited                              0x200001f8   Data           4  i2c_api.o(.data)
    i2c3_inited                              0x200001fc   Data           4  i2c_api.o(.data)
    mbed::FileBase::_head                    0x20000204   Data           4  FileBase.o(.data)
    __microlib_freelist                      0x2000021c   Data           4  mvars.o(.data)
    __microlib_freelist_initialised          0x20000220   Data           4  mvars.o(.data)
    led                                      0x20000228   Data          20  main.o(.bss)
    pc                                       0x2000023c   Data         116  main.o(.bss)
    blinky                                   0x200002b0   Data          64  main.o(.bss)
    update                                   0x200002f0   Data          64  main.o(.bss)
    TimMasterHandle                          0x20000330   Data          60  hal_tick.o(.bss)
    UartHandle                               0x200003b8   Data          60  serial_api.o(.bss)
    stdio_uart                               0x200003f4   Data          28  serial_api.o(.bss)
    I2cHandle                                0x20000410   Data          56  i2c_api.o(.bss)
    __stdout                                 0x20000484   Data          20  stdout_f.o(.bss)
    __stderr                                 0x20000498   Data          20  stderr_f.o(.bss)
    __heap_base                              0x200004b0   Data           0  startup_stm32f401xe.o(HEAP)
    Image$$RW_IRAM1$$ZI$$Limit               0x200008b0   Number         0  anon$$obj.o ABSOLUTE
    __heap_limit                             0x20017c00   Number         0  startup_stm32f401xe.o ABSOLUTE
    __initial_sp                             0x20018000   Number         0  startup_stm32f401xe.o ABSOLUTE



==============================================================================

Memory Map of the image

  Image Entry point : 0x08000195

  Load Region LR_IROM1 (Base: 0x08000000, Size: 0x0000681c, Max: 0x00080000, ABSOLUTE)

    Execution Region ER_IROM1 (Exec base: 0x08000000, Load base: 0x08000000, Size: 0x0000678c, Max: 0x00080000, ABSOLUTE)

    Exec Addr    Load Addr    Size         Type   Attr      Idx    E Section Name        Object

    0x08000000   0x08000000   0x00000194   Data   RO         2410    RESET               startup_stm32f401xe.o
    0x08000194   0x08000194   0x00000000   Code   RO         3328  * .ARM.Collect$$$$00000000  mc_w.l(entry.o)
    0x08000194   0x08000194   0x00000004   Code   RO         3771    .ARM.Collect$$$$00000001  mc_w.l(entry2.o)
    0x08000198   0x08000198   0x00000004   Code   RO         3774    .ARM.Collect$$$$00000004  mc_w.l(entry5.o)
    0x0800019c   0x0800019c   0x00000004   Code   RO         3330    .ARM.Collect$$$$00000006  mc_w.l(entry6b.o)
    0x080001a0   0x080001a0   0x00000000   Code   RO         3776    .ARM.Collect$$$$00000008  mc_w.l(entry7b.o)
    0x080001a0   0x080001a0   0x00000004   Code   RO         3777    .ARM.Collect$$$$00000009  mc_w.l(entry8a.o)
    0x080001a4   0x080001a4   0x00000000   Code   RO         3778    .ARM.Collect$$$$0000000A  mc_w.l(entry8b.o)
    0x080001a4   0x080001a4   0x00000008   Code   RO         3779    .ARM.Collect$$$$0000000B  mc_w.l(entry9a.o)
    0x080001ac   0x080001ac   0x00000000   Code   RO         3781    .ARM.Collect$$$$0000000D  mc_w.l(entry10a.o)
    0x080001ac   0x080001ac   0x00000004   Code   RO         3782    .ARM.Collect$$$$0000000E  mc_w.l(entry10b.o)
    0x080001b0   0x080001b0   0x00000000   Code   RO         3783    .ARM.Collect$$$$0000000F  mc_w.l(entry11a.o)
    0x080001b0   0x080001b0   0x00000004   Code   RO         3772    .ARM.Collect$$$$00002712  mc_w.l(entry2.o)
    0x080001b4   0x080001b4   0x000002cc   Code   RO            3    .text               main.o
    0x08000480   0x08000480   0x000000c8   Code   RO          475    .text               x_cube_mems.o
    0x08000548   0x08000548   0x00000438   Code   RO          586    .text               lsm6ds0.o
    0x08000980   0x08000980   0x00000586   Code   RO          640    .text               hts221.o
    0x08000f06   0x08000f06   0x00000002   PAD
    0x08000f08   0x08000f08   0x0000025c   Code   RO          680    .text               lis3mdl.o
    0x08001164   0x08001164   0x000001cc   Code   RO          715    .text               lps25.o
    0x08001330   0x08001330   0x00000024   Code   RO         2411    .text               startup_stm32f401xe.o
    0x08001354   0x08001354   0x00000020   Code   RO         3374    .text               mc_w.l(initio_oe.o)
    0x08001374   0x08001374   0x00000028   Code   RO         3380    .text               mc_w.l(fputc_fp.o)
    0x0800139c   0x0800139c   0x00000040   Code   RO         3398    .text               mc_w.l(memmovea.o)
    0x080013dc   0x080013dc   0x00000024   Code   RO         3400    .text               mc_w.l(memseta.o)
    0x08001400   0x08001400   0x0000000e   Code   RO         3404    .text               mc_w.l(strlen.o)
    0x0800140e   0x0800140e   0x0000001c   Code   RO         3406    .text               mc_w.l(strcmp.o)
    0x0800142a   0x0800142a   0x0000001e   Code   RO         3408    .text               mc_w.l(strncmp.o)
    0x08001448   0x08001448   0x00000038   Code   RO         3677    .text               mc_w.l(__0sscanf.o)
    0x08001480   0x08001480   0x0000014c   Code   RO         3679    .text               mc_w.l(_scanf_int.o)
    0x080015cc   0x080015cc   0x00000020   Code   RO         3684    .text               mc_w.l(cpp_init.o)
    0x080015ec   0x080015ec   0x0000002e   Code   RO         3686    .text               mc_w.l(aeabi_atexit.o)
    0x0800161a   0x0800161a   0x000000e4   Code   RO         3688    .text               mf_w.l(dmul.o)
    0x080016fe   0x080016fe   0x000000de   Code   RO         3690    .text               mf_w.l(ddiv.o)
    0x080017dc   0x080017dc   0x0000002c   Code   RO         3692    .text               mf_w.l(ffixul.o)
    0x08001808   0x08001808   0x0000003e   Code   RO         3694    .text               mf_w.l(dfixi.o)
    0x08001846   0x08001846   0x00000032   Code   RO         3696    .text               mf_w.l(dfixui.o)
    0x08001878   0x08001878   0x00000026   Code   RO         3698    .text               mf_w.l(f2d.o)
    0x0800189e   0x0800189e   0x00000038   Code   RO         3700    .text               mf_w.l(d2f.o)
    0x080018d6   0x080018d6   0x00000004   Code   RO         3705    .text               cpprt_w.l(arm_newhandler_noexceptions.o)
    0x080018da   0x080018da   0x0000002c   Code   RO         3790    .text               mc_w.l(uidiv.o)
    0x08001906   0x08001906   0x00000062   Code   RO         3792    .text               mc_w.l(uldiv.o)
    0x08001968   0x08001968   0x0000001e   Code   RO         3794    .text               mc_w.l(llshl.o)
    0x08001986   0x08001986   0x00000020   Code   RO         3796    .text               mc_w.l(llushr.o)
    0x080019a6   0x080019a6   0x0000001c   Code   RO         3833    .text               mc_w.l(_chval.o)
    0x080019c2   0x080019c2   0x00000002   PAD
    0x080019c4   0x080019c4   0x00000028   Code   RO         3843    .text               mc_w.l(scanf_char.o)
    0x080019ec   0x080019ec   0x00000040   Code   RO         3845    .text               mc_w.l(_sgetc.o)
    0x08001a2c   0x08001a2c   0x00000000   Code   RO         3849    .text               mc_w.l(iusefp.o)
    0x08001a2c   0x08001a2c   0x00000008   Code   RO         3852    .text               mc_w.l(cpp_dtor.o)
    0x08001a34   0x08001a34   0x00000014   Code   RO         3855    .text               mc_w.l(cpp_memory.o)
    0x08001a48   0x08001a48   0x00000002   Code   RO         3858    .text               mc_w.l(cpp_signal.o)
    0x08001a4a   0x08001a4a   0x00000042   Code   RO         3860    .text               mc_w.l(cxa_finalize.o)
    0x08001a8c   0x08001a8c   0x0000006e   Code   RO         3862    .text               mf_w.l(fepilogue.o)
    0x08001afa   0x08001afa   0x000000ba   Code   RO         3864    .text               mf_w.l(depilogue.o)
    0x08001bb4   0x08001bb4   0x0000014e   Code   RO         3866    .text               mf_w.l(dadd.o)
    0x08001d02   0x08001d02   0x0000002e   Code   RO         3870    .text               mf_w.l(dscalb.o)
    0x08001d30   0x08001d30   0x00000022   Code   RO         3872    .text               mf_w.l(dflti.o)
    0x08001d52   0x08001d52   0x00000030   Code   RO         3874    .text               mf_w.l(dfixul.o)
    0x08001d82   0x08001d82   0x00000002   PAD
    0x08001d84   0x08001d84   0x00000030   Code   RO         3876    .text               mf_w.l(cdrcmple.o)
    0x08001db4   0x08001db4   0x0000001a   Code   RO         3894    .text               cpprt_w.l(arm_exceptions_terminate.o)
    0x08001dce   0x08001dce   0x00000002   PAD
    0x08001dd0   0x08001dd0   0x00000050   Code   RO         3901    .text               cpprt_w.l(arm_exceptions_globs.o)
    0x08001e20   0x08001e20   0x00000024   Code   RO         3907    .text               mc_w.l(init.o)
    0x08001e44   0x08001e44   0x00000024   Code   RO         3909    .text               mc_w.l(llsshr.o)
    0x08001e68   0x08001e68   0x0000000a   Code   RO         3911    .text               mc_w.l(isspace_c.o)
    0x08001e72   0x08001e72   0x00000002   PAD
    0x08001e74   0x08001e74   0x0000032c   Code   RO         3915    .text               mc_w.l(_scanf.o)
    0x080021a0   0x080021a0   0x00000002   Code   RO         3918    .text               mc_w.l(cpp_final.o)
    0x080021a2   0x080021a2   0x000000a2   Code   RO         3920    .text               mf_w.l(dsqrt.o)
    0x08002244   0x08002244   0x0000003c   Code   RO         3929    .text               cpprt_w.l(arm_exceptions_mem.o)
    0x08002280   0x08002280   0x00000028   Code   RO         3939    .text               mc_w.l(ctype_c.o)
    0x080022a8   0x080022a8   0x00000012   Code   RO         2301    i.$Sub$$main        retarget.o
    0x080022ba   0x080022ba   0x00000006   Code   RO         3128    i.<Func1>           mbed.ar(SerialBase.o)
    0x080022c0   0x080022c0   0x00000248   Code   RO         1370    i.HAL_GPIO_Init     stm32f4xx_hal_gpio.o
    0x08002508   0x08002508   0x0000000c   Code   RO          966    i.HAL_GetTick       stm32f4xx_hal.o
    0x08002514   0x08002514   0x000000fc   Code   RO         1830    i.HAL_I2C_Init      stm32f4xx_hal_i2c.o
    0x08002610   0x08002610   0x00000002   Code   RO         1849    i.HAL_I2C_MspInit   stm32f4xx_hal_i2c.o
    0x08002612   0x08002612   0x00000002   PAD
    0x08002614   0x08002614   0x00000010   Code   RO          967    i.HAL_IncTick       stm32f4xx_hal.o
    0x08002624   0x08002624   0x00000034   Code   RO          968    i.HAL_Init          stm32f4xx_hal.o
    0x08002658   0x08002658   0x000000ac   Code   RO         1086    i.HAL_InitTick      hal_tick.o
    0x08002704   0x08002704   0x00000002   Code   RO          971    i.HAL_MspInit       stm32f4xx_hal.o
    0x08002706   0x08002706   0x00000002   PAD
    0x08002708   0x08002708   0x00000024   Code   RO         1931    i.HAL_NVIC_SetPriorityGrouping  stm32f4xx_hal_cortex.o
    0x0800272c   0x0800272c   0x00000200   Code   RO          837    i.HAL_RCC_ClockConfig  stm32f4xx_hal_rcc.o
    0x0800292c   0x0800292c   0x000000c0   Code   RO          842    i.HAL_RCC_GetHCLKFreq  stm32f4xx_hal_rcc.o
    0x080029ec   0x080029ec   0x0000002c   Code   RO          844    i.HAL_RCC_GetPCLK1Freq  stm32f4xx_hal_rcc.o
    0x08002a18   0x08002a18   0x0000002c   Code   RO          845    i.HAL_RCC_GetPCLK2Freq  stm32f4xx_hal_rcc.o
    0x08002a44   0x08002a44   0x000003ec   Code   RO          849    i.HAL_RCC_OscConfig  stm32f4xx_hal_rcc.o
    0x08002e30   0x08002e30   0x00000032   Code   RO         2056    i.HAL_TIM_OC_Init   stm32f4xx_hal_tim.o
    0x08002e62   0x08002e62   0x00000002   Code   RO         2058    i.HAL_TIM_OC_MspInit  stm32f4xx_hal_tim.o
    0x08002e64   0x08002e64   0x00000036   Code   RO         2059    i.HAL_TIM_OC_Start  stm32f4xx_hal_tim.o
    0x08002e9a   0x08002e9a   0x0000005e   Code   RO         1764    i.HAL_UART_Init     stm32f4xx_hal_uart.o
    0x08002ef8   0x08002ef8   0x00000002   Code   RO         1766    i.HAL_UART_MspInit  stm32f4xx_hal_uart.o
    0x08002efa   0x08002efa   0x00000002   PAD
    0x08002efc   0x08002efc   0x0000006c   Code   RO          946    i.NVIC_SetVector    cmsis_nvic.o
    0x08002f68   0x08002f68   0x0000007c   Code   RO         1661    i.SetSysClock_PLL_HSE  system_stm32f4xx.o
    0x08002fe4   0x08002fe4   0x00000074   Code   RO         2986    i.Set_GPIO_Clock    mbed.ar(pinmap.o)
    0x08003058   0x08003058   0x00000084   Code   RO         1663    i.SystemCoreClockUpdate  system_stm32f4xx.o
    0x080030dc   0x080030dc   0x00000100   Code   RO         1664    i.SystemInit        system_stm32f4xx.o
    0x080031dc   0x080031dc   0x00000094   Code   RO         2092    i.TIM_Base_SetConfig  stm32f4xx_hal_tim.o
    0x08003270   0x08003270   0x00000218   Code   RO         1782    i.UART_SetConfig    stm32f4xx_hal_uart.o
    0x08003488   0x08003488   0x00000030   Code   RO         2303    i._ZN4mbed10FileHandleD2Ev  retarget.o
    0x080034b8   0x080034b8   0x0000000e   Code   RO         3130    i._ZN4mbed10SerialBase10_base_putcEi  mbed.ar(SerialBase.o)
    0x080034c6   0x080034c6   0x0000000e   Code   RO         3132    i._ZN4mbed10SerialBase12_irq_handlerEj9SerialIrq  mbed.ar(SerialBase.o)
    0x080034d4   0x080034d4   0x00000054   Code   RO         3138    i._ZN4mbed10SerialBaseC1E7PinNameS1_  mbed.ar(SerialBase.o)
    0x08003528   0x08003528   0x00000006   Code   RO         2919    i._ZN4mbed10TimerEvent3irqEj  mbed.ar(TimerEvent.o)
    0x0800352e   0x0800352e   0x0000000c   Code   RO         2920    i._ZN4mbed10TimerEvent6insertEy  mbed.ar(TimerEvent.o)
    0x0800353a   0x0800353a   0x00000006   Code   RO         2921    i._ZN4mbed10TimerEvent6removeEv  mbed.ar(TimerEvent.o)
    0x08003540   0x08003540   0x00000024   Code   RO         2922    i._ZN4mbed10TimerEventC2Ev  mbed.ar(TimerEvent.o)
    0x08003564   0x08003564   0x00000018   Code   RO         2924    i._ZN4mbed10TimerEventD2Ev  mbed.ar(TimerEvent.o)
    0x0800357c   0x0800357c   0x00000018   Code   RO         2658    i._ZN4mbed15FunctionPointer4callEv  mbed.ar(FunctionPointer.o)
    0x08003594   0x08003594   0x00000008   Code   RO         2659    i._ZN4mbed15FunctionPointer6attachEPFvvE  mbed.ar(FunctionPointer.o)
    0x0800359c   0x0800359c   0x0000000a   Code   RO         2660    i._ZN4mbed15FunctionPointerC1EPFvvE  mbed.ar(FunctionPointer.o)
    0x080035a6   0x080035a6   0x00000002   PAD
    0x080035a8   0x080035a8   0x00000048   Code   RO         2670    i._ZN4mbed3I2C4readEiPcib  mbed.ar(I2C.o)
    0x080035f0   0x080035f0   0x00000048   Code   RO         2674    i._ZN4mbed3I2C5writeEiPKcib  mbed.ar(I2C.o)
    0x08003638   0x08003638   0x00000024   Code   RO         2677    i._ZN4mbed3I2CC1E7PinNameS1_  mbed.ar(I2C.o)
    0x0800365c   0x0800365c   0x00000024   Code   RO         2808    i._ZN4mbed6SerialC1E7PinNameS1_PKc  mbed.ar(Serial.o)
    0x08003680   0x08003680   0x0000000c   Code   RO         2825    i._ZN4mbed6SerialD1Ev  mbed.ar(Serial.o)
    0x0800368c   0x0800368c   0x00000004   Code   RO         2855    i._ZN4mbed6Stream5closeEv  mbed.ar(Stream.o)
    0x08003690   0x08003690   0x00000004   Code   RO         2857    i._ZN4mbed6Stream5lseekEli  mbed.ar(Stream.o)
    0x08003694   0x08003694   0x0000002a   Code   RO         2859    i._ZN4mbed6Stream5writeEPKvj  mbed.ar(Stream.o)
    0x080036be   0x080036be   0x0000001e   Code   RO         2861    i._ZN4mbed6Stream6printfEPKcz  mbed.ar(Stream.o)
    0x080036dc   0x080036dc   0x00000044   Code   RO         2862    i._ZN4mbed6StreamC2EPKc  mbed.ar(Stream.o)
    0x08003720   0x08003720   0x00000020   Code   RO         2864    i._ZN4mbed6StreamD2Ev  mbed.ar(Stream.o)
    0x08003740   0x08003740   0x00000028   Code   RO         2784    i._ZN4mbed6Ticker5setupEy  mbed.ar(Ticker.o)
    0x08003768   0x08003768   0x00000048   Code   RO           26    i._ZN4mbed6Ticker6attachEPFvvEf  main.o
    0x080037b0   0x080037b0   0x00000022   Code   RO         2786    i._ZN4mbed6Ticker7handlerEv  mbed.ar(Ticker.o)
    0x080037d2   0x080037d2   0x00000002   PAD
    0x080037d4   0x080037d4   0x00000028   Code   RO           32    i._ZN4mbed6TickerC1Ev  main.o
    0x080037fc   0x080037fc   0x00000028   Code   RO         2796    i._ZN4mbed6TickerD1Ev  mbed.ar(Ticker.o)
    0x08003824   0x08003824   0x00000004   Code   RO         3098    i._ZN4mbed8FileBase11getPathTypeEv  mbed.ar(FileBase.o)
    0x08003828   0x08003828   0x00000038   Code   RO         3100    i._ZN4mbed8FileBase6lookupEPKcj  mbed.ar(FileBase.o)
    0x08003860   0x08003860   0x00000024   Code   RO         3102    i._ZN4mbed8FileBaseC1EPKcNS_8PathTypeE  mbed.ar(FileBase.o)
    0x08003884   0x08003884   0x00000038   Code   RO         3104    i._ZN4mbed8FileBaseD1Ev  mbed.ar(FileBase.o)
    0x080038bc   0x080038bc   0x00000024   Code   RO         3075    i._ZN4mbed8FileLikeC2EPKc  mbed.ar(FileLike.o)
    0x080038e0   0x080038e0   0x00000012   Code   RO         3077    i._ZN4mbed8FileLikeD2Ev  mbed.ar(FileLike.o)
    0x080038f2   0x080038f2   0x00000018   Code   RO         2701    i._ZN4mbed8FilePath10fileSystemEv  mbed.ar(FilePath.o)
    0x0800390a   0x0800390a   0x0000001c   Code   RO         2703    i._ZN4mbed8FilePath4fileEv  mbed.ar(FilePath.o)
    0x08003926   0x08003926   0x0000000a   Code   RO         2704    i._ZN4mbed8FilePath6existsEv  mbed.ar(FilePath.o)
    0x08003930   0x08003930   0x00000018   Code   RO         2705    i._ZN4mbed8FilePath6isFileEv  mbed.ar(FilePath.o)
    0x08003948   0x08003948   0x00000004   Code   RO         2706    i._ZN4mbed8FilePath8fileNameEv  mbed.ar(FilePath.o)
    0x0800394c   0x0800394c   0x00000040   Code   RO         2707    i._ZN4mbed8FilePathC1EPKc  mbed.ar(FilePath.o)
    0x0800398c   0x0800398c   0x0000005c   Code   RO          609    i._ZN6DevI2C8i2c_readEPhhht  lsm6ds0.o
    0x080039e8   0x080039e8   0x0000005c   Code   RO          603    i._ZN6DevI2C9i2c_writeEPhhht  lsm6ds0.o
    0x08003a44   0x08003a44   0x00000006   Code   RO         2810    i._ZThn92_N4mbed6Serial5_putcEi  mbed.ar(Serial.o)
    0x08003a4a   0x08003a4a   0x00000002   PAD
    0x08003a4c   0x08003a4c   0x00000028   Code   RO         3192    i._Znwj             cpprt_w.l(new.o)
    0x08003a74   0x08003a74   0x0000001c   Code   RO         3646    i.__0fprintf        mc_w.l(printfa.o)
    0x08003a90   0x08003a90   0x00000028   Code   RO         3649    i.__0sprintf        mc_w.l(printfa.o)
    0x08003ab8   0x08003ab8   0x00000018   Code   RO         3650    i.__0vfprintf       mc_w.l(printfa.o)
    0x08003ad0   0x08003ad0   0x00000030   Code   RO         3754    i.__ARM_fpclassify  m_wm.l(fpclassify.o)
    0x08003b00   0x08003b00   0x00000024   Code   RO         3311    i.__aeabi_vec_ctor_nocookie_nodtor  cpprt_w.l(aeabi_vec_ctor_nocookie_nodtor.o)
    0x08003b24   0x08003b24   0x00000010   Code   RO         3199    i.__cxa_guard_acquire  cpprt_w.l(cxa_guard_acquire.o)
    0x08003b34   0x08003b34   0x00000006   Code   RO         3196    i.__cxa_pure_virtual  cpprt_w.l(pure_virt.o)
    0x08003b3a   0x08003b3a   0x00000006   PAD
    0x08003b40   0x08003b40   0x00000c50   Code   RO         3314    i.__hardfp_pow      m_wm.l(pow.o)
    0x08004790   0x08004790   0x000000f8   Code   RO         3756    i.__kernel_poly     m_wm.l(poly.o)
    0x08004888   0x08004888   0x00000030   Code   RO         3734    i.__mathlib_dbl_divzero  m_wm.l(dunder.o)
    0x080048b8   0x080048b8   0x00000014   Code   RO         3736    i.__mathlib_dbl_infnan2  m_wm.l(dunder.o)
    0x080048cc   0x080048cc   0x00000004   PAD
    0x080048d0   0x080048d0   0x00000020   Code   RO         3737    i.__mathlib_dbl_invalid  m_wm.l(dunder.o)
    0x080048f0   0x080048f0   0x00000020   Code   RO         3738    i.__mathlib_dbl_overflow  m_wm.l(dunder.o)
    0x08004910   0x08004910   0x00000020   Code   RO         3740    i.__mathlib_dbl_underflow  m_wm.l(dunder.o)
    0x08004930   0x08004930   0x0000000e   Code   RO         3947    i.__scatterload_copy  mc_w.l(handlers.o)
    0x0800493e   0x0800493e   0x00000002   Code   RO         3948    i.__scatterload_null  mc_w.l(handlers.o)
    0x08004940   0x08004940   0x0000000e   Code   RO         3949    i.__scatterload_zeroinit  mc_w.l(handlers.o)
    0x0800494e   0x0800494e   0x00000002   PAD
    0x08004950   0x08004950   0x0000000c   Code   RO         3828    i.__set_errno       mc_w.l(errno.o)
    0x0800495c   0x0800495c   0x0000001e   Code   RO         3370    i._fclose$full      mc_w.l(fclose_f.o)
    0x0800497a   0x0800497a   0x00000018   Code   RO         3372    i._fflush$full      mc_w.l(fflush_f.o)
    0x08004992   0x08004992   0x00000034   Code   RO         3366    i._fopen$full       mc_w.l(fopen_f.o)
    0x080049c6   0x080049c6   0x00000002   PAD
    0x080049c8   0x080049c8   0x00000184   Code   RO         3654    i._fp_digits        mc_w.l(printfa.o)
    0x08004b4c   0x08004b4c   0x0000005e   Code   RO         3367    i._freopen$full     mc_w.l(fopen_f.o)
    0x08004baa   0x08004baa   0x00000002   PAD
    0x08004bac   0x08004bac   0x000006dc   Code   RO         3655    i._printf_core      mc_w.l(printfa.o)
    0x08005288   0x08005288   0x00000024   Code   RO         3656    i._printf_post_padding  mc_w.l(printfa.o)
    0x080052ac   0x080052ac   0x0000002e   Code   RO         3657    i._printf_pre_padding  mc_w.l(printfa.o)
    0x080052da   0x080052da   0x0000000a   Code   RO         3659    i._sputc            mc_w.l(printfa.o)
    0x080052e4   0x080052e4   0x0000002c   Code   RO         2304    i._sys_close        retarget.o
    0x08005310   0x08005310   0x000000e4   Code   RO         2309    i._sys_open         retarget.o
    0x080053f4   0x080053f4   0x00000028   Code   RO         2311    i._sys_seek         retarget.o
    0x0800541c   0x0800541c   0x00000060   Code   RO         2312    i._sys_write        retarget.o
    0x0800547c   0x0800547c   0x00000018   Code   RO         2946    i.error             mbed.ar(error.o)
    0x08005494   0x08005494   0x00000020   Code   RO         3173    i.exit              mbed.ar(exit.o)
    0x080054b4   0x080054b4   0x00000018   Code   RO         3750    i.fabs              m_wm.l(fabs.o)
    0x080054cc   0x080054cc   0x00000050   Code   RO         3798    i.free              mc_w.l(malloc.o)
    0x0800551c   0x0800551c   0x00000050   Code   RO         3011    i.gpio_dir          mbed.ar(gpio_api.o)
    0x0800556c   0x0800556c   0x0000003c   Code   RO         3012    i.gpio_init         mbed.ar(gpio_api.o)
    0x080055a8   0x080055a8   0x00000044   Code   RO         2955    i.gpio_init_out     mbed.ar(gpio.o)
    0x080055ec   0x080055ec   0x00000008   Code   RO         3013    i.gpio_mode         mbed.ar(gpio_api.o)
    0x080055f4   0x080055f4   0x00000070   Code   RO         3026    i.i2c_frequency     mbed.ar(i2c_api.o)
    0x08005664   0x08005664   0x000001dc   Code   RO         3027    i.i2c_init          mbed.ar(i2c_api.o)
    0x08005840   0x08005840   0x0000012c   Code   RO         3028    i.i2c_read          mbed.ar(i2c_api.o)
    0x0800596c   0x0800596c   0x00000110   Code   RO         3037    i.i2c_write         mbed.ar(i2c_api.o)
    0x08005a7c   0x08005a7c   0x0000006c   Code   RO         3799    i.malloc            mc_w.l(malloc.o)
    0x08005ae8   0x08005ae8   0x00000050   Code   RO         2913    i.mbed_assert_internal  mbed.ar(assert.o)
    0x08005b38   0x08005b38   0x00000010   Code   RO         1424    i.mbed_die          board.o
    0x08005b48   0x08005b48   0x00000002   Code   RO         2314    i.mbed_main         retarget.o
    0x08005b4a   0x08005b4a   0x0000000e   Code   RO         2415    i.mbed_sdk_init     mbed_overrides.o
    0x08005b58   0x08005b58   0x0000006c   Code   RO         2987    i.pin_function      mbed.ar(pinmap.o)
    0x08005bc4   0x08005bc4   0x00000058   Code   RO         2988    i.pin_mode          mbed.ar(pinmap.o)
    0x08005c1c   0x08005c1c   0x00000038   Code   RO         3180    i.pinmap_merge      mbed.ar(pinmap_common.o)
    0x08005c54   0x08005c54   0x0000005c   Code   RO         3181    i.pinmap_peripheral  mbed.ar(pinmap_common.o)
    0x08005cb0   0x08005cb0   0x00000058   Code   RO         3182    i.pinmap_pinout     mbed.ar(pinmap_common.o)
    0x08005d08   0x08005d08   0x00000168   Code   RO         2626    i.serial_init       mbed.ar(serial_api.o)
    0x08005e70   0x08005e70   0x00000018   Code   RO         2627    i.serial_irq_handler  mbed.ar(serial_api.o)
    0x08005e88   0x08005e88   0x00000024   Code   RO         2630    i.serial_putc       mbed.ar(serial_api.o)
    0x08005eac   0x08005eac   0x0000006e   Code   RO         3761    i.sqrt              m_wm.l(sqrt.o)
    0x08005f1a   0x08005f1a   0x00000002   PAD
    0x08005f1c   0x08005f1c   0x00000054   Code   RO         1087    i.timer_irq_handler  hal_tick.o
    0x08005f70   0x08005f70   0x00000010   Code   RO         3059    i.us_ticker_clear_interrupt  mbed.ar(us_ticker.o)
    0x08005f80   0x08005f80   0x00000014   Code   RO         3060    i.us_ticker_disable_interrupt  mbed.ar(us_ticker.o)
    0x08005f94   0x08005f94   0x00000028   Code   RO         3061    i.us_ticker_init    mbed.ar(us_ticker.o)
    0x08005fbc   0x08005fbc   0x0000004c   Code   RO         2973    i.us_ticker_insert_event  mbed.ar(us_ticker_api.o)
    0x08006008   0x08006008   0x00000044   Code   RO         2974    i.us_ticker_irq_handler  mbed.ar(us_ticker_api.o)
    0x0800604c   0x0800604c   0x00000030   Code   RO         3062    i.us_ticker_read    mbed.ar(us_ticker.o)
    0x0800607c   0x0800607c   0x0000003c   Code   RO         2975    i.us_ticker_remove_event  mbed.ar(us_ticker_api.o)
    0x080060b8   0x080060b8   0x00000014   Code   RO         2976    i.us_ticker_set_handler  mbed.ar(us_ticker_api.o)
    0x080060cc   0x080060cc   0x00000014   Code   RO         3063    i.us_ticker_set_interrupt  mbed.ar(us_ticker.o)
    0x080060e0   0x080060e0   0x0000001c   Code   RO         2966    i.wait_ms           mbed.ar(wait_api.o)
    0x080060fc   0x080060fc   0x00000010   Data   RO          850    .constdata          stm32f4xx_hal_rcc.o
    0x0800610c   0x0800610c   0x00000010   Data   RO         1665    .constdata          system_stm32f4xx.o
    0x0800611c   0x0800611c   0x00000060   Data   RO         2637    .constdata          mbed.ar(serial_api.o)
    0x0800617c   0x0800617c   0x00000073   Data   RO         2957    .constdata          mbed.ar(gpio.o)
    0x080061ef   0x080061ef   0x00000001   PAD
    0x080061f0   0x080061f0   0x000000b4   Data   RO         2989    .constdata          mbed.ar(pinmap.o)
    0x080062a4   0x080062a4   0x00000048   Data   RO         2998    .constdata          mbed.ar(PeripheralPins.o)
    0x080062ec   0x080062ec   0x0000003c   Data   RO         2999    .constdata          mbed.ar(PeripheralPins.o)
    0x08006328   0x08006328   0x00000048   Data   RO         3001    .constdata          mbed.ar(PeripheralPins.o)
    0x08006370   0x08006370   0x00000048   Data   RO         3002    .constdata          mbed.ar(PeripheralPins.o)
    0x080063b8   0x080063b8   0x00000074   Data   RO         3015    .constdata          mbed.ar(gpio_api.o)
    0x0800642c   0x0800642c   0x0000007c   Data   RO         3039    .constdata          mbed.ar(i2c_api.o)
    0x080064a8   0x080064a8   0x00000088   Data   RO         3317    .constdata          m_wm.l(pow.o)
    0x08006530   0x08006530   0x00000008   Data   RO         3758    .constdata          m_wm.l(qnan.o)
    0x08006538   0x08006538   0x00000040   Data   RO         3940    .constdata          mc_w.l(ctype_c.o)
    0x08006578   0x08006578   0x0000002c   Data   RO         2401    .constdata__ZTVN4mbed10FileHandleE  retarget.o
    0x080065a4   0x080065a4   0x00000010   Data   RO         3164    .constdata__ZTVN4mbed10SerialBaseE  mbed.ar(SerialBase.o)
    0x080065b4   0x080065b4   0x00000014   Data   RO         2941    .constdata__ZTVN4mbed10TimerEventE  mbed.ar(TimerEvent.o)
    0x080065c8   0x080065c8   0x0000005c   Data   RO         2824    .constdata__ZTVN4mbed6SerialE  mbed.ar(Serial.o)
    0x08006624   0x08006624   0x00000044   Data   RO         2908    .constdata__ZTVN4mbed6StreamE  mbed.ar(Stream.o)
    0x08006668   0x08006668   0x00000014   Data   RO         2794    .constdata__ZTVN4mbed6TickerE  mbed.ar(Ticker.o)
    0x0800667c   0x0800667c   0x00000010   Data   RO         3123    .constdata__ZTVN4mbed8FileBaseE  mbed.ar(FileBase.o)
    0x0800668c   0x0800668c   0x0000003c   Data   RO         3093    .constdata__ZTVN4mbed8FileLikeE  mbed.ar(FileLike.o)
    0x080066c8   0x080066c8   0x00000009   Data   RO          616    .constdata__ZZN6DevI2C8i2c_readEPhhhtE8__func__  lsm6ds0.o
    0x080066d1   0x080066d1   0x00000022   Data   RO          602    .constdata__ZZN6DevI2C8i2c_readEPhhhtEs  lsm6ds0.o
    0x080066f3   0x080066f3   0x0000000a   Data   RO          615    .constdata__ZZN6DevI2C9i2c_writeEPhhhtE8__func__  lsm6ds0.o
    0x080066fd   0x080066fd   0x00000022   Data   RO          601    .constdata__ZZN6DevI2C9i2c_writeEPhhhtEs  lsm6ds0.o
    0x0800671f   0x0800671f   0x00000001   PAD
    0x08006720   0x08006720   0x00000048   Data   RO            6    .conststring        main.o
    0x08006768   0x08006768   0x00000020   Data   RO         3946    Region$$Table       anon$$obj.o
    0x08006788   0x08006788   0x00000004   Data   RO            8    .init_array         main.o
    0x0800678c   0x08006788   0x00000000   Data   RO         3682    .init_array         mc_w.l(cpp_init.o)


    Execution Region RW_IRAM1 (Exec base: 0x20000194, Load base: 0x0800678c, Size: 0x0000071c, Max: 0x00017e6c, ABSOLUTE)

    Exec Addr    Load Addr    Size         Type   Attr      Idx    E Section Name        Object

    0x20000194   0x0800678c   0x00000020   Data   RW            7    .data               main.o
    0x200001b4   0x080067ac   0x00000004   Data   RW          477    .data               x_cube_mems.o
    0x200001b8   0x080067b0   0x00000018   Data   RW          642    .data               hts221.o
    0x200001d0   0x080067c8   0x00000004   Data   RW          974    .data               stm32f4xx_hal.o
    0x200001d4   0x080067cc   0x00000004   Data   RW         1089    .data               hal_tick.o
    0x200001d8   0x080067d0   0x00000004   Data   RW         1666    .data               system_stm32f4xx.o
    0x200001dc   0x080067d4   0x00000004   Data   RW         2355    .data               retarget.o
    0x200001e0   0x080067d8   0x00000008   Data   RW         2638    .data               mbed.ar(serial_api.o)
    0x200001e8   0x080067e0   0x00000004   Data   RW         2687    .data               mbed.ar(I2C.o)
    0x200001ec   0x080067e4   0x00000008   Data   RW         2977    .data               mbed.ar(us_ticker_api.o)
    0x200001f4   0x080067ec   0x0000000c   Data   RW         3040    .data               mbed.ar(i2c_api.o)
    0x20000200   0x080067f8   0x00000004   Data   RW         3065    .data               mbed.ar(us_ticker.o)
    0x20000204   0x080067fc   0x00000004   Data   RW         3112    .data               mbed.ar(FileBase.o)
    0x20000208   0x08006800   0x00000004   Data   RW         3829    .data               mc_w.l(errno.o)
    0x2000020c   0x08006804   0x00000004   Data   RW         3853    .data               mc_w.l(cpp_dtor.o)
    0x20000210   0x08006808   0x0000000c   Data   RW         3856    .data               mc_w.l(cpp_memory.o)
    0x2000021c   0x08006814   0x00000004   Data   RW         3913    .data               mc_w.l(mvars.o)
    0x20000220   0x08006818   0x00000004   Data   RW         3914    .data               mc_w.l(mvars.o)
    0x20000224   0x0800681c   0x00000004   PAD
    0x20000228        -       0x00000108   Zero   RW            5    .bss                main.o
    0x20000330        -       0x0000003c   Zero   RW         1088    .bss                hal_tick.o
    0x2000036c        -       0x00000040   Zero   RW         2351    .bss                retarget.o
    0x200003ac        -       0x00000064   Zero   RW         2636    .bss                mbed.ar(serial_api.o)
    0x20000410        -       0x00000038   Zero   RW         3038    .bss                mbed.ar(i2c_api.o)
    0x20000448        -       0x0000003c   Zero   RW         3064    .bss                mbed.ar(us_ticker.o)
    0x20000484        -       0x00000014   Zero   RW         3394    .bss                mc_w.l(stdout_f.o)
    0x20000498        -       0x00000014   Zero   RW         3395    .bss                mc_w.l(stderr_f.o)
    0x200004ac   0x0800681c   0x00000004   PAD
    0x200004b0        -       0x00000400   Zero   RW         2409    HEAP                startup_stm32f401xe.o


==============================================================================

Image component sizes


      Code (inc. data)   RO Data    RW Data    ZI Data      Debug   Object Name

        16          0          0          0          0        120   board.o
       108          6          0          0          0        132   cmsis_nvic.o
       256         46          0          4         60        252   hal_tick.o
      1414         50          0         24          0       5032   hts221.o
       604         20          0          0          0       4004   lis3mdl.o
       460          6          0          0          0       4868   lps25.o
      1264         46         87          0          0       7484   lsm6ds0.o
       828        202         76         32        264     167896   main.o
        14          0          0          0          0        128   mbed_overrides.o
       476         48         44          4         64        884   retarget.o
        36          8        404          0       1024        276   startup_stm32f401xe.o
        82         16          0          4          0        472   stm32f4xx_hal.o
        36          6          0          0          0        116   stm32f4xx_hal_cortex.o
       584         24          0          0          0        140   stm32f4xx_hal_gpio.o
       254          8          0          0          0        240   stm32f4xx_hal_i2c.o
      1796         92         16          0          0        656   stm32f4xx_hal_rcc.o
       254         16          0          0          0        488   stm32f4xx_hal_tim.o
       632         14          0          0          0        372   stm32f4xx_hal_uart.o
       512         74         16          4          0        400   system_stm32f4xx.o
       200         12          0          4          0       8484   x_cube_mems.o

    ----------------------------------------------------------------------
      9834        694        676         76       1412     202444   Object Totals
         0          0         32          0          0          0   (incl. Generated)
         8          0          1          0          0          0   (incl. Padding)

    ----------------------------------------------------------------------

      Code (inc. data)   RO Data    RW Data    ZI Data      Debug   Library Member Name

        36          0          0          0          0         84   aeabi_vec_ctor_nocookie_nodtor.o
        80         12          0          0          0        104   arm_exceptions_globs.o
        60          0          0          0          0        108   arm_exceptions_mem.o
        26          0          0          0          0         76   arm_exceptions_terminate.o
         4          0          0          0          0         68   arm_newhandler_noexceptions.o
        16          0          0          0          0         68   cxa_guard_acquire.o
        40          6          0          0          0         76   new.o
         6          0          0          0          0         68   pure_virt.o
       164         44          0          0          0        620   dunder.o
        24          0          0          0          0        124   fabs.o
        48          0          0          0          0        124   fpclassify.o
       248          0          0          0          0        152   poly.o
      3152        296        136          0          0        352   pow.o
         0          0          8          0          0          0   qnan.o
       110          0          0          0          0        148   sqrt.o
       152         24         16          4          0        476   FileBase.o
        54         10         60          0          0        252   FileLike.o
       154          0          0          0          0        728   FilePath.o
        42          0          0          0          0        348   FunctionPointer.o
       180         16          0          4          0        396   I2C.o
         0          0        276          0          0          0   PeripheralPins.o
        54          4         92          0          0        364   Serial.o
       118         12         16          0          0        484   SerialBase.o
       180         18         68          0          0        760   Stream.o
       114          6         20          0          0        392   Ticker.o
        84         12         20          0          0        604   TimerEvent.o
        80         56          0          0          0        128   assert.o
        24          4          0          0          0        128   error.o
        32          8          0          0          0        120   exit.o
        68          4        115          0          0        136   gpio.o
       148         28        116          0          0        388   gpio_api.o
      1160         92        124         12         56        604   i2c_api.o
       312         94        180          0          0        388   pinmap.o
       236         78          0          0          0        384   pinmap_common.o
       420         80         96          8        100        368   serial_api.o
       144         46          0          4         60        588   us_ticker.o
       224         22          0          8          0        512   us_ticker_api.o
        28          0          0          0          0        128   wait_api.o
        56          8          0          0          0         84   __0sscanf.o
        28          0          0          0          0         68   _chval.o
       812          4          0          0          0        112   _scanf.o
       332          0          0          0          0         96   _scanf_int.o
        64          0          0          0          0         84   _sgetc.o
        46          0          0          0          0         84   aeabi_atexit.o
         8          4          0          4          0         68   cpp_dtor.o
         2          0          0          0          0         68   cpp_final.o
        32         10          0          0          0         80   cpp_init.o
        20          4          0         12          0        136   cpp_memory.o
         2          0          0          0          0         68   cpp_signal.o
        40          6         64          0          0         68   ctype_c.o
        66          0          0          0          0         84   cxa_finalize.o
         0          0          0          0          0          0   entry.o
         0          0          0          0          0          0   entry10a.o
         4          0          0          0          0          0   entry10b.o
         0          0          0          0          0          0   entry11a.o
         8          4          0          0          0          0   entry2.o
         4          0          0          0          0          0   entry5.o
         4          0          0          0          0          0   entry6b.o
         0          0          0          0          0          0   entry7b.o
         4          0          0          0          0          0   entry8a.o
         0          0          0          0          0          0   entry8b.o
         8          4          0          0          0          0   entry9a.o
        12          6          0          4          0         68   errno.o
        30          0          0          0          0         76   fclose_f.o
        24          0          0          0          0         76   fflush_f.o
       146          0          0          0          0        160   fopen_f.o
        40          0          0          0          0         80   fputc_fp.o
        30          0          0          0          0          0   handlers.o
        36          8          0          0          0         68   init.o
        32         12          0          0          0         72   initio_oe.o
        10          0          0          0          0         68   isspace_c.o
         0          0          0          0          0          0   iusefp.o
        30          0          0          0          0         68   llshl.o
        36          0          0          0          0         68   llsshr.o
        32          0          0          0          0         68   llushr.o
       188         20          0          0          0        160   malloc.o
        64          0          0          0          0         76   memmovea.o
        36          0          0          0          0        108   memseta.o
         0          0          0          8          0          0   mvars.o
      2328         96          0          0          0        684   printfa.o
        40          8          0          0          0         84   scanf_char.o
         0          0          0          0         20          0   stderr_f.o
         0          0          0          0         20          0   stdout_f.o
        28          0          0          0          0         76   strcmp.o
        14          0          0          0          0         68   strlen.o
        30          0          0          0          0         80   strncmp.o
        44          0          0          0          0         80   uidiv.o
        98          0          0          0          0         92   uldiv.o
        48          0          0          0          0         68   cdrcmple.o
        56          0          0          0          0         88   d2f.o
       334          0          0          0          0        148   dadd.o
       222          0          0          0          0        100   ddiv.o
       186          0          0          0          0        176   depilogue.o
        62          0          0          0          0         80   dfixi.o
        50          0          0          0          0         76   dfixui.o
        48          0          0          0          0         68   dfixul.o
        34          0          0          0          0         76   dflti.o
       228          0          0          0          0         96   dmul.o
        46          0          0          0          0         80   dscalb.o
       162          0          0          0          0        100   dsqrt.o
        38          0          0          0          0         68   f2d.o
       110          0          0          0          0        168   fepilogue.o
        44          0          0          0          0         68   ffixul.o

    ----------------------------------------------------------------------
     14590       1166       1408         68        264      15788   Library Totals
        32          0          1          0          8          0   (incl. Padding)

    ----------------------------------------------------------------------

      Code (inc. data)   RO Data    RW Data    ZI Data      Debug   Library Name

       268         18          0          0          0        652   cpprt_w.l
      3746        340        144          0          0       1520   m_wm.l
      4008        614       1199         40        216       8676   mbed.ar
      4868        194         64         28         40       3480   mc_w.l
      1668          0          0          0          0       1460   mf_w.l

    ----------------------------------------------------------------------
     14590       1166       1408         68        264      15788   Library Totals

    ----------------------------------------------------------------------

==============================================================================


      Code (inc. data)   RO Data    RW Data    ZI Data      Debug   

     24424       1860       2084        144       1676     203412   Grand Totals
     24424       1860       2084        144       1676     203412   ELF Image Totals
     24424       1860       2084        144          0          0   ROM Totals

==============================================================================

    Total RO  Size (Code + RO Data)                26508 (  25.89kB)
    Total RW  Size (RW Data + ZI Data)              1820 (   1.78kB)
    Total ROM Size (Code + RO Data + RW Data)      26652 (  26.03kB)

==============================================================================

