Component: ARM Compiler 5.06 update 6 (build 750) Tool: armlink [4d35ed]

==============================================================================

Section Cross References

    main.o(.text) refers to Stream.o(i._ZN4mbed6Stream6printfEPKcz) for mbed::Stream::printf(const char*, ...)
    main.o(.text) refers to main.o(i._ZN9BLEDevice16startAdvertisingEv) for BLEDevice::startAdvertising()
    main.o(.text) refers to assert.o(i.mbed_assert_internal) for mbed_assert_internal
    main.o(.text) refers to cxa_guard_acquire.o(i.__cxa_guard_acquire) for __cxa_guard_acquire
    main.o(.text) refers to x_cube_mems.o(.text) for X_CUBE_MEMS::Instance()
    main.o(.text) refers to main.o(i._ZN4mbed6Ticker6attachEPFvvEf) for mbed::Ticker::attach(void(*)(), float)
    main.o(.text) refers to bledevice.o(.text) for BLEDevice::init()
    main.o(.text) refers to main.o(i._ZN27EnvironmentalSensingServiceC1ER9BLEDevicets) for EnvironmentalSensingService::EnvironmentalSensingService(BLEDevice&, unsigned short, short)
    main.o(.text) refers to main.o(i._ZN28EnvironmentalSensingService2C1ER9BLEDevicetj) for EnvironmentalSensingService2::EnvironmentalSensingService2(BLEDevice&, unsigned short, unsigned)
    main.o(.text) refers to main.o(i._ZN24DeviceInformationServiceC1ER9BLEDevicePKcS3_S3_S3_S3_S3_) for DeviceInformationService::DeviceInformationService(BLEDevice&, const char*, const char*, const char*, const char*, const char*, const char*)
    main.o(.text) refers to gapadvertisingdata.o(.text) for GapAdvertisingData::addFlags(unsigned char)
    main.o(.text) refers to main.o(i._ZN9BLEDevice28accumulateAdvertisingPayloadEN18GapAdvertisingData8DataTypeEPKhh) for BLEDevice::accumulateAdvertisingPayload(GapAdvertisingData::DataType, const unsigned char*, unsigned char)
    main.o(.text) refers to hts221.o(.text) for HTS221::GetTemperature(float*)
    main.o(.text) refers to lps25.o(.text) for LPS25H::GetPressure(float*)
    main.o(.text) refers to lis3mdl.o(.text) for LIS3MDL::GetAxes(AxesRaw_TypeDef*)
    main.o(.text) refers to utils.o(.bss) for pc
    main.o(.text) refers to main.o(.bss) for ble
    main.o(.text) refers to main.o(.data) for triggerSensorPolling
    main.o(.text) refers to main.o(.conststring) for .conststring
    main.o(.text) refers to main.o(.constdata) for uuid16_list
    main.o(.text) refers to main.o(i._ZNK13GattAttribute9getHandleEv) for GattAttribute::getHandle() const
    main.o(.text) refers to main.o(i._ZN9BLEDevice25updateCharacteristicValueEtPKhtb) for BLEDevice::updateCharacteristicValue(unsigned short, const unsigned char*, unsigned short, bool)
    main.o(.text) refers to bluenrgdevice.o(.text) for createBLEDeviceInstance()
    main.o(.text) refers to gapadvertisingparams.o(.text) for GapAdvertisingParams::GapAdvertisingParams(GapAdvertisingParams::AdvertisingType, unsigned short, unsigned short)
    main.o(.text) refers to aeabi_atexit.o(.text) for __aeabi_atexit
    main.o(.text) refers to memseta.o(.text) for __aeabi_memclr4
    main.o(.text) refers to gpio.o(i.gpio_init_out) for gpio_init_out
    main.o(.text) refers to main.o(i._ZN4mbed6TickerC1Ev) for mbed::Ticker::Ticker()
    main.o(.text) refers to main.o(i._ZN9BLEDeviceD1Ev) for BLEDevice::~BLEDevice()
    main.o(.text) refers to Ticker.o(i._ZN4mbed6TickerD1Ev) for mbed::Ticker::~Ticker()
    main.o(.ARM.exidx) refers to main.o(.text) for .text
    main.o(.init_array) refers to main.o(.text) for __sti___8_main_cpp_ble
    main.o(.init_array) refers to cpp_init.o(.text) for __cpp_initialize__aeabi_
    hci.o(.text) refers to list.o(.text) for list_init_head
    hci.o(.text) refers to bluenrg_shield_bsp.o(.text) for Disable_SPI_IRQ
    hci.o(.text) refers to btle.o(.text) for HCI_Event_CB
    hci.o(.text) refers to osal.o(.text) for Osal_MemCpy
    hci.o(.text) refers to gp_timer.o(.text) for Timer_Set
    hci.o(.text) refers to hci.o(.data) for hciReadPktPool
    hci.o(.text) refers to hci.o(.bss) for hciReadPacketBuffer
    hci.o(.text) refers to clock.o(.constdata) for CLOCK_SECOND
    bluenrg_shield_bsp.o(.text) refers to assert.o(i.mbed_assert_internal) for mbed_assert_internal
    bluenrg_shield_bsp.o(.text) refers to spi_api.o(i.spi_master_write) for spi_master_write
    bluenrg_shield_bsp.o(.text) refers to list.o(.text) for list_is_empty
    bluenrg_shield_bsp.o(.text) refers to hci.o(.text) for HCI_Input
    bluenrg_shield_bsp.o(.text) refers to spi_api.o(i.spi_init) for spi_init
    bluenrg_shield_bsp.o(.text) refers to gpio_irq_api.o(i.gpio_irq_init) for gpio_irq_init
    bluenrg_shield_bsp.o(.text) refers to gpio_irq_api.o(i.gpio_irq_set) for gpio_irq_set
    bluenrg_shield_bsp.o(.text) refers to gpio.o(i.gpio_init_in) for gpio_init_in
    bluenrg_shield_bsp.o(.text) refers to gpio_api.o(i.gpio_init) for gpio_init
    bluenrg_shield_bsp.o(.text) refers to gpio_api.o(i.gpio_mode) for gpio_mode
    bluenrg_shield_bsp.o(.text) refers to gpio_api.o(i.gpio_dir) for gpio_dir
[...]
    vtable for std::__rw_exception           0x0800ef54   Data          20  rwstdexcept.o(.constdata__ZTVSt14__rw_exception)
    vtable for std::ctype<char>              0x0800ef68   Data          52  char.o(.constdata__ZTVSt5ctypeIcE)
    vtable for std::messages<char>           0x0800ef9c   Data          32  rwstdexcept.o(.constdata__ZTVSt8messagesIcE)
    vtable for std::exception                0x0800efbc   Data          20  exception_dtor.o(.constdata__ZTVSt9exception)
    PayloadUnit::printDataAsString()::string 0x0800efd0   Data           8  bluenrggap.o(.constdata__ZZN11PayloadUnit17printDataAsStringEvEs)
    PayloadUnit::printDataAsString()::string (instance 2) 0x0800efd8   Data           3  bluenrggap.o(.constdata__ZZN11PayloadUnit17printDataAsStringEvEs_0)
    PayloadUnit::printDataAsString()::string (instance 3) 0x0800efdb   Data           2  bluenrggap.o(.constdata__ZZN11PayloadUnit17printDataAsStringEvEs_1)
    DevI2C::i2c_read(unsigned char*, unsigned char, unsigned char, unsigned short)::__func__ 0x0800efdd   Data           9  lsm6ds0.o(.constdata__ZZN6DevI2C8i2c_readEPhhhtE8__func__)
    DevI2C::i2c_read(unsigned char*, unsigned char, unsigned char, unsigned short)::string 0x0800efe6   Data          34  lsm6ds0.o(.constdata__ZZN6DevI2C8i2c_readEPhhhtEs)
    DevI2C::i2c_write(unsigned char*, unsigned char, unsigned char, unsigned short)::__func__ 0x0800f008   Data          10  lsm6ds0.o(.constdata__ZZN6DevI2C9i2c_writeEPhhhtE8__func__)
    DevI2C::i2c_write(unsigned char*, unsigned char, unsigned char, unsigned short)::string 0x0800f012   Data          34  lsm6ds0.o(.constdata__ZZN6DevI2C9i2c_writeEPhhhtEs)
    __rw::__rw_locale_imp::_C_category_name(int) const::string 0x0800f034   Data           1  locale.o(.constdata__ZZNK4__rw15__rw_locale_imp16_C_category_nameEiEs)
    std::basic_string<char, std::char_traits<char>, std::allocator<char>>::replace(unsigned, unsigned, const char*, unsigned, unsigned, unsigned)::string 0x0800f035   Data           1  char.o(.constdata__ZZNSs7replaceEjjPKcjjjEs)
    std::basic_string<char, std::char_traits<char>, std::allocator<char>>::_C_getRep(unsigned, unsigned)::string 0x0800f036   Data           1  char.o(.constdata__ZZNSs9_C_getRepEjjEs)
    std::messages<char>::messages(unsigned)::string 0x0800f037   Data           2  rwstdexcept.o(.constdata__ZZNSt8messagesIcEC1EjEs)
    Region$$Table$$Base                      0x0800f38c   Number         0  anon$$obj.o(Region$$Table)
    Region$$Table$$Limit                     0x0800f3ac   Number         0  anon$$obj.o(Region$$Table)
    SHT$$INIT_ARRAY$$Base                    0x0800f3ac   Number         0  main.o(.init_array)
    SHT$$INIT_ARRAY$$Limit                   0x0800f3c4   Number         0  rwcats.o(.init_array)
    TEMPERATURE_C                            0x20000194   Data           4  main.o(.data)
    HUMIDITY                                 0x20000198   Data           4  main.o(.data)
    PRESSURE                                 0x2000019c   Data           4  main.o(.data)
    WIND_DIRECTION                           0x200001a0   Data           4  main.o(.data)
    MagRaw                                   0x200001a4   Data           6  main.o(.data)
    hciReadPktPool                           0x200001b4   Data           8  hci.o(.data)
    hciReadPktRxQueue                        0x200001bc   Data           8  hci.o(.data)
    user_button_pressed                      0x200001d2   Data           1  bluenrg_shield_bsp.o(.data)
    local_name                               0x200001d4   Data           4  bluenrggap.o(.data)
    local_name_length                        0x200001d8   Data           1  bluenrggap.o(.data)
    scan_response_payload                    0x200001dc   Data           4  bluenrggap.o(.data)
    scan_rsp_length                          0x200001e0   Data           1  bluenrggap.o(.data)
    servUuidlength                           0x200001e1   Data           1  bluenrggap.o(.data)
    servUuidData                             0x200001e4   Data           4  bluenrggap.o(.data)
    advtInterval                             0x200001e8   Data           4  bluenrggap.o(.data)
    g_gap_service_handle                     0x200001f4   Data           2  btle.o(.data)
    g_appearance_char_handle                 0x200001f6   Data           2  btle.o(.data)
    g_device_name_char_handle                0x200001f8   Data           2  btle.o(.data)
    set_connectable                          0x200001fa   Data           1  btle.o(.data)
    X_CUBE_MEMS::_instance                   0x200001fc   Data           4  x_cube_mems.o(.data)
    T0_degC                                  0x20000200   Data           4  hts221.o(.data)
    T1_degC                                  0x20000204   Data           4  hts221.o(.data)
    T0_out                                   0x20000208   Data           2  hts221.o(.data)
    T1_out                                   0x2000020a   Data           2  hts221.o(.data)
    H0_rh                                    0x2000020c   Data           4  hts221.o(.data)
    H1_rh                                    0x20000210   Data           4  hts221.o(.data)
    H0_T0_out                                0x20000214   Data           2  hts221.o(.data)
    H1_T0_out                                0x20000216   Data           2  hts221.o(.data)
    PreviousVal                              0x2000021c   Data           4  hal_tick.o(.data)
    SystemCoreClock                          0x20000220   Data           4  system_stm32f4xx.o(.data)
    stdio_uart_inited                        0x2000026c   Data           4  serial_api.o(.data)
    mbed::I2C::_owner                        0x20000274   Data           4  I2C.o(.data)
    i2c1_inited                              0x20000280   Data           4  i2c_api.o(.data)
    i2c2_inited                              0x20000284   Data           4  i2c_api.o(.data)
    i2c3_inited                              0x20000288   Data           4  i2c_api.o(.data)
    mbed::FileBase::_head                    0x20000290   Data           4  FileBase.o(.data)
    ___stderr$base                           0x20000294   Data           4  stderr.o(.data)
    std::ctype<char>::id                     0x200002c4   Data           4  char.o(.data)
    std::ctype<wchar_t>::id                  0x200002c8   Data           4  char.o(.data)
    std::locale::_C_classic                  0x200002d4   Data           4  locale.o(.data)
    std::locale::_C_native                   0x200002d8   Data           4  locale.o(.data)
    std::locale::_C_global                   0x200002dc   Data           4  locale.o(.data)
    std::codecvt<char, char, std::__mbstate_t>::id 0x200002e0   Data           4  locale.o(.data)
    std::codecvt<wchar_t, char, std::__mbstate_t>::id 0x200002e4   Data           4  locale.o(.data)
    __rw_throw_proc                          0x200002e8   Data           4  rwthrowproc_noex.o(.data)
    __microlib_freelist                      0x200002ec   Data           4  mvars.o(.data)
    __microlib_freelist_initialised          0x200002f0   Data           4  mvars.o(.data)
    guard variable for BlueNRGGap::getInstance()::m_instance 0x200002fc   Data           4  bluenrgdevice.o(.data__ZZN10BlueNRGGap11getInstanceEvE10m_instance)
    guard variable for BlueNRGGattServer::getInstance()::m_instance 0x20000300   Data           4  bluenrgdevice.o(.data__ZZN17BlueNRGGattServer11getInstanceEvE10m_instance)
    DeviceInformationService::DeviceInformationService(BLEDevice&, const char*, const char*, const char*, const char*, const char*, const char*)::serviceAdded 0x20000304   Data           1  main.o(.data__ZZN24DeviceInformationServiceC1ER9BLEDevicePKcS3_S3_S3_S3_S3_E12serviceAdded)
    std::locale::id::_C_init() const::_C_id_gen 0x20000308   Data           4  locale.o(.data__ZZNKSt6locale2id7_C_initEvE9_C_id_gen)
    guard variable for std::__rw_get_cats()::__open_cats 0x2000030c   Data           4  messages.o(.data__ZZSt13__rw_get_catsvE11__open_cats)
    std::__rw_get_cats()::__open_cats        0x20000310   Data           8  messages.o(.data__ZZSt13__rw_get_catsvE11__open_cats)
    ble                                      0x20000318   Data         100  main.o(.bss)
    led                                      0x2000037c   Data          20  main.o(.bss)
    update                                   0x20000390   Data          64  main.o(.bss)
    aliveness                                0x200003d0   Data          64  main.o(.bss)
    MAGNETIC                                 0x20000410   Data          12  main.o(.bss)
    __spi                                    0x20000944   Data          32  bluenrg_shield_bsp.o(.bss)
    irq_exti                                 0x20000964   Data          16  bluenrg_shield_bsp.o(.bss)
    gpio_pin_A0                              0x20000974   Data          20  bluenrg_shield_bsp.o(.bss)
    irq_exti_UB                              0x20000988   Data          16  bluenrg_shield_bsp.o(.bss)
    gpio_pin_UB                              0x20000998   Data          20  bluenrg_shield_bsp.o(.bss)
    gpio_pin_CS                              0x200009ac   Data          20  bluenrg_shield_bsp.o(.bss)
    gpio_pin_MOSI                            0x200009c0   Data          20  bluenrg_shield_bsp.o(.bss)
    gpio_pin_MISO                            0x200009d4   Data          20  bluenrg_shield_bsp.o(.bss)
    gpio_pin_SCLK                            0x200009e8   Data          20  bluenrg_shield_bsp.o(.bss)
    gpio_pin_RESET                           0x200009fc   Data          20  bluenrg_shield_bsp.o(.bss)
    pc                                       0x20000a10   Data         116  utils.o(.bss)
    TimMasterHandle                          0x20000a84   Data          60  hal_tick.o(.bss)
    UartHandle                               0x20000d74   Data          60  serial_api.o(.bss)
    stdio_uart                               0x20000db0   Data          28  serial_api.o(.bss)
    I2cHandle                                0x20000dcc   Data          56  i2c_api.o(.bss)
    __stdout                                 0x20000e40   Data          20  stdout_f.o(.bss)
    __stderr                                 0x20000e54   Data          20  stderr_f.o(.bss)
    std::basic_string<char, std::char_traits<char>, std::allocator<char>>::__nullref 0x20000e80   Data          16  vendor.o(.bss__ZNSs9__nullrefE)
    BlueNRGGap::getInstance()::m_instance    0x20000e90   Data          40  bluenrgdevice.o(.bss__ZZN10BlueNRGGap11getInstanceEvE10m_instance)
    BlueNRGGattServer::getInstance()::m_instance 0x20000eb8   Data         128  bluenrgdevice.o(.bss__ZZN17BlueNRGGattServer11getInstanceEvE10m_instance)
    __heap_base                              0x20000f38   Data           0  startup_stm32f401xe.o(HEAP)
    Image$$RW_IRAM1$$ZI$$Limit               0x20001338   Number         0  anon$$obj.o ABSOLUTE
    __heap_limit                             0x20017c00   Number         0  startup_stm32f401xe.o ABSOLUTE
    __initial_sp                             0x20018000   Number         0  startup_stm32f401xe.o ABSOLUTE



==============================================================================

Memory Map of the image

  Image Entry point : 0x08000195

  Load Region LR_IROM1 (Base: 0x08000000, Size: 0x0000f548, Max: 0x00080000, ABSOLUTE, COMPRESSED[0x0000f3fc])

    Execution Region ER_IROM1 (Exec base: 0x08000000, Load base: 0x08000000, Size: 0x0000f3c4, Max: 0x00080000, ABSOLUTE)

    Exec Addr    Load Addr    Size         Type   Attr      Idx    E Section Name        Object

    0x08000000   0x08000000   0x00000194   Data   RO         5245    RESET               startup_stm32f401xe.o
    0x08000194   0x08000194   0x00000000   Code   RO         6405  * .ARM.Collect$$$$00000000  mc_w.l(entry.o)
    0x08000194   0x08000194   0x00000004   Code   RO         7016    .ARM.Collect$$$$00000001  mc_w.l(entry2.o)
    0x08000198   0x08000198   0x00000004   Code   RO         7019    .ARM.Collect$$$$00000004  mc_w.l(entry5.o)
    0x0800019c   0x0800019c   0x00000004   Code   RO         6407    .ARM.Collect$$$$00000006  mc_w.l(entry6b.o)
    0x080001a0   0x080001a0   0x00000000   Code   RO         7021    .ARM.Collect$$$$00000008  mc_w.l(entry7b.o)
    0x080001a0   0x080001a0   0x00000004   Code   RO         7022    .ARM.Collect$$$$00000009  mc_w.l(entry8a.o)
    0x080001a4   0x080001a4   0x00000000   Code   RO         7023    .ARM.Collect$$$$0000000A  mc_w.l(entry8b.o)
    0x080001a4   0x080001a4   0x00000008   Code   RO         7024    .ARM.Collect$$$$0000000B  mc_w.l(entry9a.o)
    0x080001ac   0x080001ac   0x00000000   Code   RO         7026    .ARM.Collect$$$$0000000D  mc_w.l(entry10a.o)
    0x080001ac   0x080001ac   0x00000004   Code   RO         7027    .ARM.Collect$$$$0000000E  mc_w.l(entry10b.o)
    0x080001b0   0x080001b0   0x00000000   Code   RO         7028    .ARM.Collect$$$$0000000F  mc_w.l(entry11a.o)
    0x080001b0   0x080001b0   0x00000004   Code   RO         7017    .ARM.Collect$$$$00002712  mc_w.l(entry2.o)
    0x080001b4   0x080001b4   0x00000654   Code   RO            3    .text               main.o
    0x08000808   0x08000808   0x00000ec2   Code   RO          652    .text               hci.o
    0x080016ca   0x080016ca   0x00000002   PAD
    0x080016cc   0x080016cc   0x0000038c   Code   RO          714    .text               bluenrg_shield_bsp.o
    0x08001a58   0x08001a58   0x00001200   Code   RO          971    .text               bluenrg_hci.o
    0x08002c58   0x08002c58   0x000000b2   Code   RO          992    .text               list.o
    0x08002d0a   0x08002d0a   0x00000054   Code   RO         1004    .text               gp_timer.o
    0x08002d5e   0x08002d5e   0x00000016   Code   RO         1016    .text               clock.o
    0x08002d74   0x08002d74   0x00000028   Code   RO         1040    .text               osal.o
    0x08002d9c   0x08002d9c   0x000009f4   Code   RO         1060    .text               bluenrggap.o
    0x08003790   0x08003790   0x000001b4   Code   RO         1649    .text               bluenrgdevice.o
    0x08003944   0x08003944   0x00000864   Code   RO         2317    .text               bluenrggattserver.o
    0x080041a8   0x080041a8   0x00000420   Code   RO         2691    .text               btle.o
    0x080045c8   0x080045c8   0x000003c4   Code   RO         2952    .text               utils.o
    0x0800498c   0x0800498c   0x00000090   Code   RO         3056    .text               uuid.o
    0x08004a1c   0x08004a1c   0x00000114   Code   RO         3085    .text               gapadvertisingdata.o
    0x08004b30   0x08004b30   0x00000018   Code   RO         3112    .text               bledevice.o
    0x08004b48   0x08004b48   0x0000007c   Code   RO         3158    .text               gapadvertisingparams.o
    0x08004bc4   0x08004bc4   0x00000034   Code   RO         3201    .text               gattservice.o
    0x08004bf8   0x08004bf8   0x000000c8   Code   RO         3332    .text               x_cube_mems.o
    0x08004cc0   0x08004cc0   0x00000438   Code   RO         3421    .text               lsm6ds0.o
    0x080050f8   0x080050f8   0x00000586   Code   RO         3475    .text               hts221.o
    0x0800567e   0x0800567e   0x00000002   PAD
    0x08005680   0x08005680   0x0000025c   Code   RO         3515    .text               lis3mdl.o
    0x080058dc   0x080058dc   0x000001cc   Code   RO         3550    .text               lps25.o
    0x08005aa8   0x08005aa8   0x00000024   Code   RO         5246    .text               startup_stm32f401xe.o
    0x08005acc   0x08005acc   0x00000020   Code   RO         6451    .text               mc_w.l(initio_oe.o)
    0x08005aec   0x08005aec   0x00000028   Code   RO         6457    .text               mc_w.l(fputc_fp.o)
    0x08005b14   0x08005b14   0x00000028   Code   RO         6480    .text               mc_w.l(memcpy.o)
    0x08005b3c   0x08005b3c   0x00000024   Code   RO         6482    .text               mc_w.l(memcpya.o)
    0x08005b60   0x08005b60   0x00000042   Code   RO         6484    .text               mc_w.l(memmove.o)
    0x08005ba2   0x08005ba2   0x00000040   Code   RO         6486    .text               mc_w.l(memmovea.o)
    0x08005be2   0x08005be2   0x00000024   Code   RO         6490    .text               mc_w.l(memseta.o)
    0x08005c06   0x08005c06   0x0000000e   Code   RO         6494    .text               mc_w.l(strlen.o)
    0x08005c14   0x08005c14   0x0000001c   Code   RO         6496    .text               mc_w.l(strcmp.o)
    0x08005c30   0x08005c30   0x00000012   Code   RO         6498    .text               mc_w.l(strcpy.o)
    0x08005c42   0x08005c42   0x0000001e   Code   RO         6500    .text               mc_w.l(strncmp.o)
    0x08005c60   0x08005c60   0x00000038   Code   RO         6773    .text               mc_w.l(__0sscanf.o)
    0x08005c98   0x08005c98   0x0000014c   Code   RO         6775    .text               mc_w.l(_scanf_int.o)
    0x08005de4   0x08005de4   0x00000020   Code   RO         6780    .text               mc_w.l(cpp_init.o)
    0x08005e04   0x08005e04   0x0000002e   Code   RO         6782    .text               mc_w.l(aeabi_atexit.o)
    0x08005e32   0x08005e32   0x000000e4   Code   RO         6784    .text               mf_w.l(dmul.o)
    0x08005f16   0x08005f16   0x000000de   Code   RO         6786    .text               mf_w.l(ddiv.o)
    0x08005ff4   0x08005ff4   0x00000022   Code   RO         6788    .text               mf_w.l(dflti.o)
    0x08006016   0x08006016   0x0000002c   Code   RO         6790    .text               mf_w.l(ffixul.o)
    0x08006042   0x08006042   0x0000003e   Code   RO         6792    .text               mf_w.l(dfixi.o)
    0x08006080   0x08006080   0x00000032   Code   RO         6794    .text               mf_w.l(dfixui.o)
    0x080060b2   0x080060b2   0x00000026   Code   RO         6796    .text               mf_w.l(f2d.o)
    0x080060d8   0x080060d8   0x00000030   Code   RO         6798    .text               mf_w.l(cdcmple.o)
    0x08006108   0x08006108   0x00000030   Code   RO         6800    .text               mf_w.l(cdrcmple.o)
    0x08006138   0x08006138   0x00000038   Code   RO         6802    .text               mf_w.l(d2f.o)
    0x08006170   0x08006170   0x00000004   Code   RO         6938    .text               cpprt_w.l(arm_newhandler_noexceptions.o)
    0x08006174   0x08006174   0x0000002c   Code   RO         7035    .text               mc_w.l(uidiv.o)
    0x080061a0   0x080061a0   0x00000062   Code   RO         7037    .text               mc_w.l(uldiv.o)
    0x08006202   0x08006202   0x0000001e   Code   RO         7039    .text               mc_w.l(llshl.o)
    0x08006220   0x08006220   0x00000020   Code   RO         7041    .text               mc_w.l(llushr.o)
    0x08006240   0x08006240   0x0000001c   Code   RO         7084    .text               mc_w.l(_chval.o)
    0x0800625c   0x0800625c   0x00000156   Code   RO         7086    .text               mc_w.l(_scanf_longlong.o)
    0x080063b2   0x080063b2   0x000000e0   Code   RO         7088    .text               mc_w.l(_scanf_str.o)
    0x08006492   0x08006492   0x00000002   PAD
    0x08006494   0x08006494   0x00000360   Code   RO         7090    .text               mc_w.l(scanf_fp.o)
    0x080067f4   0x080067f4   0x00000028   Code   RO         7094    .text               mc_w.l(scanf_char.o)
    0x0800681c   0x0800681c   0x00000040   Code   RO         7096    .text               mc_w.l(_sgetc.o)
    0x0800685c   0x0800685c   0x00000000   Code   RO         7100    .text               mc_w.l(iusefp.o)
    0x0800685c   0x0800685c   0x00000008   Code   RO         7103    .text               mc_w.l(cpp_dtor.o)
    0x08006864   0x08006864   0x00000014   Code   RO         7106    .text               mc_w.l(cpp_memory.o)
    0x08006878   0x08006878   0x00000002   Code   RO         7109    .text               mc_w.l(cpp_signal.o)
    0x0800687a   0x0800687a   0x00000042   Code   RO         7111    .text               mc_w.l(cxa_finalize.o)
    0x080068bc   0x080068bc   0x0000006e   Code   RO         7113    .text               mf_w.l(fepilogue.o)
    0x0800692a   0x0800692a   0x000000ba   Code   RO         7115    .text               mf_w.l(depilogue.o)
    0x080069e4   0x080069e4   0x0000014e   Code   RO         7117    .text               mf_w.l(dadd.o)
    0x08006b32   0x08006b32   0x0000002e   Code   RO         7121    .text               mf_w.l(dscalb.o)
    0x08006b60   0x08006b60   0x00000030   Code   RO         7123    .text               mf_w.l(dfixul.o)
    0x08006b90   0x08006b90   0x0000000e   Code   RO         7636    .text               cpprt_w.l(aeabi_vec_delete_noexceptions.o)
    0x08006b9e   0x08006b9e   0x0000001a   Code   RO         7642    .text               cpprt_w.l(arm_exceptions_terminate.o)
    0x08006bb8   0x08006bb8   0x00000050   Code   RO         7652    .text               cpprt_w.l(arm_exceptions_globs.o)
    0x08006c08   0x08006c08   0x00000024   Code   RO         7658    .text               mc_w.l(init.o)
    0x08006c2c   0x08006c2c   0x00000024   Code   RO         7660    .text               mc_w.l(llsshr.o)
    0x08006c50   0x08006c50   0x00000018   Code   RO         7668    .text               mc_w.l(strcat.o)
    0x08006c68   0x08006c68   0x00000020   Code   RO         7670    .text               mc_w.l(strrchr.o)
    0x08006c88   0x08006c88   0x00000038   Code   RO         7674    .text               mc_w.l(sscanf.o)
    0x08006cc0   0x08006cc0   0x0000032c   Code   RO         7676    .text               mc_w.l(_scanf.o)
    0x08006fec   0x08006fec   0x00000002   Code   RO         7679    .text               mc_w.l(cpp_final.o)
    0x08006fee   0x08006fee   0x000000a2   Code   RO         7681    .text               mf_w.l(dsqrt.o)
    0x08007090   0x08007090   0x00000018   Code   RO         7683    .text               mf_w.l(dfltul.o)
    0x080070a8   0x080070a8   0x0000001c   Code   RO         7774    .text               cpprt_w.l(ARM_vec_cleanup_noexceptions.o)
    0x080070c4   0x080070c4   0x00000002   Code   RO         7777    .text               cpprt_w.l(arm_rethrow_noexceptions.o)
    0x080070c6   0x080070c6   0x0000003c   Code   RO         7798    .text               cpprt_w.l(arm_exceptions_mem.o)
    0x08007102   0x08007102   0x00000002   PAD
    0x08007104   0x08007104   0x00000008   Code   RO         7811    .text               mc_w.l(ctype_o.o)
    0x0800710c   0x0800710c   0x00000012   Code   RO         7833    .text               mc_w.l(isspace_o.o)
    0x0800711e   0x0800711e   0x00000022   Code   RO         7853    .text               cpprt_w.l(aeabi_vec_dtor_noexceptions.o)
    0x08007140   0x08007140   0x00000056   Code   RO         7873    .text               mc_w.l(__dczerorl2.o)
    0x08007196   0x08007196   0x00000012   Code   RO         5136    i.$Sub$$main        retarget.o
    0x080071a8   0x080071a8   0x00000006   Code   RO         6047    i.<Func1>           mbed.ar(SerialBase.o)
    0x080071ae   0x080071ae   0x00000014   Code   RO         7381    i.<Func5>           cpp_ws.l(locale.o)
    0x080071c2   0x080071c2   0x00000002   PAD
    0x080071c4   0x080071c4   0x00000248   Code   RO         4205    i.HAL_GPIO_Init     stm32f4xx_hal_gpio.o
    0x0800740c   0x0800740c   0x0000000c   Code   RO         3801    i.HAL_GetTick       stm32f4xx_hal.o
    0x08007418   0x08007418   0x000000fc   Code   RO         4665    i.HAL_I2C_Init      stm32f4xx_hal_i2c.o
    0x08007514   0x08007514   0x00000002   Code   RO         4684    i.HAL_I2C_MspInit   stm32f4xx_hal_i2c.o
    0x08007516   0x08007516   0x00000002   PAD
    0x08007518   0x08007518   0x00000010   Code   RO         3802    i.HAL_IncTick       stm32f4xx_hal.o
    0x08007528   0x08007528   0x00000034   Code   RO         3803    i.HAL_Init          stm32f4xx_hal.o
    0x0800755c   0x0800755c   0x000000ac   Code   RO         3921    i.HAL_InitTick      hal_tick.o
    0x08007608   0x08007608   0x00000002   Code   RO         3806    i.HAL_MspInit       stm32f4xx_hal.o
    0x0800760a   0x0800760a   0x00000002   PAD
    0x0800760c   0x0800760c   0x00000024   Code   RO         4766    i.HAL_NVIC_SetPriorityGrouping  stm32f4xx_hal_cortex.o
    0x08007630   0x08007630   0x00000200   Code   RO         3672    i.HAL_RCC_ClockConfig  stm32f4xx_hal_rcc.o
    0x08007830   0x08007830   0x000000c0   Code   RO         3677    i.HAL_RCC_GetHCLKFreq  stm32f4xx_hal_rcc.o
    0x080078f0   0x080078f0   0x0000002c   Code   RO         3679    i.HAL_RCC_GetPCLK1Freq  stm32f4xx_hal_rcc.o
    0x0800791c   0x0800791c   0x0000002c   Code   RO         3680    i.HAL_RCC_GetPCLK2Freq  stm32f4xx_hal_rcc.o
    0x08007948   0x08007948   0x000003ec   Code   RO         3684    i.HAL_RCC_OscConfig  stm32f4xx_hal_rcc.o
    0x08007d34   0x08007d34   0x00000084   Code   RO         4093    i.HAL_SPI_Init      stm32f4xx_hal_spi.o
    0x08007db8   0x08007db8   0x00000002   Code   RO         4095    i.HAL_SPI_MspInit   stm32f4xx_hal_spi.o
    0x08007dba   0x08007dba   0x00000032   Code   RO         4891    i.HAL_TIM_OC_Init   stm32f4xx_hal_tim.o
    0x08007dec   0x08007dec   0x00000002   Code   RO         4893    i.HAL_TIM_OC_MspInit  stm32f4xx_hal_tim.o
    0x08007dee   0x08007dee   0x00000036   Code   RO         4894    i.HAL_TIM_OC_Start  stm32f4xx_hal_tim.o
    0x08007e24   0x08007e24   0x0000005e   Code   RO         4599    i.HAL_UART_Init     stm32f4xx_hal_uart.o
    0x08007e82   0x08007e82   0x00000002   Code   RO         4601    i.HAL_UART_MspInit  stm32f4xx_hal_uart.o
    0x08007e84   0x08007e84   0x0000006c   Code   RO         3781    i.NVIC_SetVector    cmsis_nvic.o
    0x08007ef0   0x08007ef0   0x0000007c   Code   RO         4496    i.SetSysClock_PLL_HSE  system_stm32f4xx.o
    0x08007f6c   0x08007f6c   0x00000074   Code   RO         5902    i.Set_GPIO_Clock    mbed.ar(pinmap.o)
    0x08007fe0   0x08007fe0   0x00000084   Code   RO         4498    i.SystemCoreClockUpdate  system_stm32f4xx.o
    0x08008064   0x08008064   0x00000100   Code   RO         4499    i.SystemInit        system_stm32f4xx.o
    0x08008164   0x08008164   0x00000094   Code   RO         4927    i.TIM_Base_SetConfig  stm32f4xx_hal_tim.o
    0x080081f8   0x080081f8   0x00000218   Code   RO         4617    i.UART_SetConfig    stm32f4xx_hal_uart.o
    0x08008410   0x08008410   0x00000020   Code   RO         7685    i._Z7catgetsPN4__rw8__rw_catEiiPKc  cpp_ws.l(rwcats.o)
    0x08008430   0x08008430   0x00000022   Code   RO         7686    i._Z7catopenPKci    cpp_ws.l(rwcats.o)
    0x08008452   0x08008452   0x00000002   PAD
    0x08008454   0x08008454   0x00000050   Code   RO         1676    i._ZN10BlueNRGGap11getInstanceEv  bluenrgdevice.o
    0x080084a4   0x080084a4   0x0000003e   Code   RO         2711    i._ZN10GattServer11handleEventEN16GattServerEvents11gattEvent_eEt  btle.o
    0x080084e2   0x080084e2   0x00000014   Code   RO         1092    i._ZN10PayloadPtr14getUnitAtIndexEi  bluenrggap.o
    0x080084f6   0x080084f6   0x00000002   PAD
    0x080084f8   0x080084f8   0x0000009c   Code   RO         1086    i._ZN10PayloadPtrC1EPKhh  bluenrggap.o
    0x08008594   0x08008594   0x0000000e   Code   RO           82    i._ZN11GattServiceD1Ev  main.o
    0x080085a2   0x080085a2   0x00000006   Code   RO         1098    i._ZN11PayloadUnit10getDataPtrEv  bluenrggap.o
    0x080085a8   0x080085a8   0x00000006   Code   RO         1104    i._ZN11PayloadUnit9getLenPtrEv  bluenrggap.o
    0x080085ae   0x080085ae   0x0000000a   Code   RO         1110    i._ZN11PayloadUnitC1Ev  bluenrggap.o
    0x080085b8   0x080085b8   0x00000004   Code   RO         2366    i._ZN13GattAttribute9setHandleEt  bluenrggattserver.o
    0x080085bc   0x080085bc   0x00000040   Code   RO         2336    i._ZN17BlueNRGGattServer11getInstanceEv  bluenrggattserver.o
    0x080085fc   0x080085fc   0x00000070   Code   RO         1805    i._ZN17BlueNRGGattServerC1Ev  bluenrgdevice.o
    0x0800866c   0x0800866c   0x00000064   Code   RO         1802    i._ZN17BlueNRGGattServerD1Ev  bluenrgdevice.o
    0x080086d0   0x080086d0   0x00000054   Code   RO           49    i._ZN18GattCharacteristicC1ERK4UUIDPhtthPP13GattAttributej  main.o
    0x08008724   0x08008724   0x00000288   Code   RO           55    i._ZN24DeviceInformationServiceC1ER9BLEDevicePKcS3_S3_S3_S3_S3_  main.o
    0x080089ac   0x080089ac   0x000000a8   Code   RO           91    i._ZN27EnvironmentalSensingServiceC1ER9BLEDevicets  main.o
    0x08008a54   0x08008a54   0x000000a8   Code   RO           85    i._ZN28EnvironmentalSensingService2C1ER9BLEDevicetj  main.o
    0x08008afc   0x08008afc   0x00000058   Code   RO         6804    i._ZN37_INTERNAL_15_rwstdexcept_cpp_8697b68a4__rw13__rw_vfmatstrEPcjPKcSt9__va_list  cpp_ws.l(rwstdexcept.o)
    0x08008b54   0x08008b54   0x0000014c   Code   RO         6805    i._ZN37_INTERNAL_15_rwstdexcept_cpp_8697b68a4__rw13__rw_vfmatstrEPcjiSt9__va_list  cpp_ws.l(rwstdexcept.o)
    0x08008ca0   0x08008ca0   0x0000005c   Code   RO         6807    i._ZN4__rw10__rw_throwEiz  cpp_ws.l(rwstdexcept.o)
    0x08008cfc   0x08008cfc   0x00000020   Code   RO         6108    i._ZN4__rw13__rw_allocateEji  cpp_ws.l(rwalloc.o)
    0x08008d1c   0x08008d1c   0x00000004   Code   RO         6109    i._ZN4__rw15__rw_deallocateEPvji  cpp_ws.l(rwalloc.o)
    0x08008d20   0x08008d20   0x00000002   Code   RO         7328    i._ZN4__rw15__rw_facet_base12_C_initfacetERKSt6locale  cpp_ws.l(char.o)
    0x08008d22   0x08008d22   0x00000002   PAD
    0x08008d24   0x08008d24   0x000000ec   Code   RO         7484    i._ZN4__rw15__rw_locale_impC1EPKcjj  cpp_ws.l(locale.o)
    0x08008e10   0x08008e10   0x0000001a   Code   RO         7522    i._ZN4__rw15__rw_locale_impD1Ev  cpp_ws.l(locale.o)
    0x08008e2a   0x08008e2a   0x0000003a   Code   RO         7382    i._ZN4__rw21__rw_use_c_lib_localeC1EPKci  cpp_ws.l(locale.o)
    0x08008e64   0x08008e64   0x00000018   Code   RO         7298    i._ZN4__rw21__rw_use_c_lib_localeD1Ev  cpp_ws.l(char.o)
    0x08008e7c   0x08008e7c   0x00000098   Code   RO         7709    i._ZN4__rw25__rw_throw_exception_noexEiPc  cpp_ws.l(rwthrowproc_impl_noex.o)
    0x08008f14   0x08008f14   0x00000030   Code   RO         7689    i._ZN4__rw9__catfindEPNS_8__rw_catE  cpp_ws.l(rwcats.o)
    0x08008f44   0x08008f44   0x00000030   Code   RO         5138    i._ZN4mbed10FileHandleD2Ev  retarget.o
    0x08008f74   0x08008f74   0x0000000e   Code   RO         6049    i._ZN4mbed10SerialBase10_base_putcEi  mbed.ar(SerialBase.o)
    0x08008f82   0x08008f82   0x0000000e   Code   RO         6051    i._ZN4mbed10SerialBase12_irq_handlerEj9SerialIrq  mbed.ar(SerialBase.o)
    0x08008f90   0x08008f90   0x00000054   Code   RO         6057    i._ZN4mbed10SerialBaseC1E7PinNameS1_  mbed.ar(SerialBase.o)
    0x08008fe4   0x08008fe4   0x00000006   Code   RO         5825    i._ZN4mbed10TimerEvent3irqEj  mbed.ar(TimerEvent.o)
    0x08008fea   0x08008fea   0x0000000c   Code   RO         5826    i._ZN4mbed10TimerEvent6insertEy  mbed.ar(TimerEvent.o)
    0x08008ff6   0x08008ff6   0x00000006   Code   RO         5827    i._ZN4mbed10TimerEvent6removeEv  mbed.ar(TimerEvent.o)
    0x08008ffc   0x08008ffc   0x00000024   Code   RO         5828    i._ZN4mbed10TimerEventC2Ev  mbed.ar(TimerEvent.o)
    0x08009020   0x08009020   0x00000018   Code   RO         5830    i._ZN4mbed10TimerEventD2Ev  mbed.ar(TimerEvent.o)
    0x08009038   0x08009038   0x00000018   Code   RO         5564    i._ZN4mbed15FunctionPointer4callEv  mbed.ar(FunctionPointer.o)
    0x08009050   0x08009050   0x00000008   Code   RO         5565    i._ZN4mbed15FunctionPointer6attachEPFvvE  mbed.ar(FunctionPointer.o)
    0x08009058   0x08009058   0x0000000a   Code   RO         5566    i._ZN4mbed15FunctionPointerC1EPFvvE  mbed.ar(FunctionPointer.o)
    0x08009062   0x08009062   0x00000002   PAD
    0x08009064   0x08009064   0x00000048   Code   RO         5576    i._ZN4mbed3I2C4readEiPcib  mbed.ar(I2C.o)
    0x080090ac   0x080090ac   0x00000048   Code   RO         5580    i._ZN4mbed3I2C5writeEiPKcib  mbed.ar(I2C.o)
    0x080090f4   0x080090f4   0x00000024   Code   RO         5583    i._ZN4mbed3I2CC1E7PinNameS1_  mbed.ar(I2C.o)
    0x08009118   0x08009118   0x00000024   Code   RO         5714    i._ZN4mbed6SerialC1E7PinNameS1_PKc  mbed.ar(Serial.o)
    0x0800913c   0x0800913c   0x0000000c   Code   RO         5731    i._ZN4mbed6SerialD1Ev  mbed.ar(Serial.o)
    0x08009148   0x08009148   0x00000004   Code   RO         5761    i._ZN4mbed6Stream5closeEv  mbed.ar(Stream.o)
    0x0800914c   0x0800914c   0x00000004   Code   RO         5763    i._ZN4mbed6Stream5lseekEli  mbed.ar(Stream.o)
    0x08009150   0x08009150   0x0000002a   Code   RO         5765    i._ZN4mbed6Stream5writeEPKvj  mbed.ar(Stream.o)
    0x0800917a   0x0800917a   0x0000001e   Code   RO         5767    i._ZN4mbed6Stream6printfEPKcz  mbed.ar(Stream.o)
    0x08009198   0x08009198   0x00000044   Code   RO         5768    i._ZN4mbed6StreamC2EPKc  mbed.ar(Stream.o)
    0x080091dc   0x080091dc   0x00000020   Code   RO         5770    i._ZN4mbed6StreamD2Ev  mbed.ar(Stream.o)
    0x080091fc   0x080091fc   0x00000028   Code   RO         5690    i._ZN4mbed6Ticker5setupEy  mbed.ar(Ticker.o)
    0x08009224   0x08009224   0x00000048   Code   RO           61    i._ZN4mbed6Ticker6attachEPFvvEf  main.o
    0x0800926c   0x0800926c   0x00000022   Code   RO         5692    i._ZN4mbed6Ticker7handlerEv  mbed.ar(Ticker.o)
    0x0800928e   0x0800928e   0x00000002   PAD
    0x08009290   0x08009290   0x00000028   Code   RO           67    i._ZN4mbed6TickerC1Ev  main.o
    0x080092b8   0x080092b8   0x00000028   Code   RO         5702    i._ZN4mbed6TickerD1Ev  mbed.ar(Ticker.o)
    0x080092e0   0x080092e0   0x00000004   Code   RO         6017    i._ZN4mbed8FileBase11getPathTypeEv  mbed.ar(FileBase.o)
    0x080092e4   0x080092e4   0x00000038   Code   RO         6019    i._ZN4mbed8FileBase6lookupEPKcj  mbed.ar(FileBase.o)
    0x0800931c   0x0800931c   0x00000024   Code   RO         6021    i._ZN4mbed8FileBaseC1EPKcNS_8PathTypeE  mbed.ar(FileBase.o)
    0x08009340   0x08009340   0x00000038   Code   RO         6023    i._ZN4mbed8FileBaseD1Ev  mbed.ar(FileBase.o)
    0x08009378   0x08009378   0x00000024   Code   RO         5994    i._ZN4mbed8FileLikeC2EPKc  mbed.ar(FileLike.o)
    0x0800939c   0x0800939c   0x00000012   Code   RO         5996    i._ZN4mbed8FileLikeD2Ev  mbed.ar(FileLike.o)
    0x080093ae   0x080093ae   0x00000018   Code   RO         5607    i._ZN4mbed8FilePath10fileSystemEv  mbed.ar(FilePath.o)
    0x080093c6   0x080093c6   0x0000001c   Code   RO         5609    i._ZN4mbed8FilePath4fileEv  mbed.ar(FilePath.o)
    0x080093e2   0x080093e2   0x0000000a   Code   RO         5610    i._ZN4mbed8FilePath6existsEv  mbed.ar(FilePath.o)
    0x080093ec   0x080093ec   0x00000018   Code   RO         5611    i._ZN4mbed8FilePath6isFileEv  mbed.ar(FilePath.o)
    0x08009404   0x08009404   0x00000004   Code   RO         5612    i._ZN4mbed8FilePath8fileNameEv  mbed.ar(FilePath.o)
    0x08009408   0x08009408   0x00000040   Code   RO         5613    i._ZN4mbed8FilePathC1EPKc  mbed.ar(FilePath.o)
    0x08009448   0x08009448   0x0000005c   Code   RO         3444    i._ZN6DevI2C8i2c_readEPhhht  lsm6ds0.o
    0x080094a4   0x080094a4   0x0000005c   Code   RO         3438    i._ZN6DevI2C9i2c_writeEPhhht  lsm6ds0.o
    0x08009500   0x08009500   0x0000001c   Code   RO           42    i._ZN9BLEDevice10addServiceER11GattService  main.o
    0x0800951c   0x0800951c   0x00000050   Code   RO           28    i._ZN9BLEDevice16startAdvertisingEv  main.o
    0x0800956c   0x0800956c   0x00000032   Code   RO           35    i._ZN9BLEDevice25updateCharacteristicValueEtPKhtb  main.o
    0x0800959e   0x0800959e   0x00000024   Code   RO           76    i._ZN9BLEDevice28accumulateAdvertisingPayloadEN18GapAdvertisingData8DataTypeEPKhh  main.o
    0x080095c2   0x080095c2   0x00000026   Code   RO           97    i._ZN9BLEDeviceD1Ev  main.o
    0x080095e8   0x080095e8   0x00000006   Code   RO           70    i._ZNK13GattAttribute9getHandleEv  main.o
    0x080095ee   0x080095ee   0x00000008   Code   RO         2372    i._ZNK18GattCharacteristic13getPropertiesEv  bluenrggattserver.o
    0x080095f6   0x080095f6   0x00000006   Code   RO         3181    i._ZNK20GapAdvertisingParams10getTimeoutEv  gapadvertisingparams.o
    0x080095fc   0x080095fc   0x00000006   Code   RO         3175    i._ZNK20GapAdvertisingParams11getIntervalEv  gapadvertisingparams.o
    0x08009602   0x08009602   0x00000006   Code   RO         3169    i._ZNK20GapAdvertisingParams18getAdvertisingTypeEv  gapadvertisingparams.o
    0x08009608   0x08009608   0x00000004   Code   RO         6926    i._ZNKSt14__rw_exception4whatEv  cpp_ws.l(rwstdexcept.o)
    0x0800960c   0x0800960c   0x00000072   Code   RO         7559    i._ZNKSt18__rw_messages_base11_C_cat_openERKSsRKSt6locale  cpp_ws.l(messages.o)
    0x0800967e   0x0800967e   0x00000020   Code   RO         7562    i._ZNKSt18__rw_messages_base13_C_get_localeEi  cpp_ws.l(messages.o)
    0x0800969e   0x0800969e   0x00000034   Code   RO         7563    i._ZNKSt18__rw_messages_base14_C_get_messageEiii  cpp_ws.l(messages.o)
    0x080096d2   0x080096d2   0x0000000e   Code   RO         7268    i._ZNKSt5ctypeIcE2isENSt10ctype_base4maskEc  cpp_ws.l(char.o)
    0x080096e0   0x080096e0   0x00000108   Code   RO         7387    i._ZNKSt6locale13_C_make_facetERKNS_2idEbiPFPN4__rw15__rw_facet_baseEiPKcjE  cpp_ws.l(locale.o)
    0x080097e8   0x080097e8   0x00000074   Code   RO         7389    i._ZNKSt6locale16_C_install_facetEPN4__rw15__rw_facet_baseERKNS_2idE  cpp_ws.l(locale.o)
    0x0800985c   0x0800985c   0x00000030   Code   RO         7390    i._ZNKSt6locale4nameEv  cpp_ws.l(locale.o)
    0x0800988c   0x0800988c   0x0000000c   Code   RO         7243    i._ZNSt11char_traitsIcE4copyEPcPKcj  cpp_ws.l(char.o)
    0x08009898   0x08009898   0x000000cc   Code   RO         7129    i._ZNSt12ctype_bynameIcE17_C_get_mask_tableEPKc  cpp_ws.l(char.o)
    0x08009964   0x08009964   0x00000120   Code   RO         7131    i._ZNSt12ctype_bynameIcEC1EPKcj  cpp_ws.l(char.o)
    0x08009a84   0x08009a84   0x0000000e   Code   RO         7375    i._ZNSt12ctype_bynameIcED0Ev  cpp_ws.l(char.o)
    0x08009a92   0x08009a92   0x00000008   Code   RO         7372    i._ZNSt12ctype_bynameIcED1Ev  cpp_ws.l(char.o)
    0x08009a9a   0x08009a9a   0x00000002   PAD
    0x08009a9c   0x08009a9c   0x00000084   Code   RO         6810    i._ZNSt14__rw_exception10_C_vformatEiSt9__va_list  cpp_ws.l(rwstdexcept.o)
    0x08009b20   0x08009b20   0x00000014   Code   RO         6876    i._ZNSt14__rw_exceptionC1Ev  cpp_ws.l(rwstdexcept.o)
    0x08009b34   0x08009b34   0x0000001c   Code   RO         6920    i._ZNSt14__rw_exceptionD1Ev  cpp_ws.l(rwstdexcept.o)
    0x08009b50   0x08009b50   0x00000008   Code   RO         6873    i._ZNSt18__rw_messages_baseD1Ev  cpp_ws.l(rwstdexcept.o)
    0x08009b58   0x08009b58   0x0000001a   Code   RO         7599    i._ZNSt18__rw_open_cat_dataC1Ev  cpp_ws.l(messages.o)
    0x08009b72   0x08009b72   0x0000000c   Code   RO         7596    i._ZNSt18__rw_open_cat_dataD1Ev  cpp_ws.l(messages.o)
    0x08009b7e   0x08009b7e   0x00000012   Code   RO         7602    i._ZNSt18__rw_open_cat_dataaSERKS_  cpp_ws.l(messages.o)
    0x08009b90   0x08009b90   0x000000fa   Code   RO         7133    i._ZNSt5ctypeIcE12_C_initfacetERKSt6locale  cpp_ws.l(char.o)
    0x08009c8a   0x08009c8a   0x00000002   PAD
    0x08009c8c   0x08009c8c   0x00000118   Code   RO         7135    i._ZNSt5ctypeIcEC1EPKNSt10ctype_base4maskEbj  cpp_ws.l(char.o)
    0x08009da4   0x08009da4   0x0000000e   Code   RO         7271    i._ZNSt5ctypeIcED0Ev  cpp_ws.l(char.o)
    0x08009db2   0x08009db2   0x00000002   PAD
    0x08009db4   0x08009db4   0x0000002c   Code   RO         7200    i._ZNSt5ctypeIcED1Ev  cpp_ws.l(char.o)
    0x08009de0   0x08009de0   0x0000000e   Code   RO         6917    i._ZNSt6locale5facetD0Ev  cpp_ws.l(rwstdexcept.o)
    0x08009dee   0x08009dee   0x00000002   PAD
    0x08009df0   0x08009df0   0x00000084   Code   RO         7393    i._ZNSt6locale7_C_initEv  cpp_ws.l(locale.o)
    0x08009e74   0x08009e74   0x00000044   Code   RO         7395    i._ZNSt6locale7classicEv  cpp_ws.l(locale.o)
    0x08009eb8   0x08009eb8   0x00000020   Code   RO         7525    i._ZNSt6localeC1EPN4__rw15__rw_locale_impE  cpp_ws.l(locale.o)
    0x08009ed8   0x08009ed8   0x0000000c   Code   RO         7605    i._ZNSt6localeC1ERKS_  cpp_ws.l(messages.o)
    0x08009ee4   0x08009ee4   0x00000020   Code   RO         6869    i._ZNSt6localeC1Ev  cpp_ws.l(rwstdexcept.o)
    0x08009f04   0x08009f04   0x00000020   Code   RO         7500    i._ZNSt6localeD1Ev  cpp_ws.l(locale.o)
    0x08009f24   0x08009f24   0x00000032   Code   RO         7403    i._ZNSt6localeaSERKS_  cpp_ws.l(locale.o)
    0x08009f56   0x08009f56   0x0000000e   Code   RO         6891    i._ZNSt8messagesIcED0Ev  cpp_ws.l(rwstdexcept.o)
    0x08009f64   0x08009f64   0x00000010   Code   RO         6860    i._ZNSt8messagesIcED1Ev  cpp_ws.l(rwstdexcept.o)
    0x08009f74   0x08009f74   0x0000000c   Code   RO         7623    i._ZNSt9exceptionC1Ev  cpprt_w.l(exception_ctor.o)
    0x08009f80   0x08009f80   0x0000003c   Code   RO         7580    i._ZSt13__rw_get_catsv  cpp_ws.l(messages.o)
    0x08009fbc   0x08009fbc   0x00000006   Code   RO         5716    i._ZThn92_N4mbed6Serial5_putcEi  mbed.ar(Serial.o)
    0x08009fc2   0x08009fc2   0x00000008   Code   RO         7611    i._ZdaPv            cpprt_w.l(array_del.o)
    0x08009fca   0x08009fca   0x00000008   Code   RO         6266    i._ZdlPv            cpprt_w.l(delete.o)
    0x08009fd2   0x08009fd2   0x00000008   Code   RO         6262    i._Znaj             cpprt_w.l(array_new.o)
    0x08009fda   0x08009fda   0x00000002   PAD
    0x08009fdc   0x08009fdc   0x00000028   Code   RO         6269    i._Znwj             cpprt_w.l(new.o)
    0x0800a004   0x0800a004   0x0000001c   Code   RO         6742    i.__0fprintf        mc_w.l(printfa.o)
    0x0800a020   0x0800a020   0x00000020   Code   RO         6743    i.__0printf         mc_w.l(printfa.o)
    0x0800a040   0x0800a040   0x00000028   Code   RO         6745    i.__0sprintf        mc_w.l(printfa.o)
    0x0800a068   0x0800a068   0x00000018   Code   RO         6746    i.__0vfprintf       mc_w.l(printfa.o)
    0x0800a080   0x0800a080   0x0000002c   Code   RO         6748    i.__0vsnprintf      mc_w.l(printfa.o)
    0x0800a0ac   0x0800a0ac   0x00000092   Code   RO         7614    i.__ARM_array_new_general  cpprt_w.l(array_new_general.o)
    0x0800a13e   0x0800a13e   0x00000030   Code   RO         6999    i.__ARM_fpclassify  m_wm.l(fpclassify.o)
    0x0800a16e   0x0800a16e   0x00000024   Code   RO         6385    i.__aeabi_vec_ctor_nocookie_nodtor  cpprt_w.l(aeabi_vec_ctor_nocookie_nodtor.o)
    0x0800a192   0x0800a192   0x00000010   Code   RO         7792    i.__aeabi_vec_dtor_cookie  cpprt_w.l(aeabi_vec_dtor_cookie.o)
    0x0800a1a2   0x0800a1a2   0x00000014   Code   RO         7789    i.__aeabi_vec_new_cookie  cpprt_w.l(aeabi_vec_new_cookie.o)
    0x0800a1b6   0x0800a1b6   0x00000016   Code   RO         6388    i.__aeabi_vec_new_nocookie  cpprt_w.l(aeabi_vec_new_nocookie.o)
    0x0800a1cc   0x0800a1cc   0x00000010   Code   RO         6276    i.__cxa_guard_acquire  cpprt_w.l(cxa_guard_acquire.o)
    0x0800a1dc   0x0800a1dc   0x00000006   Code   RO         6273    i.__cxa_pure_virtual  cpprt_w.l(pure_virt.o)
    0x0800a1e2   0x0800a1e2   0x00000002   PAD
    0x0800a1e4   0x0800a1e4   0x00000018   Code   RO         6951    i.__cxa_vec_new     cpprt_w.l(cxa_vec_new.o)
    0x0800a1fc   0x0800a1fc   0x00000004   PAD
    0x0800a200   0x0800a200   0x00000c50   Code   RO         6391    i.__hardfp_pow      m_wm.l(pow.o)
    0x0800ae50   0x0800ae50   0x000000f8   Code   RO         7001    i.__kernel_poly     m_wm.l(poly.o)
    0x0800af48   0x0800af48   0x00000030   Code   RO         6979    i.__mathlib_dbl_divzero  m_wm.l(dunder.o)
    0x0800af78   0x0800af78   0x00000014   Code   RO         6981    i.__mathlib_dbl_infnan2  m_wm.l(dunder.o)
    0x0800af8c   0x0800af8c   0x00000004   PAD
    0x0800af90   0x0800af90   0x00000020   Code   RO         6982    i.__mathlib_dbl_invalid  m_wm.l(dunder.o)
    0x0800afb0   0x0800afb0   0x00000020   Code   RO         6983    i.__mathlib_dbl_overflow  m_wm.l(dunder.o)
    0x0800afd0   0x0800afd0   0x00000020   Code   RO         6985    i.__mathlib_dbl_underflow  m_wm.l(dunder.o)
    0x0800aff0   0x0800aff0   0x0000000e   Code   RO         7867    i.__scatterload_copy  mc_w.l(handlers.o)
    0x0800affe   0x0800affe   0x00000002   Code   RO         7868    i.__scatterload_null  mc_w.l(handlers.o)
    0x0800b000   0x0800b000   0x0000000e   Code   RO         7869    i.__scatterload_zeroinit  mc_w.l(handlers.o)
    0x0800b00e   0x0800b00e   0x00000002   PAD
    0x0800b010   0x0800b010   0x0000000c   Code   RO         7079    i.__set_errno       mc_w.l(errno.o)
    0x0800b01c   0x0800b01c   0x00000010   Code   RO         7404    i.__sti___10_locale_cpp_ff99fc7b  cpp_ws.l(locale.o)
    0x0800b02c   0x0800b02c   0x00000038   Code   RO         7690    i.__sti___10_rwcats_cpp_64e8068e  cpp_ws.l(rwcats.o)
    0x0800b064   0x0800b064   0x00000010   Code   RO         7137    i.__sti___8_char_cpp_a3dc957a  cpp_ws.l(char.o)
    0x0800b074   0x0800b074   0x0000001e   Code   RO         6447    i._fclose$full      mc_w.l(fclose_f.o)
    0x0800b092   0x0800b092   0x00000018   Code   RO         6449    i._fflush$full      mc_w.l(fflush_f.o)
    0x0800b0aa   0x0800b0aa   0x00000034   Code   RO         6443    i._fopen$full       mc_w.l(fopen_f.o)
    0x0800b0de   0x0800b0de   0x00000002   PAD
    0x0800b0e0   0x0800b0e0   0x00000184   Code   RO         6750    i._fp_digits        mc_w.l(printfa.o)
    0x0800b264   0x0800b264   0x0000005e   Code   RO         6444    i._freopen$full     mc_w.l(fopen_f.o)
    0x0800b2c2   0x0800b2c2   0x0000000e   Code   RO         7092    i._is_digit         mc_w.l(scanf_fp.o)
    0x0800b2d0   0x0800b2d0   0x000006dc   Code   RO         6751    i._printf_core      mc_w.l(printfa.o)
    0x0800b9ac   0x0800b9ac   0x00000024   Code   RO         6752    i._printf_post_padding  mc_w.l(printfa.o)
    0x0800b9d0   0x0800b9d0   0x0000002e   Code   RO         6753    i._printf_pre_padding  mc_w.l(printfa.o)
    0x0800b9fe   0x0800b9fe   0x00000016   Code   RO         6754    i._snputc           mc_w.l(printfa.o)
    0x0800ba14   0x0800ba14   0x0000000a   Code   RO         6755    i._sputc            mc_w.l(printfa.o)
    0x0800ba1e   0x0800ba1e   0x00000002   PAD
    0x0800ba20   0x0800ba20   0x0000002c   Code   RO         5139    i._sys_close        retarget.o
    0x0800ba4c   0x0800ba4c   0x000000e4   Code   RO         5144    i._sys_open         retarget.o
    0x0800bb30   0x0800bb30   0x00000028   Code   RO         5146    i._sys_seek         retarget.o
    0x0800bb58   0x0800bb58   0x00000060   Code   RO         5147    i._sys_write        retarget.o
    0x0800bbb8   0x0800bbb8   0x00000010   Code   RO         5879    i.clock             mbed.ar(rtc_time.o)
    0x0800bbc8   0x0800bbc8   0x00000018   Code   RO         5852    i.error             mbed.ar(error.o)
    0x0800bbe0   0x0800bbe0   0x00000020   Code   RO         6092    i.exit              mbed.ar(exit.o)
    0x0800bc00   0x0800bc00   0x00000018   Code   RO         6995    i.fabs              m_wm.l(fabs.o)
    0x0800bc18   0x0800bc18   0x00000050   Code   RO         7049    i.free              mc_w.l(malloc.o)
    0x0800bc68   0x0800bc68   0x00000050   Code   RO         5454    i.gpio_dir          mbed.ar(gpio_api.o)
    0x0800bcb8   0x0800bcb8   0x0000003c   Code   RO         5455    i.gpio_init         mbed.ar(gpio_api.o)
    0x0800bcf4   0x0800bcf4   0x00000026   Code   RO         5858    i.gpio_init_in      mbed.ar(gpio.o)
    0x0800bd1a   0x0800bd1a   0x00000002   PAD
    0x0800bd1c   0x0800bd1c   0x00000044   Code   RO         5861    i.gpio_init_out     mbed.ar(gpio.o)
    0x0800bd60   0x0800bd60   0x00000008   Code   RO         5467    i.gpio_irq0         mbed.ar(gpio_irq_api.o)
    0x0800bd68   0x0800bd68   0x00000008   Code   RO         5468    i.gpio_irq1         mbed.ar(gpio_irq_api.o)
    0x0800bd70   0x0800bd70   0x00000008   Code   RO         5469    i.gpio_irq2         mbed.ar(gpio_irq_api.o)
    0x0800bd78   0x0800bd78   0x00000008   Code   RO         5470    i.gpio_irq3         mbed.ar(gpio_irq_api.o)
    0x0800bd80   0x0800bd80   0x00000008   Code   RO         5471    i.gpio_irq4         mbed.ar(gpio_irq_api.o)
    0x0800bd88   0x0800bd88   0x00000008   Code   RO         5472    i.gpio_irq5         mbed.ar(gpio_irq_api.o)
    0x0800bd90   0x0800bd90   0x00000008   Code   RO         5473    i.gpio_irq6         mbed.ar(gpio_irq_api.o)
    0x0800bd98   0x0800bd98   0x00000022   Code   RO         5474    i.gpio_irq_disable  mbed.ar(gpio_irq_api.o)
    0x0800bdba   0x0800bdba   0x0000001e   Code   RO         5475    i.gpio_irq_enable   mbed.ar(gpio_irq_api.o)
    0x0800bdd8   0x0800bdd8   0x0000014c   Code   RO         5477    i.gpio_irq_init     mbed.ar(gpio_irq_api.o)
    0x0800bf24   0x0800bf24   0x00000072   Code   RO         5478    i.gpio_irq_set      mbed.ar(gpio_irq_api.o)
    0x0800bf96   0x0800bf96   0x00000008   Code   RO         5456    i.gpio_mode         mbed.ar(gpio_api.o)
    0x0800bf9e   0x0800bf9e   0x00000002   PAD
    0x0800bfa0   0x0800bfa0   0x00000080   Code   RO         5479    i.handle_interrupt_in  mbed.ar(gpio_irq_api.o)
    0x0800c020   0x0800c020   0x00000070   Code   RO         5929    i.i2c_frequency     mbed.ar(i2c_api.o)
    0x0800c090   0x0800c090   0x000001dc   Code   RO         5930    i.i2c_init          mbed.ar(i2c_api.o)
    0x0800c26c   0x0800c26c   0x0000012c   Code   RO         5931    i.i2c_read          mbed.ar(i2c_api.o)
    0x0800c398   0x0800c398   0x00000110   Code   RO         5940    i.i2c_write         mbed.ar(i2c_api.o)
    0x0800c4a8   0x0800c4a8   0x0000004c   Code   RO         5499    i.init_spi          mbed.ar(spi_api.o)
    0x0800c4f4   0x0800c4f4   0x0000006c   Code   RO         7050    i.malloc            mc_w.l(malloc.o)
    0x0800c560   0x0800c560   0x00000050   Code   RO         5819    i.mbed_assert_internal  mbed.ar(assert.o)
    0x0800c5b0   0x0800c5b0   0x00000010   Code   RO         4259    i.mbed_die          board.o
    0x0800c5c0   0x0800c5c0   0x00000002   Code   RO         5149    i.mbed_main         retarget.o
    0x0800c5c2   0x0800c5c2   0x0000000e   Code   RO         5250    i.mbed_sdk_init     mbed_overrides.o
    0x0800c5d0   0x0800c5d0   0x0000006c   Code   RO         5903    i.pin_function      mbed.ar(pinmap.o)
    0x0800c63c   0x0800c63c   0x00000058   Code   RO         5904    i.pin_mode          mbed.ar(pinmap.o)
    0x0800c694   0x0800c694   0x00000038   Code   RO         6099    i.pinmap_merge      mbed.ar(pinmap_common.o)
    0x0800c6cc   0x0800c6cc   0x0000005c   Code   RO         6100    i.pinmap_peripheral  mbed.ar(pinmap_common.o)
    0x0800c728   0x0800c728   0x00000058   Code   RO         6101    i.pinmap_pinout     mbed.ar(pinmap_common.o)
    0x0800c780   0x0800c780   0x00000168   Code   RO         5532    i.serial_init       mbed.ar(serial_api.o)
    0x0800c8e8   0x0800c8e8   0x00000018   Code   RO         5533    i.serial_irq_handler  mbed.ar(serial_api.o)
    0x0800c900   0x0800c900   0x00000024   Code   RO         5536    i.serial_putc       mbed.ar(serial_api.o)
    0x0800c924   0x0800c924   0x0000012c   Code   RO         5504    i.spi_init          mbed.ar(spi_api.o)
    0x0800ca50   0x0800ca50   0x00000030   Code   RO         5505    i.spi_master_write  mbed.ar(spi_api.o)
    0x0800ca80   0x0800ca80   0x0000006e   Code   RO         7006    i.sqrt              m_wm.l(sqrt.o)
    0x0800caee   0x0800caee   0x00000002   PAD
    0x0800caf0   0x0800caf0   0x00000054   Code   RO         3922    i.timer_irq_handler  hal_tick.o
    0x0800cb44   0x0800cb44   0x00000010   Code   RO         5978    i.us_ticker_clear_interrupt  mbed.ar(us_ticker.o)
    0x0800cb54   0x0800cb54   0x00000014   Code   RO         5979    i.us_ticker_disable_interrupt  mbed.ar(us_ticker.o)
    0x0800cb68   0x0800cb68   0x00000028   Code   RO         5980    i.us_ticker_init    mbed.ar(us_ticker.o)
    0x0800cb90   0x0800cb90   0x0000004c   Code   RO         5889    i.us_ticker_insert_event  mbed.ar(us_ticker_api.o)
    0x0800cbdc   0x0800cbdc   0x00000044   Code   RO         5890    i.us_ticker_irq_handler  mbed.ar(us_ticker_api.o)
    0x0800cc20   0x0800cc20   0x00000030   Code   RO         5981    i.us_ticker_read    mbed.ar(us_ticker.o)
    0x0800cc50   0x0800cc50   0x0000003c   Code   RO         5891    i.us_ticker_remove_event  mbed.ar(us_ticker_api.o)
    0x0800cc8c   0x0800cc8c   0x00000014   Code   RO         5892    i.us_ticker_set_handler  mbed.ar(us_ticker_api.o)
    0x0800cca0   0x0800cca0   0x00000014   Code   RO         5982    i.us_ticker_set_interrupt  mbed.ar(us_ticker.o)
    0x0800ccb4   0x0800ccb4   0x00000028   Code   RO         5871    i.wait              mbed.ar(wait_api.o)
    0x0800ccdc   0x0800ccdc   0x0000001c   Code   RO         5872    i.wait_ms           mbed.ar(wait_api.o)
    0x0800ccf8   0x0800ccf8   0x00000018   Code   RO         5873    i.wait_us           mbed.ar(wait_api.o)
    0x0800cd10   0x0800cd10   0x00000014   Code   RO         7252    t._ZN4__rw12__string_refIcSt11char_traitsIcESaIcEE10_C_inc_refEv  cpp_ws.l(char.o)
    0x0800cd24   0x0800cd24   0x00000006   Code   RO         1772    t._ZN4__rw14__rw_tree_iterISt4pairIKttEiPS3_RS3_NS_17__rw_rb_tree_nodeISaIS3_ES3_tNS_11__select1stIS3_tEEEEEC1ERKSB_  bluenrgdevice.o
    0x0800cd2a   0x0800cd2a   0x00000084   Code   RO         2348    t._ZN4__rw14__rw_tree_iterISt4pairIKttEiPS3_RS3_NS_17__rw_rb_tree_nodeISaIS3_ES3_tNS_11__select1stIS3_tEEEEEmmEv  bluenrggattserver.o
    0x0800cdae   0x0800cdae   0x00000068   Code   RO         1694    t._ZN4__rw14__rw_tree_iterISt4pairIKttEiPS3_RS3_NS_17__rw_rb_tree_nodeISaIS3_ES3_tNS_11__select1stIS3_tEEEEEppEv  bluenrgdevice.o
    0x0800ce16   0x0800ce16   0x00000046   Code   RO         6882    t._ZN4__rw16__rw_facet_makerISt5ctypeIcEE13_C_maker_funcEiPKcj  cpp_ws.l(rwstdexcept.o)
    0x0800ce5c   0x0800ce5c   0x0000001e   Code   RO         1730    t._ZN4__rw17__rw_new_capacityINS_9__rb_treeItSt4pairIKttENS_11__select1stIS4_tEESt4lessItESaIS4_EEEEEjjPKT_  bluenrgdevice.o
    0x0800ce7a   0x0800ce7a   0x0000000a   Code   RO         2384    t._ZN4__rw17__rw_rb_tree_nodeISaISt4pairIKttEES3_tNS_11__select1stIS3_tEEE6_C_keyEv  bluenrggattserver.o
    0x0800ce84   0x0800ce84   0x00000008   Code   RO         1742    t._ZN4__rw17__rw_rb_tree_nodeISaISt4pairIKttEES3_tNS_11__select1stIS3_tEEE7_C_leftEv  bluenrgdevice.o
    0x0800ce8c   0x0800ce8c   0x00000008   Code   RO         1760    t._ZN4__rw17__rw_rb_tree_nodeISaISt4pairIKttEES3_tNS_11__select1stIS3_tEEE8_C_rightEv  bluenrgdevice.o
    0x0800ce94   0x0800ce94   0x00000006   Code   RO         1766    t._ZN4__rw17__rw_rb_tree_nodeISaISt4pairIKttEES3_tNS_11__select1stIS3_tEEE9_C_parentEv  bluenrgdevice.o
    0x0800ce9a   0x0800ce9a   0x00000056   Code   RO         7503    t._ZN4__rw18__rw_locale_vectorIPNS_15__rw_facet_baseEE6resizeEjRKS2_  cpp_ws.l(locale.o)
    0x0800cef0   0x0800cef0   0x0000000e   Code   RO         7515    t._ZN4__rw18__rw_locale_vectorIPNS_15__rw_facet_baseEED1Ev  cpp_ws.l(locale.o)
    0x0800cefe   0x0800cefe   0x0000000e   Code   RO         7706    t._ZN4__rw18__rw_locale_vectorIPNS_8__rw_catEED1Ev  cpp_ws.l(rwcats.o)
    0x0800cf0c   0x0800cf0c   0x00000014   Code   RO         7518    t._ZN4__rw18__rw_locale_vectorISsED1Ev  cpp_ws.l(locale.o)
    0x0800cf20   0x0800cf20   0x00000088   Code   RO         7586    t._ZN4__rw18__rw_locale_vectorISt18__rw_open_cat_dataE6resizeEj  cpp_ws.l(messages.o)
    0x0800cfa8   0x0800cfa8   0x00000014   Code   RO         7592    t._ZN4__rw18__rw_locale_vectorISt18__rw_open_cat_dataED1Ev  cpp_ws.l(messages.o)
    0x0800cfbc   0x0800cfbc   0x00000044   Code   RO         1823    t._ZN4__rw9__rb_treeItSt4pairIKttENS_11__select1stIS3_tEESt4lessItESaIS3_EE11_C_get_linkEv  bluenrgdevice.o
    0x0800d000   0x0800d000   0x00000020   Code   RO         1688    t._ZN4__rw9__rb_treeItSt4pairIKttENS_11__select1stIS3_tEESt4lessItESaIS3_EE11_C_put_nodeEPNS_17__rw_rb_tree_nodeIS8_S3_tS5_EEb  bluenrgdevice.o
    0x0800d020   0x0800d020   0x0000000a   Code   RO         1811    t._ZN4__rw9__rb_treeItSt4pairIKttENS_11__select1stIS3_tEESt4lessItESaIS3_EE12_C_make_iterEPNS_17__rw_rb_tree_nodeIS8_S3_tS5_EE  bluenrgdevice.o
    0x0800d02a   0x0800d02a   0x0000007c   Code   RO         1790    t._ZN4__rw9__rb_treeItSt4pairIKttENS_11__select1stIS3_tEESt4lessItESaIS3_EE13_C_erase_leafEPNS_17__rw_rb_tree_nodeIS8_S3_tS5_EE  bluenrgdevice.o
    0x0800d0a6   0x0800d0a6   0x000000aa   Code   RO         1706    t._ZN4__rw9__rb_treeItSt4pairIKttENS_11__select1stIS3_tEESt4lessItESaIS3_EE13__rotate_leftEPNS_17__rw_rb_tree_nodeIS8_S3_tS5_EE  bluenrgdevice.o
    0x0800d150   0x0800d150   0x000000aa   Code   RO         1700    t._ZN4__rw9__rb_treeItSt4pairIKttENS_11__select1stIS3_tEESt4lessItESaIS3_EE14__rotate_rightEPNS_17__rw_rb_tree_nodeIS8_S3_tS5_EE  bluenrgdevice.o
    0x0800d1fa   0x0800d1fa   0x0000006c   Code   RO         1829    t._ZN4__rw9__rb_treeItSt4pairIKttENS_11__select1stIS3_tEESt4lessItESaIS3_EE17_C_add_new_bufferEv  bluenrgdevice.o
    0x0800d266   0x0800d266   0x00000046   Code   RO         1682    t._ZN4__rw9__rb_treeItSt4pairIKttENS_11__select1stIS3_tEESt4lessItESaIS3_EE21_C_deallocate_buffersEv  bluenrgdevice.o
    0x0800d2ac   0x0800d2ac   0x00000012   Code   RO         1736    t._ZN4__rw9__rb_treeItSt4pairIKttENS_11__select1stIS3_tEESt4lessItESaIS3_EE3endEv  bluenrgdevice.o
    0x0800d2be   0x0800d2be   0x00000090   Code   RO         2360    t._ZN4__rw9__rb_treeItSt4pairIKttENS_11__select1stIS3_tEESt4lessItESaIS3_EE4findERS2_  bluenrggattserver.o
    0x0800d34e   0x0800d34e   0x0000001a   Code   RO         1754    t._ZN4__rw9__rb_treeItSt4pairIKttENS_11__select1stIS3_tEESt4lessItESaIS3_EE5beginEv  bluenrgdevice.o
    0x0800d368   0x0800d368   0x00000612   Code   RO         1712    t._ZN4__rw9__rb_treeItSt4pairIKttENS_11__select1stIS3_tEESt4lessItESaIS3_EE5eraseENS_14__rw_tree_iterIS3_iPS3_RS3_NS_17__rw_rb_tree_nodeIS8_S3_tS5_EEEE  bluenrgdevice.o
    0x0800d97a   0x0800d97a   0x000000c8   Code   RO         1724    t._ZN4__rw9__rb_treeItSt4pairIKttENS_11__select1stIS3_tEESt4lessItESaIS3_EE5eraseENS_14__rw_tree_iterIS3_iPS3_RS3_NS_17__rw_rb_tree_nodeIS8_S3_tS5_EEEESF_  bluenrgdevice.o
    0x0800da42   0x0800da42   0x0000011a   Code   RO         2354    t._ZN4__rw9__rb_treeItSt4pairIKttENS_11__select1stIS3_tEESt4lessItESaIS3_EE6insertERKS3_  bluenrggattserver.o
    0x0800db5c   0x0800db5c   0x00000038   Code   RO         1718    t._ZN4__rw9__rb_treeItSt4pairIKttENS_11__select1stIS3_tEESt4lessItESaIS3_EE8_C_eraseEPNS_17__rw_rb_tree_nodeIS8_S3_tS5_EE  bluenrgdevice.o
    0x0800db94   0x0800db94   0x000002f8   Code   RO         2342    t._ZN4__rw9__rb_treeItSt4pairIKttENS_11__select1stIS3_tEESt4lessItESaIS3_EE9_C_insertEPNS_17__rw_rb_tree_nodeIS8_S3_tS5_EESC_RKS3_  bluenrggattserver.o
    0x0800de8c   0x0800de8c   0x0000005c   Code   RO         1817    t._ZN4__rw9__rb_treeItSt4pairIKttENS_11__select1stIS3_tEESt4lessItESaIS3_EEC1ERKS7_bRKS8_  bluenrgdevice.o
    0x0800dee8   0x0800dee8   0x00000012   Code   RO         1796    t._ZN4__rweqISt4pairIKttEiPS3_RS3_S4_S5_NS_17__rw_rb_tree_nodeISaIS3_ES3_tNS_11__select1stIS3_tEEEEEEbRKNS_14__rw_tree_iterIT_T0_T1_T2_T5_EERKNSB_ISC_SD_T3_T4_SG_EE  bluenrgdevice.o
    0x0800defa   0x0800defa   0x00000002   PAD
    0x0800defc   0x0800defc   0x00000030   Code   RO         1670    t._ZN4mbed38CallChainOfFunctionPointersWithContextIPK31GattCharacteristicWriteCBParamsED1Ev  bluenrgdevice.o
    0x0800df2c   0x0800df2c   0x0000000e   Code   RO         2402    t._ZNK4__rw14__rw_tree_iterISt4pairIKttEiPS3_RS3_NS_17__rw_rb_tree_nodeISaIS3_ES3_tNS_11__select1stIS3_tEEEEEptEv  bluenrggattserver.o
    0x0800df3a   0x0800df3a   0x0000000c   Code   RO         1748    t._ZNK4__rw9__rb_treeItSt4pairIKttENS_11__select1stIS3_tEESt4lessItESaIS3_EE11_C_leftmostEv  bluenrgdevice.o
    0x0800df46   0x0800df46   0x0000000c   Code   RO         1784    t._ZNK4__rw9__rb_treeItSt4pairIKttENS_11__select1stIS3_tEESt4lessItESaIS3_EE12_C_rightmostEv  bluenrgdevice.o
    0x0800df52   0x0800df52   0x0000000c   Code   RO         1778    t._ZNK4__rw9__rb_treeItSt4pairIKttENS_11__select1stIS3_tEESt4lessItESaIS3_EE7_C_rootEv  bluenrgdevice.o
    0x0800df5e   0x0800df5e   0x00000014   Code   RO         2390    t._ZNKSt4lessItEclERKtS2_  bluenrggattserver.o
    0x0800df72   0x0800df72   0x00000002   PAD
    0x0800df74   0x0800df74   0x00000090   Code   RO         6854    t._ZNKSt8messagesIcE6do_getEiiiRKSs  cpp_ws.l(rwstdexcept.o)
    0x0800e004   0x0800e004   0x00000006   Code   RO         6879    t._ZNKSt8messagesIcE7do_openERKSsRKSt6locale  cpp_ws.l(rwstdexcept.o)
    0x0800e00a   0x0800e00a   0x00000032   Code   RO         7472    t._ZNSs11_C_allocateEjjj  cpp_ws.l(locale.o)
    0x0800e03c   0x0800e03c   0x00000018   Code   RO         7512    t._ZNSs7replaceEjjPKcj  cpp_ws.l(locale.o)
    0x0800e054   0x0800e054   0x00000168   Code   RO         7190    t._ZNSs7replaceEjjPKcjjj  cpp_ws.l(char.o)
    0x0800e1bc   0x0800e1bc   0x00000074   Code   RO         7178    t._ZNSs9_C_getRepEjj  cpp_ws.l(char.o)
    0x0800e230   0x0800e230   0x00000048   Code   RO         7187    t._ZNSs9_C_unlinkEv  cpp_ws.l(char.o)
    0x0800e278   0x0800e278   0x00000038   Code   RO         7475    t._ZNSsC1EPKcRKSaIcE  cpp_ws.l(locale.o)
    0x0800e2b0   0x0800e2b0   0x00000010   Code   RO         7509    t._ZNSsC1ERKSaIcE   cpp_ws.l(locale.o)
    0x0800e2c0   0x0800e2c0   0x0000003e   Code   RO         7181    t._ZNSsC1ERKSs      cpp_ws.l(char.o)
    0x0800e2fe   0x0800e2fe   0x0000000c   Code   RO         7261    t._ZNSsD1Ev         cpp_ws.l(char.o)
    0x0800e30a   0x0800e30a   0x00000002   PAD
    0x0800e30c   0x0800e30c   0x0000004c   Code   RO         7481    t._ZNSsaSEPKc       cpp_ws.l(locale.o)
    0x0800e358   0x0800e358   0x0000003e   Code   RO         7478    t._ZNSsaSERKSs      cpp_ws.l(locale.o)
    0x0800e396   0x0800e396   0x00000014   Code   RO         2396    t._ZNSt3mapIttSt4lessItESaISt4pairIKttEEE4findERS3_  bluenrggattserver.o
    0x0800e3aa   0x0800e3aa   0x0000001a   Code   RO         2378    t._ZNSt4pairIN4__rw14__rw_tree_iterIS_IKttEiPS3_RS3_NS0_17__rw_rb_tree_nodeISaIS3_ES3_tNS0_11__select1stIS3_tEEEEEEbEC1ERKSB_RKb  bluenrggattserver.o
    0x0800e3c4   0x0800e3c4   0x0000000c   Code   RO         7255    t._ZSt3maxIjERKT_S2_S2_  cpp_ws.l(char.o)
    0x0800e3d0   0x0800e3d0   0x0000000a   Data   RO            6    .constdata          main.o
    0x0800e3da   0x0800e3da   0x00000002   PAD
    0x0800e3dc   0x0800e3dc   0x00000004   Data   RO         1017    .constdata          clock.o
    0x0800e3e0   0x0800e3e0   0x00000010   Data   RO         1062    .constdata          bluenrggap.o
    0x0800e3f0   0x0800e3f0   0x00000010   Data   RO         3685    .constdata          stm32f4xx_hal_rcc.o
    0x0800e400   0x0800e400   0x00000010   Data   RO         4500    .constdata          system_stm32f4xx.o
    0x0800e410   0x0800e410   0x00000074   Data   RO         5458    .constdata          mbed.ar(gpio_api.o)
    0x0800e484   0x0800e484   0x0000005d   Data   RO         5510    .constdata          mbed.ar(spi_api.o)
    0x0800e4e1   0x0800e4e1   0x00000003   PAD
    0x0800e4e4   0x0800e4e4   0x00000060   Data   RO         5543    .constdata          mbed.ar(serial_api.o)
    0x0800e544   0x0800e544   0x00000073   Data   RO         5863    .constdata          mbed.ar(gpio.o)
    0x0800e5b7   0x0800e5b7   0x00000001   PAD
    0x0800e5b8   0x0800e5b8   0x000000b4   Data   RO         5905    .constdata          mbed.ar(pinmap.o)
    0x0800e66c   0x0800e66c   0x00000048   Data   RO         5914    .constdata          mbed.ar(PeripheralPins.o)
    0x0800e6b4   0x0800e6b4   0x0000003c   Data   RO         5915    .constdata          mbed.ar(PeripheralPins.o)
    0x0800e6f0   0x0800e6f0   0x00000048   Data   RO         5917    .constdata          mbed.ar(PeripheralPins.o)
    0x0800e738   0x0800e738   0x00000048   Data   RO         5918    .constdata          mbed.ar(PeripheralPins.o)
    0x0800e780   0x0800e780   0x00000048   Data   RO         5919    .constdata          mbed.ar(PeripheralPins.o)
    0x0800e7c8   0x0800e7c8   0x00000048   Data   RO         5920    .constdata          mbed.ar(PeripheralPins.o)
    0x0800e810   0x0800e810   0x00000048   Data   RO         5921    .constdata          mbed.ar(PeripheralPins.o)
    0x0800e858   0x0800e858   0x0000003c   Data   RO         5922    .constdata          mbed.ar(PeripheralPins.o)
    0x0800e894   0x0800e894   0x0000007c   Data   RO         5942    .constdata          mbed.ar(i2c_api.o)
    0x0800e910   0x0800e910   0x00000088   Data   RO         6394    .constdata          m_wm.l(pow.o)
    0x0800e998   0x0800e998   0x0000005c   Data   RO         6830    .constdata          cpp_ws.l(rwstdexcept.o)
    0x0800e9f4   0x0800e9f4   0x00000004   PAD
    0x0800e9f8   0x0800e9f8   0x00000008   Data   RO         7003    .constdata          m_wm.l(qnan.o)
    0x0800ea00   0x0800ea00   0x00000200   Data   RO         7157    .constdata          cpp_ws.l(char.o)
    0x0800ec00   0x0800ec00   0x00000081   Data   RO         7812    .constdata          mc_w.l(ctype_o.o)
    0x0800ec81   0x0800ec81   0x00000003   PAD
    0x0800ec84   0x0800ec84   0x00000004   Data   RO         7813    .constdata          mc_w.l(ctype_o.o)
    0x0800ec88   0x0800ec88   0x00000038   Data   RO         1082    .constdata__ZTV10BlueNRGGap  bluenrggap.o
    0x0800ecc0   0x0800ecc0   0x00000014   Data   RO         1838    .constdata__ZTV10GattServer  bluenrgdevice.o
    0x0800ecd4   0x0800ecd4   0x0000002c   Data   RO         1669    .constdata__ZTV13BlueNRGDevice  bluenrgdevice.o
    0x0800ed00   0x0800ed00   0x00000014   Data   RO         2335    .constdata__ZTV17BlueNRGGattServer  bluenrggattserver.o
    0x0800ed14   0x0800ed14   0x00000010   Data   RO         3095    .constdata__ZTV18GapAdvertisingData  gapadvertisingdata.o
    0x0800ed24   0x0800ed24   0x0000001c   Data   RO         3168    .constdata__ZTV20GapAdvertisingParams  gapadvertisingparams.o
    0x0800ed40   0x0800ed40   0x00000024   Data   RO         1840    .constdata__ZTV21BLEDeviceInstanceBase  bluenrgdevice.o
    0x0800ed64   0x0800ed64   0x00000038   Data   RO         1836    .constdata__ZTV3Gap  bluenrgdevice.o
    0x0800ed9c   0x0800ed9c   0x00000010   Data   RO         3066    .constdata__ZTV4UUID  uuid.o
    0x0800edac   0x0800edac   0x0000002c   Data   RO         5236    .constdata__ZTVN4mbed10FileHandleE  retarget.o
    0x0800edd8   0x0800edd8   0x00000010   Data   RO         6083    .constdata__ZTVN4mbed10SerialBaseE  mbed.ar(SerialBase.o)
    0x0800ede8   0x0800ede8   0x00000014   Data   RO         5847    .constdata__ZTVN4mbed10TimerEventE  mbed.ar(TimerEvent.o)
    0x0800edfc   0x0800edfc   0x00000010   Data   RO         1842    .constdata__ZTVN4mbed38CallChainOfFunctionPointersWithContextIPK31GattCharacteristicWriteCBParamsEE  bluenrgdevice.o
    0x0800ee0c   0x0800ee0c   0x0000005c   Data   RO         5730    .constdata__ZTVN4mbed6SerialE  mbed.ar(Serial.o)
    0x0800ee68   0x0800ee68   0x00000044   Data   RO         5814    .constdata__ZTVN4mbed6StreamE  mbed.ar(Stream.o)
    0x0800eeac   0x0800eeac   0x00000014   Data   RO         5700    .constdata__ZTVN4mbed6TickerE  mbed.ar(Ticker.o)
    0x0800eec0   0x0800eec0   0x00000010   Data   RO         6042    .constdata__ZTVN4mbed8FileBaseE  mbed.ar(FileBase.o)
    0x0800eed0   0x0800eed0   0x0000003c   Data   RO         6012    .constdata__ZTVN4mbed8FileLikeE  mbed.ar(FileLike.o)
    0x0800ef0c   0x0800ef0c   0x00000014   Data   RO         6905    .constdata__ZTVNSt6locale5facetE  cpp_ws.l(rwstdexcept.o)
    0x0800ef20   0x0800ef20   0x00000034   Data   RO         7339    .constdata__ZTVSt12ctype_bynameIcE  cpp_ws.l(char.o)
    0x0800ef54   0x0800ef54   0x00000014   Data   RO         6907    .constdata__ZTVSt14__rw_exception  cpp_ws.l(rwstdexcept.o)
    0x0800ef68   0x0800ef68   0x00000034   Data   RO         7168    .constdata__ZTVSt5ctypeIcE  cpp_ws.l(char.o)
    0x0800ef9c   0x0800ef9c   0x00000020   Data   RO         6843    .constdata__ZTVSt8messagesIcE  cpp_ws.l(rwstdexcept.o)
    0x0800efbc   0x0800efbc   0x00000014   Data   RO         7633    .constdata__ZTVSt9exception  cpprt_w.l(exception_dtor.o)
    0x0800efd0   0x0800efd0   0x00000008   Data   RO         1083    .constdata__ZZN11PayloadUnit17printDataAsStringEvEs  bluenrggap.o
    0x0800efd8   0x0800efd8   0x00000003   Data   RO         1084    .constdata__ZZN11PayloadUnit17printDataAsStringEvEs_0  bluenrggap.o
    0x0800efdb   0x0800efdb   0x00000002   Data   RO         1085    .constdata__ZZN11PayloadUnit17printDataAsStringEvEs_1  bluenrggap.o
    0x0800efdd   0x0800efdd   0x00000009   Data   RO         3451    .constdata__ZZN6DevI2C8i2c_readEPhhhtE8__func__  lsm6ds0.o
    0x0800efe6   0x0800efe6   0x00000022   Data   RO         3437    .constdata__ZZN6DevI2C8i2c_readEPhhhtEs  lsm6ds0.o
    0x0800f008   0x0800f008   0x0000000a   Data   RO         3450    .constdata__ZZN6DevI2C9i2c_writeEPhhhtE8__func__  lsm6ds0.o
    0x0800f012   0x0800f012   0x00000022   Data   RO         3436    .constdata__ZZN6DevI2C9i2c_writeEPhhhtEs  lsm6ds0.o
    0x0800f034   0x0800f034   0x00000001   Data   RO         7469    .constdata__ZZNK4__rw15__rw_locale_imp16_C_category_nameEiEs  cpp_ws.l(locale.o)
    0x0800f035   0x0800f035   0x00000001   Data   RO         7176    .constdata__ZZNSs7replaceEjjPKcjjjEs  cpp_ws.l(char.o)
    0x0800f036   0x0800f036   0x00000001   Data   RO         7177    .constdata__ZZNSs9_C_getRepEjjEs  cpp_ws.l(char.o)
    0x0800f037   0x0800f037   0x00000002   Data   RO         6844    .constdata__ZZNSt8messagesIcEC1EjEs  cpp_ws.l(rwstdexcept.o)
    0x0800f039   0x0800f039   0x00000003   PAD
    0x0800f03c   0x0800f03c   0x00000048   Data   RO            7    .conststring        main.o
    0x0800f084   0x0800f084   0x00000045   Data   RO         1063    .conststring        bluenrggap.o
    0x0800f0c9   0x0800f0c9   0x00000003   PAD
    0x0800f0cc   0x0800f0cc   0x0000004c   Data   RO         2319    .conststring        bluenrggattserver.o
    0x0800f118   0x0800f118   0x00000272   Data   RO         6831    .conststring        cpp_ws.l(rwstdexcept.o)
    0x0800f38a   0x0800f38a   0x00000002   PAD
    0x0800f38c   0x0800f38c   0x00000020   Data   RO         7866    Region$$Table       anon$$obj.o
    0x0800f3ac   0x0800f3ac   0x00000004   Data   RO            9    .init_array         main.o
    0x0800f3b0   0x0800f3ac   0x00000004   Data   RO         1652    .init_array         bluenrgdevice.o
    0x0800f3b4   0x0800f3ac   0x00000004   Data   RO         2955    .init_array         utils.o
    0x0800f3b8   0x0800f3ac   0x00000000   Data   RO         6778    .init_array         mc_w.l(cpp_init.o)
    0x0800f3b8   0x0800f3ac   0x00000004   Data   RO         7159    .init_array         cpp_ws.l(char.o)
    0x0800f3bc   0x0800f3ac   0x00000004   Data   RO         7452    .init_array         cpp_ws.l(locale.o)
    0x0800f3c0   0x0800f3ac   0x00000004   Data   RO         7700    .init_array         cpp_ws.l(rwcats.o)


    Execution Region RW_IRAM1 (Exec base: 0x20000194, Load base: 0x0800f3c4, Size: 0x000011a4, Max: 0x00017e6c, ABSOLUTE, COMPRESSED[0x00000038])

    Exec Addr    Load Addr    Size         Type   Attr      Idx    E Section Name        Object

    0x20000194   COMPRESSED   0x00000020   Data   RW            8    .data               main.o
    0x200001b4   COMPRESSED   0x0000001e   Data   RW          654    .data               hci.o
    0x200001d2   COMPRESSED   0x00000001   Data   RW          717    .data               bluenrg_shield_bsp.o
    0x200001d3   COMPRESSED   0x00000001   PAD
    0x200001d4   COMPRESSED   0x00000018   Data   RW         1064    .data               bluenrggap.o
    0x200001ec   COMPRESSED   0x00000008   Data   RW         1651    .data               bluenrgdevice.o
    0x200001f4   COMPRESSED   0x00000007   Data   RW         2693    .data               btle.o
    0x200001fb   COMPRESSED   0x00000001   PAD
    0x200001fc   COMPRESSED   0x00000004   Data   RW         3334    .data               x_cube_mems.o
    0x20000200   COMPRESSED   0x00000018   Data   RW         3477    .data               hts221.o
    0x20000218   COMPRESSED   0x00000004   Data   RW         3809    .data               stm32f4xx_hal.o
    0x2000021c   COMPRESSED   0x00000004   Data   RW         3924    .data               hal_tick.o
    0x20000220   COMPRESSED   0x00000004   Data   RW         4501    .data               system_stm32f4xx.o
    0x20000224   COMPRESSED   0x00000004   Data   RW         5190    .data               retarget.o
    0x20000228   COMPRESSED   0x00000044   Data   RW         5481    .data               mbed.ar(gpio_irq_api.o)
    0x2000026c   COMPRESSED   0x00000008   Data   RW         5544    .data               mbed.ar(serial_api.o)
    0x20000274   COMPRESSED   0x00000004   Data   RW         5593    .data               mbed.ar(I2C.o)
    0x20000278   COMPRESSED   0x00000008   Data   RW         5893    .data               mbed.ar(us_ticker_api.o)
    0x20000280   COMPRESSED   0x0000000c   Data   RW         5943    .data               mbed.ar(i2c_api.o)
    0x2000028c   COMPRESSED   0x00000004   Data   RW         5984    .data               mbed.ar(us_ticker.o)
    0x20000290   COMPRESSED   0x00000004   Data   RW         6031    .data               mbed.ar(FileBase.o)
    0x20000294   COMPRESSED   0x00000004   Data   RW         6470    .data               mc_w.l(stderr.o)
    0x20000298   COMPRESSED   0x00000017   Data   RW         6832    .data               cpp_ws.l(rwstdexcept.o)
    0x200002af   COMPRESSED   0x00000001   PAD
    0x200002b0   COMPRESSED   0x00000004   Data   RW         7080    .data               mc_w.l(errno.o)
    0x200002b4   COMPRESSED   0x00000004   Data   RW         7104    .data               mc_w.l(cpp_dtor.o)
    0x200002b8   COMPRESSED   0x0000000c   Data   RW         7107    .data               mc_w.l(cpp_memory.o)
    0x200002c4   COMPRESSED   0x00000008   Data   RW         7158    .data               cpp_ws.l(char.o)
    0x200002cc   COMPRESSED   0x0000001c   Data   RW         7451    .data               cpp_ws.l(locale.o)
    0x200002e8   COMPRESSED   0x00000004   Data   RW         7610    .data               cpp_ws.l(rwthrowproc_noex.o)
    0x200002ec   COMPRESSED   0x00000004   Data   RW         7672    .data               mc_w.l(mvars.o)
    0x200002f0   COMPRESSED   0x00000004   Data   RW         7673    .data               mc_w.l(mvars.o)
    0x200002f4   COMPRESSED   0x00000008   Data   RW         7699    .data               cpp_ws.l(rwcats.o)
    0x200002fc   COMPRESSED   0x00000004   Data   RW         1844    .data__ZZN10BlueNRGGap11getInstanceEvE10m_instance  bluenrgdevice.o
    0x20000300   COMPRESSED   0x00000004   Data   RW         1846    .data__ZZN17BlueNRGGattServer11getInstanceEvE10m_instance  bluenrgdevice.o
    0x20000304   COMPRESSED   0x00000001   Data   RW          106    .data__ZZN24DeviceInformationServiceC1ER9BLEDevicePKcS3_S3_S3_S3_S3_E12serviceAdded  main.o
    0x20000305   COMPRESSED   0x00000003   PAD
    0x20000308   COMPRESSED   0x00000004   Data   RW         7552    .data__ZZNKSt6locale2id7_C_initEvE9_C_id_gen  cpp_ws.l(locale.o)
    0x2000030c   COMPRESSED   0x0000000c   Data   RW         7608    .data__ZZSt13__rw_get_catsvE11__open_cats  cpp_ws.l(messages.o)
    0x20000318        -       0x00000104   Zero   RW            5    .bss                main.o
    0x2000041c        -       0x00000528   Zero   RW          653    .bss                hci.o
    0x20000944        -       0x000000cc   Zero   RW          715    .bss                bluenrg_shield_bsp.o
    0x20000a10        -       0x00000074   Zero   RW         2954    .bss                utils.o
    0x20000a84        -       0x0000003c   Zero   RW         3923    .bss                hal_tick.o
    0x20000ac0        -       0x00000040   Zero   RW         5186    .bss                retarget.o
    0x20000b00        -       0x00000214   Zero   RW         5480    .bss                mbed.ar(gpio_irq_api.o)
    0x20000d14        -       0x00000054   Zero   RW         5509    .bss                mbed.ar(spi_api.o)
    0x20000d68        -       0x00000064   Zero   RW         5542    .bss                mbed.ar(serial_api.o)
    0x20000dcc        -       0x00000038   Zero   RW         5941    .bss                mbed.ar(i2c_api.o)
    0x20000e04        -       0x0000003c   Zero   RW         5983    .bss                mbed.ar(us_ticker.o)
    0x20000e40        -       0x00000014   Zero   RW         6471    .bss                mc_w.l(stdout_f.o)
    0x20000e54        -       0x00000014   Zero   RW         6472    .bss                mc_w.l(stderr_f.o)
    0x20000e68        -       0x00000018   Zero   RW         6829    .bss                cpp_ws.l(rwstdexcept.o)
    0x20000e80        -       0x00000010   Zero   RW         7773    .bss__ZNSs9__nullrefE  cpp_ws.l(vendor.o)
    0x20000e90        -       0x00000028   Zero   RW         1845    .bss__ZZN10BlueNRGGap11getInstanceEvE10m_instance  bluenrgdevice.o
    0x20000eb8        -       0x00000080   Zero   RW         1847    .bss__ZZN17BlueNRGGattServer11getInstanceEvE10m_instance  bluenrgdevice.o
    0x20000f38        -       0x00000400   Zero   RW         5244    HEAP                startup_stm32f401xe.o


==============================================================================

Image component sizes


      Code (inc. data)   RO Data    RW Data    ZI Data      Debug   Object Name

        24          0          0          0          0      10500   bledevice.o
      4608          0          0          0          0      38971   bluenrg_hci.o
       908        116          0          1        204     150144   bluenrg_shield_bsp.o
      3690        146        176         16        168     225430   bluenrgdevice.o
      2746        772        154         24          0      58597   bluenrggap.o
      3632        422         96          0          0      67988   bluenrggattserver.o
        16          0          0          0          0        120   board.o
      1118        276          0          7          0      32695   btle.o
        22          0          4          0          0       2294   clock.o
       108          6          0          0          0        132   cmsis_nvic.o
       276          4         16          0          0       7980   gapadvertisingdata.o
       142          6         28          0          0       5624   gapadvertisingparams.o
        52          4          0          0          0      14968   gattservice.o
        84          0          0          0          0       2100   gp_timer.o
       256         46          0          4         60        252   hal_tick.o
      3778         38          0         30       1320      41178   hci.o
      1414         50          0         24          0       5120   hts221.o
       604         20          0          0          0       4080   lis3mdl.o
       178          0          0          0          0       3595   list.o
       460          6          0          0          0       4960   lps25.o
      1264         46         87          0          0       7776   lsm6ds0.o
      3052        294         86         33        260     221138   main.o
        14          0          0          0          0        128   mbed_overrides.o
        40          0          0          0          0       1778   osal.o
       476         48         44          4         64        884   retarget.o
        36          8        404          0       1024        276   startup_stm32f401xe.o
        82         16          0          4          0        472   stm32f4xx_hal.o
        36          6          0          0          0        116   stm32f4xx_hal_cortex.o
       584         24          0          0          0        140   stm32f4xx_hal_gpio.o
       254          8          0          0          0        240   stm32f4xx_hal_i2c.o
      1796         92         16          0          0        656   stm32f4xx_hal_rcc.o
       134          0          0          0          0        240   stm32f4xx_hal_spi.o
       254         16          0          0          0        488   stm32f4xx_hal_tim.o
       632         14          0          0          0        372   stm32f4xx_hal_uart.o
       512         74         16          4          0        400   system_stm32f4xx.o
       964        142          4          0        116       6858   utils.o
       144          4         16          0          0       4736   uuid.o
       200         12          0          4          0       9128   x_cube_mems.o

    ----------------------------------------------------------------------
     34604       2716       1184        160       3216     932554   Object Totals
         0          0         32          0          0          0   (incl. Generated)
        14          0          5          5          0          0   (incl. Padding)

    ----------------------------------------------------------------------

      Code (inc. data)   RO Data    RW Data    ZI Data      Debug   Library Member Name

      1824         74        622          8          0       1552   char.o
      1502         80          5         32          0       1760   locale.o
       482         34          0         12          0        784   messages.o
        36          0          0          0          0        144   rwalloc.o
       184         24          4          8          0        400   rwcats.o
      1000         68        792         23         24       1220   rwstdexcept.o
       152         94          0          0          0         72   rwthrowproc_impl_noex.o
         0          0          0          4          0          0   rwthrowproc_noex.o
         0          0          0          0         16          0   vendor.o
        28          0          0          0          0         84   ARM_vec_cleanup_noexceptions.o
        36          0          0          0          0         84   aeabi_vec_ctor_nocookie_nodtor.o
        14          0          0          0          0         80   aeabi_vec_delete_noexceptions.o
        16          0          0          0          0         68   aeabi_vec_dtor_cookie.o
        34          0          0          0          0         84   aeabi_vec_dtor_noexceptions.o
        20          0          0          0          0         80   aeabi_vec_new_cookie.o
        22          0          0          0          0         80   aeabi_vec_new_nocookie.o
        80         12          0          0          0        104   arm_exceptions_globs.o
        60          0          0          0          0        108   arm_exceptions_mem.o
        26          0          0          0          0         76   arm_exceptions_terminate.o
         4          0          0          0          0         68   arm_newhandler_noexceptions.o
         2          0          0          0          0         68   arm_rethrow_noexceptions.o
         8          0          0          0          0         76   array_del.o
         8          0          0          0          0         76   array_new.o
       146          0          0          0          0         96   array_new_general.o
        16          0          0          0          0         68   cxa_guard_acquire.o
        24          6          0          0          0         84   cxa_vec_new.o
         8          0          0          0          0         76   delete.o
        12          6          0          0          0         68   exception_ctor.o
         0          0         20          0          0          0   exception_dtor.o
        40          6          0          0          0         76   new.o
         6          0          0          0          0         68   pure_virt.o
       164         44          0          0          0        620   dunder.o
        24          0          0          0          0        124   fabs.o
        48          0          0          0          0        124   fpclassify.o
       248          0          0          0          0        152   poly.o
      3152        296        136          0          0        352   pow.o
         0          0          8          0          0          0   qnan.o
       110          0          0          0          0        148   sqrt.o
       152         24         16          4          0        476   FileBase.o
        54         10         60          0          0        252   FileLike.o
       154          0          0          0          0        728   FilePath.o
        42          0          0          0          0        348   FunctionPointer.o
       180         16          0          4          0        396   I2C.o
         0          0        552          0          0          0   PeripheralPins.o
        54          4         92          0          0        364   Serial.o
       118         12         16          0          0        484   SerialBase.o
       180         18         68          0          0        760   Stream.o
       114          6         20          0          0        392   Ticker.o
        84         12         20          0          0        604   TimerEvent.o
        80         56          0          0          0        128   assert.o
        24          4          0          0          0        128   error.o
        32          8          0          0          0        120   exit.o
       106          4        115          0          0        272   gpio.o
       148         28        116          0          0        388   gpio_api.o
       694        110          0         68        532       1452   gpio_irq_api.o
      1160         92        124         12         56        604   i2c_api.o
       312         94        180          0          0        388   pinmap.o
       236         78          0          0          0        384   pinmap_common.o
        16          0          0          0          0        124   rtc_time.o
       420         80         96          8        100        368   serial_api.o
       424         60         93          0         84        396   spi_api.o
       144         46          0          4         60        588   us_ticker.o
       224         22          0          8          0        512   us_ticker_api.o
        92          4          0          0          0        384   wait_api.o
        56          8          0          0          0         84   __0sscanf.o
        86          0          0          0          0          0   __dczerorl2.o
        28          0          0          0          0         68   _chval.o
       812          4          0          0          0        112   _scanf.o
       332          0          0          0          0         96   _scanf_int.o
       342          0          0          0          0        100   _scanf_longlong.o
       224          0          0          0          0         96   _scanf_str.o
        64          0          0          0          0         84   _sgetc.o
        46          0          0          0          0         84   aeabi_atexit.o
         8          4          0          4          0         68   cpp_dtor.o
         2          0          0          0          0         68   cpp_final.o
        32         10          0          0          0         80   cpp_init.o
        20          4          0         12          0        136   cpp_memory.o
         2          0          0          0          0         68   cpp_signal.o
         8          4        133          0          0         68   ctype_o.o
        66          0          0          0          0         84   cxa_finalize.o
         0          0          0          0          0          0   entry.o
         0          0          0          0          0          0   entry10a.o
         4          0          0          0          0          0   entry10b.o
         0          0          0          0          0          0   entry11a.o
         8          4          0          0          0          0   entry2.o
         4          0          0          0          0          0   entry5.o
         4          0          0          0          0          0   entry6b.o
         0          0          0          0          0          0   entry7b.o
         4          0          0          0          0          0   entry8a.o
         0          0          0          0          0          0   entry8b.o
         8          4          0          0          0          0   entry9a.o
        12          6          0          4          0         68   errno.o
        30          0          0          0          0         76   fclose_f.o
        24          0          0          0          0         76   fflush_f.o
       146          0          0          0          0        160   fopen_f.o
        40          0          0          0          0         80   fputc_fp.o
        30          0          0          0          0          0   handlers.o
        36          8          0          0          0         68   init.o
        32         12          0          0          0         72   initio_oe.o
        18          0          0          0          0         76   isspace_o.o
         0          0          0          0          0          0   iusefp.o
        30          0          0          0          0         68   llshl.o
        36          0          0          0          0         68   llsshr.o
        32          0          0          0          0         68   llushr.o
       188         20          0          0          0        160   malloc.o
        40          0          0          0          0         76   memcpy.o
        36          0          0          0          0         68   memcpya.o
        66          0          0          0          0         76   memmove.o
        64          0          0          0          0         76   memmovea.o
        36          0          0          0          0        108   memseta.o
         0          0          0          8          0          0   mvars.o
      2426        110          0          0          0        916   printfa.o
        40          8          0          0          0         84   scanf_char.o
       878         12          0          0          0        216   scanf_fp.o
        56          8          0          0          0         84   sscanf.o
         0          0          0          4          0          0   stderr.o
         0          0          0          0         20          0   stderr_f.o
         0          0          0          0         20          0   stdout_f.o
        24          0          0          0          0         68   strcat.o
        28          0          0          0          0         76   strcmp.o
        18          0          0          0          0         68   strcpy.o
        14          0          0          0          0         68   strlen.o
        30          0          0          0          0         80   strncmp.o
        32          0          0          0          0         68   strrchr.o
        44          0          0          0          0         80   uidiv.o
        98          0          0          0          0         92   uldiv.o
        48          0          0          0          0         68   cdcmple.o
        48          0          0          0          0         68   cdrcmple.o
        56          0          0          0          0         88   d2f.o
       334          0          0          0          0        148   dadd.o
       222          0          0          0          0        100   ddiv.o
       186          0          0          0          0        176   depilogue.o
        62          0          0          0          0         80   dfixi.o
        50          0          0          0          0         76   dfixui.o
        48          0          0          0          0         68   dfixul.o
        34          0          0          0          0         76   dflti.o
        24          0          0          0          0         76   dfltul.o
       228          0          0          0          0         96   dmul.o
        46          0          0          0          0         80   dscalb.o
       162          0          0          0          0        100   dsqrt.o
        38          0          0          0          0         68   f2d.o
       110          0          0          0          0        168   fepilogue.o
        44          0          0          0          0         68   ffixul.o

    ----------------------------------------------------------------------
     23312       1762       3304        228        912      26408   Library Totals
        48          4         16          1          0          0   (incl. Padding)

    ----------------------------------------------------------------------

      Code (inc. data)   RO Data    RW Data    ZI Data      Debug   Library Name

      5180        374       1423         87         40       5932   cpp_ws.l
       610         30         20          0          0       1672   cpprt_w.l
      3746        340        144          0          0       1520   m_wm.l
      5244        788       1568        108        832      11040   mbed.ar
      6744        226        133         32         40       4640   mc_w.l
      1740          0          0          0          0       1604   mf_w.l

    ----------------------------------------------------------------------
     23312       1762       3304        228        912      26408   Library Totals

    ----------------------------------------------------------------------

==============================================================================


      Code (inc. data)   RO Data    RW Data    ZI Data      Debug   

     57916       4478       4488        388       4128     927414   Grand Totals
     57916       4478       4488         56       4128     927414   ELF Image Totals (compressed)
     57916       4478       4488         56          0          0   ROM Totals

==============================================================================

    Total RO  Size (Code + RO Data)                62404 (  60.94kB)
    Total RW  Size (RW Data + ZI Data)              4516 (   4.41kB)
    Total ROM Size (Code + RO Data + RW Data)      62460 (  61.00kB)

==============================================================================

